Simulator report for Verilog
Sun Feb 21 17:41:42 2021
Quartus II Version 9.1 Build 350 03/24/2010 Service Pack 2 SJ Web Edition


---------------------
; Table of Contents ;
---------------------
  1. Legal Notice
  2. Simulator Summary
  3. Simulator Settings
  4. Simulation Waveforms
  5. Coverage Summary
  6. Complete 1/0-Value Coverage
  7. Missing 1-Value Coverage
  8. Missing 0-Value Coverage
  9. Simulator INI Usage
 10. Simulator Messages



----------------
; Legal Notice ;
----------------
Copyright (C) 1991-2010 Altera Corporation
Your use of Altera Corporation's design tools, logic functions 
and other software and tools, and its AMPP partner logic 
functions, and any output files from any of the foregoing 
(including device programming or simulation files), and any 
associated documentation or information are expressly subject 
to the terms and conditions of the Altera Program License 
Subscription Agreement, Altera MegaCore Function License 
Agreement, or other applicable license agreement, including, 
without limitation, that your use is for the sole purpose of 
programming logic devices manufactured by Altera and sold by 
Altera or its authorized distributors.  Please refer to the 
applicable agreement for further details.



+--------------------------------------------+
; Simulator Summary                          ;
+-----------------------------+--------------+
; Type                        ; Value        ;
+-----------------------------+--------------+
; Simulation Start Time       ; 0 ps         ;
; Simulation End Time         ; 1.57 ms      ;
; Simulation Netlist Size     ; 233 nodes    ;
; Simulation Coverage         ;      68.20 % ;
; Total Number of Transitions ; 3009         ;
; Simulation Breakpoints      ; 0            ;
; Family                      ; Cyclone II   ;
; Device                      ; EP2C5T144C6  ;
+-----------------------------+--------------+


+-----------------------------------------------------------------------------------------------------------------------------------------------------------+
; Simulator Settings                                                                                                                                        ;
+--------------------------------------------------------------------------------------------+----------------------------------------------+---------------+
; Option                                                                                     ; Setting                                      ; Default Value ;
+--------------------------------------------------------------------------------------------+----------------------------------------------+---------------+
; Simulation mode                                                                            ; Timing                                       ; Timing        ;
; Start time                                                                                 ; 0 ns                                         ; 0 ns          ;
; Simulation results format                                                                  ; CVWF                                         ;               ;
; Vector input source                                                                        ; Waveforms/StallControlTestPipelineModule.vwf ;               ;
; Add pins automatically to simulation output waveforms                                      ; On                                           ; On            ;
; Check outputs                                                                              ; Off                                          ; Off           ;
; Report simulation coverage                                                                 ; On                                           ; On            ;
; Display complete 1/0 value coverage report                                                 ; On                                           ; On            ;
; Display missing 1-value coverage report                                                    ; On                                           ; On            ;
; Display missing 0-value coverage report                                                    ; On                                           ; On            ;
; Detect setup and hold time violations                                                      ; Off                                          ; Off           ;
; Detect glitches                                                                            ; Off                                          ; Off           ;
; Disable timing delays in Timing Simulation                                                 ; Off                                          ; Off           ;
; Generate Signal Activity File                                                              ; Off                                          ; Off           ;
; Generate VCD File for PowerPlay Power Analyzer                                             ; Off                                          ; Off           ;
; Group bus channels in simulation results                                                   ; Off                                          ; Off           ;
; Preserve fewer signal transitions to reduce memory requirements                            ; On                                           ; On            ;
; Trigger vector comparison with the specified mode                                          ; INPUT_EDGE                                   ; INPUT_EDGE    ;
; Disable setup and hold time violations detection in input registers of bi-directional pins ; Off                                          ; Off           ;
; Overwrite Waveform Inputs With Simulation Outputs                                          ; On                                           ;               ;
; Perform Glitch Filtering in Timing Simulation                                              ; Auto                                         ; Auto          ;
+--------------------------------------------------------------------------------------------+----------------------------------------------+---------------+


+----------------------+
; Simulation Waveforms ;
+----------------------+
Waveform report data cannot be output to ASCII.
Please use Quartus II to view the waveform report data.


+--------------------------------------------------------------------+
; Coverage Summary                                                   ;
+-----------------------------------------------------+--------------+
; Type                                                ; Value        ;
+-----------------------------------------------------+--------------+
; Total coverage as a percentage                      ;      68.20 % ;
; Total nodes checked                                 ; 233          ;
; Total output ports checked                          ; 261          ;
; Total output ports with complete 1/0-value coverage ; 178          ;
; Total output ports with no 1/0-value coverage       ; 62           ;
; Total output ports with no 1-value coverage         ; 63           ;
; Total output ports with no 0-value coverage         ; 82           ;
+-----------------------------------------------------+--------------+


The following table displays output ports that toggle between 1 and 0 during simulation.
+----------------------------------------------------------------------------------------------------------------------------------------------------------------------------------------------------------------+
; Complete 1/0-Value Coverage                                                                                                                                                                                    ;
+----------------------------------------------------------------------------------------------+----------------------------------------------------------------------------------------------+------------------+
; Node Name                                                                                    ; Output Port Name                                                                             ; Output Port Type ;
+----------------------------------------------------------------------------------------------+----------------------------------------------------------------------------------------------+------------------+
; |StallControlTestPipelineModule_TopLevel|Pipeline_stage3_State_stage3Counter[0]              ; |StallControlTestPipelineModule_TopLevel|Pipeline_stage3_State_stage3Counter[0]              ; regout           ;
; |StallControlTestPipelineModule_TopLevel|Pipeline_stage3_State_stage3Counter[1]              ; |StallControlTestPipelineModule_TopLevel|Pipeline_stage3_State_stage3Counter[1]              ; regout           ;
; |StallControlTestPipelineModule_TopLevel|Pipeline_stage3_State_stage3Counter[2]              ; |StallControlTestPipelineModule_TopLevel|Pipeline_stage3_State_stage3Counter[2]              ; regout           ;
; |StallControlTestPipelineModule_TopLevel|Pipeline_stage3_State_stage3Counter[3]              ; |StallControlTestPipelineModule_TopLevel|Pipeline_stage3_State_stage3Counter[3]              ; regout           ;
; |StallControlTestPipelineModule_TopLevel|Pipeline_stage3_State_stage3Counter[4]              ; |StallControlTestPipelineModule_TopLevel|Pipeline_stage3_State_stage3Counter[4]              ; regout           ;
; |StallControlTestPipelineModule_TopLevel|Pipeline_stage2_State_stage2Counter[0]              ; |StallControlTestPipelineModule_TopLevel|Pipeline_stage2_State_stage2Counter[0]              ; regout           ;
; |StallControlTestPipelineModule_TopLevel|Pipeline_stage2_State_stage2Counter[1]              ; |StallControlTestPipelineModule_TopLevel|Pipeline_stage2_State_stage2Counter[1]              ; regout           ;
; |StallControlTestPipelineModule_TopLevel|Pipeline_stage2_State_stage2Counter[2]              ; |StallControlTestPipelineModule_TopLevel|Pipeline_stage2_State_stage2Counter[2]              ; regout           ;
; |StallControlTestPipelineModule_TopLevel|Pipeline_stage2_State_stage2Counter[3]              ; |StallControlTestPipelineModule_TopLevel|Pipeline_stage2_State_stage2Counter[3]              ; regout           ;
; |StallControlTestPipelineModule_TopLevel|Pipeline_stage2_State_stage2Counter[4]              ; |StallControlTestPipelineModule_TopLevel|Pipeline_stage2_State_stage2Counter[4]              ; regout           ;
; |StallControlTestPipelineModule_TopLevel|Pipeline_stage3_State_stage3Counter[0]~8            ; |StallControlTestPipelineModule_TopLevel|Pipeline_stage3_State_stage3Counter[0]~8            ; combout          ;
; |StallControlTestPipelineModule_TopLevel|Pipeline_stage3_State_stage3Counter[0]~8            ; |StallControlTestPipelineModule_TopLevel|Pipeline_stage3_State_stage3Counter[0]~9            ; cout             ;
; |StallControlTestPipelineModule_TopLevel|Pipeline_stage3_State_stage3Counter[1]~10           ; |StallControlTestPipelineModule_TopLevel|Pipeline_stage3_State_stage3Counter[1]~10           ; combout          ;
; |StallControlTestPipelineModule_TopLevel|Pipeline_stage3_State_stage3Counter[1]~10           ; |StallControlTestPipelineModule_TopLevel|Pipeline_stage3_State_stage3Counter[1]~11           ; cout             ;
; |StallControlTestPipelineModule_TopLevel|Pipeline_stage3_State_stage3Counter[2]~12           ; |StallControlTestPipelineModule_TopLevel|Pipeline_stage3_State_stage3Counter[2]~12           ; combout          ;
; |StallControlTestPipelineModule_TopLevel|Pipeline_stage3_State_stage3Counter[2]~12           ; |StallControlTestPipelineModule_TopLevel|Pipeline_stage3_State_stage3Counter[2]~13           ; cout             ;
; |StallControlTestPipelineModule_TopLevel|Pipeline_stage3_State_stage3Counter[3]~14           ; |StallControlTestPipelineModule_TopLevel|Pipeline_stage3_State_stage3Counter[3]~14           ; combout          ;
; |StallControlTestPipelineModule_TopLevel|Pipeline_stage3_State_stage3Counter[3]~14           ; |StallControlTestPipelineModule_TopLevel|Pipeline_stage3_State_stage3Counter[3]~15           ; cout             ;
; |StallControlTestPipelineModule_TopLevel|Pipeline_stage3_State_stage3Counter[4]~16           ; |StallControlTestPipelineModule_TopLevel|Pipeline_stage3_State_stage3Counter[4]~16           ; combout          ;
; |StallControlTestPipelineModule_TopLevel|Pipeline_stage3_State_stage3Counter[4]~16           ; |StallControlTestPipelineModule_TopLevel|Pipeline_stage3_State_stage3Counter[4]~17           ; cout             ;
; |StallControlTestPipelineModule_TopLevel|Pipeline_stage3_State_stage3Counter[5]~18           ; |StallControlTestPipelineModule_TopLevel|Pipeline_stage3_State_stage3Counter[5]~18           ; combout          ;
; |StallControlTestPipelineModule_TopLevel|Pipeline_stage3_State_stage3Counter[5]~18           ; |StallControlTestPipelineModule_TopLevel|Pipeline_stage3_State_stage3Counter[5]~19           ; cout             ;
; |StallControlTestPipelineModule_TopLevel|Pipeline_stage3_State_stage3Counter[6]~20           ; |StallControlTestPipelineModule_TopLevel|Pipeline_stage3_State_stage3Counter[6]~20           ; combout          ;
; |StallControlTestPipelineModule_TopLevel|Pipeline_stage1_State_stage1Counter[0]              ; |StallControlTestPipelineModule_TopLevel|Pipeline_stage1_State_stage1Counter[0]              ; regout           ;
; |StallControlTestPipelineModule_TopLevel|Pipeline_stage1_State_stage1Counter[1]              ; |StallControlTestPipelineModule_TopLevel|Pipeline_stage1_State_stage1Counter[1]              ; regout           ;
; |StallControlTestPipelineModule_TopLevel|Pipeline_stage1_State_stage1Counter[2]              ; |StallControlTestPipelineModule_TopLevel|Pipeline_stage1_State_stage1Counter[2]              ; regout           ;
; |StallControlTestPipelineModule_TopLevel|Pipeline_stage1_State_stage1Counter[3]              ; |StallControlTestPipelineModule_TopLevel|Pipeline_stage1_State_stage1Counter[3]              ; regout           ;
; |StallControlTestPipelineModule_TopLevel|Pipeline_stage1_State_stage1Counter[4]              ; |StallControlTestPipelineModule_TopLevel|Pipeline_stage1_State_stage1Counter[4]              ; regout           ;
; |StallControlTestPipelineModule_TopLevel|Pipeline_stage2_State_stage2Counter[0]~8            ; |StallControlTestPipelineModule_TopLevel|Pipeline_stage2_State_stage2Counter[0]~8            ; combout          ;
; |StallControlTestPipelineModule_TopLevel|Pipeline_stage2_State_stage2Counter[0]~8            ; |StallControlTestPipelineModule_TopLevel|Pipeline_stage2_State_stage2Counter[0]~9            ; cout             ;
; |StallControlTestPipelineModule_TopLevel|Pipeline_stage2_State_stage2Counter[1]~10           ; |StallControlTestPipelineModule_TopLevel|Pipeline_stage2_State_stage2Counter[1]~10           ; combout          ;
; |StallControlTestPipelineModule_TopLevel|Pipeline_stage2_State_stage2Counter[1]~10           ; |StallControlTestPipelineModule_TopLevel|Pipeline_stage2_State_stage2Counter[1]~11           ; cout             ;
; |StallControlTestPipelineModule_TopLevel|Pipeline_stage2_State_stage2Counter[2]~12           ; |StallControlTestPipelineModule_TopLevel|Pipeline_stage2_State_stage2Counter[2]~12           ; combout          ;
; |StallControlTestPipelineModule_TopLevel|Pipeline_stage2_State_stage2Counter[2]~12           ; |StallControlTestPipelineModule_TopLevel|Pipeline_stage2_State_stage2Counter[2]~13           ; cout             ;
; |StallControlTestPipelineModule_TopLevel|Pipeline_stage2_State_stage2Counter[3]~14           ; |StallControlTestPipelineModule_TopLevel|Pipeline_stage2_State_stage2Counter[3]~14           ; combout          ;
; |StallControlTestPipelineModule_TopLevel|Pipeline_stage2_State_stage2Counter[3]~14           ; |StallControlTestPipelineModule_TopLevel|Pipeline_stage2_State_stage2Counter[3]~15           ; cout             ;
; |StallControlTestPipelineModule_TopLevel|Pipeline_stage2_State_stage2Counter[4]~16           ; |StallControlTestPipelineModule_TopLevel|Pipeline_stage2_State_stage2Counter[4]~16           ; combout          ;
; |StallControlTestPipelineModule_TopLevel|Pipeline_stage2_State_stage2Counter[4]~16           ; |StallControlTestPipelineModule_TopLevel|Pipeline_stage2_State_stage2Counter[4]~17           ; cout             ;
; |StallControlTestPipelineModule_TopLevel|Pipeline_stage2_State_stage2Counter[5]~18           ; |StallControlTestPipelineModule_TopLevel|Pipeline_stage2_State_stage2Counter[5]~18           ; combout          ;
; |StallControlTestPipelineModule_TopLevel|Pipeline_stage0_State_stage0Counter[0]              ; |StallControlTestPipelineModule_TopLevel|Pipeline_stage0_State_stage0Counter[0]              ; regout           ;
; |StallControlTestPipelineModule_TopLevel|Pipeline_stage0_State_stage0Counter[1]              ; |StallControlTestPipelineModule_TopLevel|Pipeline_stage0_State_stage0Counter[1]              ; regout           ;
; |StallControlTestPipelineModule_TopLevel|Pipeline_stage0_State_stage0Counter[2]              ; |StallControlTestPipelineModule_TopLevel|Pipeline_stage0_State_stage0Counter[2]              ; regout           ;
; |StallControlTestPipelineModule_TopLevel|Pipeline_stage0_State_stage0Counter[3]              ; |StallControlTestPipelineModule_TopLevel|Pipeline_stage0_State_stage0Counter[3]              ; regout           ;
; |StallControlTestPipelineModule_TopLevel|Pipeline_stage1_State_stage1Counter[0]~8            ; |StallControlTestPipelineModule_TopLevel|Pipeline_stage1_State_stage1Counter[0]~8            ; combout          ;
; |StallControlTestPipelineModule_TopLevel|Pipeline_stage1_State_stage1Counter[0]~8            ; |StallControlTestPipelineModule_TopLevel|Pipeline_stage1_State_stage1Counter[0]~9            ; cout             ;
; |StallControlTestPipelineModule_TopLevel|Pipeline_stage1_State_stage1Counter[1]~10           ; |StallControlTestPipelineModule_TopLevel|Pipeline_stage1_State_stage1Counter[1]~10           ; combout          ;
; |StallControlTestPipelineModule_TopLevel|Pipeline_stage1_State_stage1Counter[1]~10           ; |StallControlTestPipelineModule_TopLevel|Pipeline_stage1_State_stage1Counter[1]~11           ; cout             ;
; |StallControlTestPipelineModule_TopLevel|Pipeline_stage1_State_stage1Counter[2]~12           ; |StallControlTestPipelineModule_TopLevel|Pipeline_stage1_State_stage1Counter[2]~12           ; combout          ;
; |StallControlTestPipelineModule_TopLevel|Pipeline_stage1_State_stage1Counter[2]~12           ; |StallControlTestPipelineModule_TopLevel|Pipeline_stage1_State_stage1Counter[2]~13           ; cout             ;
; |StallControlTestPipelineModule_TopLevel|Pipeline_stage1_State_stage1Counter[3]~14           ; |StallControlTestPipelineModule_TopLevel|Pipeline_stage1_State_stage1Counter[3]~14           ; combout          ;
; |StallControlTestPipelineModule_TopLevel|Pipeline_stage1_State_stage1Counter[3]~14           ; |StallControlTestPipelineModule_TopLevel|Pipeline_stage1_State_stage1Counter[3]~15           ; cout             ;
; |StallControlTestPipelineModule_TopLevel|Pipeline_stage1_State_stage1Counter[4]~16           ; |StallControlTestPipelineModule_TopLevel|Pipeline_stage1_State_stage1Counter[4]~16           ; combout          ;
; |StallControlTestPipelineModule_TopLevel|Pipeline_stage1_State_stage1Counter[4]~16           ; |StallControlTestPipelineModule_TopLevel|Pipeline_stage1_State_stage1Counter[4]~17           ; cout             ;
; |StallControlTestPipelineModule_TopLevel|Pipeline_stage1_State_stage1Counter[5]~18           ; |StallControlTestPipelineModule_TopLevel|Pipeline_stage1_State_stage1Counter[5]~18           ; combout          ;
; |StallControlTestPipelineModule_TopLevel|Pipeline_stage1_State_stage1Counter[5]~18           ; |StallControlTestPipelineModule_TopLevel|Pipeline_stage1_State_stage1Counter[5]~19           ; cout             ;
; |StallControlTestPipelineModule_TopLevel|Pipeline_stage1_State_stage1Counter[6]~20           ; |StallControlTestPipelineModule_TopLevel|Pipeline_stage1_State_stage1Counter[6]~20           ; combout          ;
; |StallControlTestPipelineModule_TopLevel|Pipeline_stage0_State_stage0Counter[0]~8            ; |StallControlTestPipelineModule_TopLevel|Pipeline_stage0_State_stage0Counter[0]~8            ; combout          ;
; |StallControlTestPipelineModule_TopLevel|Pipeline_stage0_State_stage0Counter[0]~8            ; |StallControlTestPipelineModule_TopLevel|Pipeline_stage0_State_stage0Counter[0]~9            ; cout             ;
; |StallControlTestPipelineModule_TopLevel|Pipeline_stage0_State_stage0Counter[1]~10           ; |StallControlTestPipelineModule_TopLevel|Pipeline_stage0_State_stage0Counter[1]~10           ; combout          ;
; |StallControlTestPipelineModule_TopLevel|Pipeline_stage0_State_stage0Counter[1]~10           ; |StallControlTestPipelineModule_TopLevel|Pipeline_stage0_State_stage0Counter[1]~11           ; cout             ;
; |StallControlTestPipelineModule_TopLevel|Pipeline_stage0_State_stage0Counter[2]~12           ; |StallControlTestPipelineModule_TopLevel|Pipeline_stage0_State_stage0Counter[2]~12           ; combout          ;
; |StallControlTestPipelineModule_TopLevel|Pipeline_stage0_State_stage0Counter[2]~12           ; |StallControlTestPipelineModule_TopLevel|Pipeline_stage0_State_stage0Counter[2]~13           ; cout             ;
; |StallControlTestPipelineModule_TopLevel|Pipeline_stage0_State_stage0Counter[3]~14           ; |StallControlTestPipelineModule_TopLevel|Pipeline_stage0_State_stage0Counter[3]~14           ; combout          ;
; |StallControlTestPipelineModule_TopLevel|Pipeline_stage0_State_stage0Counter[3]~14           ; |StallControlTestPipelineModule_TopLevel|Pipeline_stage0_State_stage0Counter[3]~15           ; cout             ;
; |StallControlTestPipelineModule_TopLevel|Pipeline_stage0_State_stage0Counter[4]~16           ; |StallControlTestPipelineModule_TopLevel|Pipeline_stage0_State_stage0Counter[4]~16           ; combout          ;
; |StallControlTestPipelineModule_TopLevel|Pipeline_stage0_State_stage0Counter[4]~16           ; |StallControlTestPipelineModule_TopLevel|Pipeline_stage0_State_stage0Counter[4]~17           ; cout             ;
; |StallControlTestPipelineModule_TopLevel|Pipeline_stage0_State_stage0Counter[5]~18           ; |StallControlTestPipelineModule_TopLevel|Pipeline_stage0_State_stage0Counter[5]~18           ; combout          ;
; |StallControlTestPipelineModule_TopLevel|Pipeline_PipelinePreview_PipelineWillStall_Source~0 ; |StallControlTestPipelineModule_TopLevel|Pipeline_PipelinePreview_PipelineWillStall_Source~0 ; combout          ;
; |StallControlTestPipelineModule_TopLevel|Pipeline_PipelinePreview_PipelineWillStall_Source~1 ; |StallControlTestPipelineModule_TopLevel|Pipeline_PipelinePreview_PipelineWillStall_Source~1 ; combout          ;
; |StallControlTestPipelineModule_TopLevel|Pipeline_PipelineControl_PipelineStalled            ; |StallControlTestPipelineModule_TopLevel|Pipeline_PipelineControl_PipelineStalled            ; regout           ;
; |StallControlTestPipelineModule_TopLevel|Pipeline_stage0_Preview_StageWillStall_Source~0     ; |StallControlTestPipelineModule_TopLevel|Pipeline_stage0_Preview_StageWillStall_Source~0     ; combout          ;
; |StallControlTestPipelineModule_TopLevel|Pipeline_stage0_Preview_StageWillStall_Source~1     ; |StallControlTestPipelineModule_TopLevel|Pipeline_stage0_Preview_StageWillStall_Source~1     ; combout          ;
; |StallControlTestPipelineModule_TopLevel|Pipeline_stage0_Control_StageStalled                ; |StallControlTestPipelineModule_TopLevel|Pipeline_stage0_Control_StageStalled                ; regout           ;
; |StallControlTestPipelineModule_TopLevel|Pipeline_stage1_Preview_StageWillStall_Source~0     ; |StallControlTestPipelineModule_TopLevel|Pipeline_stage1_Preview_StageWillStall_Source~0     ; combout          ;
; |StallControlTestPipelineModule_TopLevel|Pipeline_stage2_Preview_StageWillStall_Source~0     ; |StallControlTestPipelineModule_TopLevel|Pipeline_stage2_Preview_StageWillStall_Source~0     ; combout          ;
; |StallControlTestPipelineModule_TopLevel|Pipeline_stage1_Preview_StageWillStall_Source~1     ; |StallControlTestPipelineModule_TopLevel|Pipeline_stage1_Preview_StageWillStall_Source~1     ; combout          ;
; |StallControlTestPipelineModule_TopLevel|Pipeline_stage1_Control_StageStalled                ; |StallControlTestPipelineModule_TopLevel|Pipeline_stage1_Control_StageStalled                ; regout           ;
; |StallControlTestPipelineModule_TopLevel|Pipeline_stage2_Preview_StageWillStall_Source~1     ; |StallControlTestPipelineModule_TopLevel|Pipeline_stage2_Preview_StageWillStall_Source~1     ; combout          ;
; |StallControlTestPipelineModule_TopLevel|Pipeline_stage2_Control_StageStalled                ; |StallControlTestPipelineModule_TopLevel|Pipeline_stage2_Control_StageStalled                ; regout           ;
; |StallControlTestPipelineModule_TopLevel|Pipeline_stage3_Control_StageStalled                ; |StallControlTestPipelineModule_TopLevel|Pipeline_stage3_Control_StageStalled                ; regout           ;
; |StallControlTestPipelineModule_TopLevel|Pipeline_stage3_State_stage0Counter[0]              ; |StallControlTestPipelineModule_TopLevel|Pipeline_stage3_State_stage0Counter[0]              ; regout           ;
; |StallControlTestPipelineModule_TopLevel|Pipeline_stage3_State_stage0Counter[1]              ; |StallControlTestPipelineModule_TopLevel|Pipeline_stage3_State_stage0Counter[1]              ; regout           ;
; |StallControlTestPipelineModule_TopLevel|Pipeline_stage3_State_stage0Counter[2]              ; |StallControlTestPipelineModule_TopLevel|Pipeline_stage3_State_stage0Counter[2]              ; regout           ;
; |StallControlTestPipelineModule_TopLevel|Pipeline_stage3_State_stage0Counter[3]              ; |StallControlTestPipelineModule_TopLevel|Pipeline_stage3_State_stage0Counter[3]              ; regout           ;
; |StallControlTestPipelineModule_TopLevel|Pipeline_stage3_State_stage1Counter[0]              ; |StallControlTestPipelineModule_TopLevel|Pipeline_stage3_State_stage1Counter[0]              ; regout           ;
; |StallControlTestPipelineModule_TopLevel|Pipeline_stage3_State_stage1Counter[1]              ; |StallControlTestPipelineModule_TopLevel|Pipeline_stage3_State_stage1Counter[1]              ; regout           ;
; |StallControlTestPipelineModule_TopLevel|Pipeline_stage3_State_stage1Counter[2]              ; |StallControlTestPipelineModule_TopLevel|Pipeline_stage3_State_stage1Counter[2]              ; regout           ;
; |StallControlTestPipelineModule_TopLevel|Pipeline_stage3_State_stage1Counter[3]              ; |StallControlTestPipelineModule_TopLevel|Pipeline_stage3_State_stage1Counter[3]              ; regout           ;
; |StallControlTestPipelineModule_TopLevel|Pipeline_stage3_State_stage2Counter[0]              ; |StallControlTestPipelineModule_TopLevel|Pipeline_stage3_State_stage2Counter[0]              ; regout           ;
; |StallControlTestPipelineModule_TopLevel|Pipeline_stage3_State_stage2Counter[1]              ; |StallControlTestPipelineModule_TopLevel|Pipeline_stage3_State_stage2Counter[1]              ; regout           ;
; |StallControlTestPipelineModule_TopLevel|Pipeline_stage3_State_stage2Counter[2]              ; |StallControlTestPipelineModule_TopLevel|Pipeline_stage3_State_stage2Counter[2]              ; regout           ;
; |StallControlTestPipelineModule_TopLevel|Pipeline_stage3_State_stage2Counter[3]              ; |StallControlTestPipelineModule_TopLevel|Pipeline_stage3_State_stage2Counter[3]              ; regout           ;
; |StallControlTestPipelineModule_TopLevel|Pipeline_stage3_State_stage2Counter[4]              ; |StallControlTestPipelineModule_TopLevel|Pipeline_stage3_State_stage2Counter[4]              ; regout           ;
; |StallControlTestPipelineModule_TopLevel|Pipeline_PipelineControl_PipelineStalled~0          ; |StallControlTestPipelineModule_TopLevel|Pipeline_PipelineControl_PipelineStalled~0          ; combout          ;
; |StallControlTestPipelineModule_TopLevel|Pipeline_stage0_Control_StageStalled~0              ; |StallControlTestPipelineModule_TopLevel|Pipeline_stage0_Control_StageStalled~0              ; combout          ;
; |StallControlTestPipelineModule_TopLevel|Pipeline_stage0_Control_StageStalled~1              ; |StallControlTestPipelineModule_TopLevel|Pipeline_stage0_Control_StageStalled~1              ; combout          ;
; |StallControlTestPipelineModule_TopLevel|Pipeline_stage1_Control_StageStalled~0              ; |StallControlTestPipelineModule_TopLevel|Pipeline_stage1_Control_StageStalled~0              ; combout          ;
; |StallControlTestPipelineModule_TopLevel|Pipeline_stage2_Control_StageStalled~0              ; |StallControlTestPipelineModule_TopLevel|Pipeline_stage2_Control_StageStalled~0              ; combout          ;
; |StallControlTestPipelineModule_TopLevel|Pipeline_stage2_State_stage0Counter[0]              ; |StallControlTestPipelineModule_TopLevel|Pipeline_stage2_State_stage0Counter[0]              ; regout           ;
; |StallControlTestPipelineModule_TopLevel|Pipeline_stage3_State_stage0Counter~0               ; |StallControlTestPipelineModule_TopLevel|Pipeline_stage3_State_stage0Counter~0               ; combout          ;
; |StallControlTestPipelineModule_TopLevel|Pipeline_stage2_State_stage0Counter[1]              ; |StallControlTestPipelineModule_TopLevel|Pipeline_stage2_State_stage0Counter[1]              ; regout           ;
; |StallControlTestPipelineModule_TopLevel|Pipeline_stage3_State_stage0Counter~1               ; |StallControlTestPipelineModule_TopLevel|Pipeline_stage3_State_stage0Counter~1               ; combout          ;
; |StallControlTestPipelineModule_TopLevel|Pipeline_stage2_State_stage0Counter[2]              ; |StallControlTestPipelineModule_TopLevel|Pipeline_stage2_State_stage0Counter[2]              ; regout           ;
; |StallControlTestPipelineModule_TopLevel|Pipeline_stage3_State_stage0Counter~2               ; |StallControlTestPipelineModule_TopLevel|Pipeline_stage3_State_stage0Counter~2               ; combout          ;
; |StallControlTestPipelineModule_TopLevel|Pipeline_stage2_State_stage0Counter[3]              ; |StallControlTestPipelineModule_TopLevel|Pipeline_stage2_State_stage0Counter[3]              ; regout           ;
; |StallControlTestPipelineModule_TopLevel|Pipeline_stage3_State_stage0Counter~3               ; |StallControlTestPipelineModule_TopLevel|Pipeline_stage3_State_stage0Counter~3               ; combout          ;
; |StallControlTestPipelineModule_TopLevel|Pipeline_stage2_State_stage1Counter[0]              ; |StallControlTestPipelineModule_TopLevel|Pipeline_stage2_State_stage1Counter[0]              ; regout           ;
; |StallControlTestPipelineModule_TopLevel|Pipeline_stage3_State_stage1Counter~0               ; |StallControlTestPipelineModule_TopLevel|Pipeline_stage3_State_stage1Counter~0               ; combout          ;
; |StallControlTestPipelineModule_TopLevel|Pipeline_stage2_State_stage1Counter[1]              ; |StallControlTestPipelineModule_TopLevel|Pipeline_stage2_State_stage1Counter[1]              ; regout           ;
; |StallControlTestPipelineModule_TopLevel|Pipeline_stage3_State_stage1Counter~1               ; |StallControlTestPipelineModule_TopLevel|Pipeline_stage3_State_stage1Counter~1               ; combout          ;
; |StallControlTestPipelineModule_TopLevel|Pipeline_stage2_State_stage1Counter[2]              ; |StallControlTestPipelineModule_TopLevel|Pipeline_stage2_State_stage1Counter[2]              ; regout           ;
; |StallControlTestPipelineModule_TopLevel|Pipeline_stage3_State_stage1Counter~2               ; |StallControlTestPipelineModule_TopLevel|Pipeline_stage3_State_stage1Counter~2               ; combout          ;
; |StallControlTestPipelineModule_TopLevel|Pipeline_stage2_State_stage1Counter[3]              ; |StallControlTestPipelineModule_TopLevel|Pipeline_stage2_State_stage1Counter[3]              ; regout           ;
; |StallControlTestPipelineModule_TopLevel|Pipeline_stage3_State_stage1Counter~3               ; |StallControlTestPipelineModule_TopLevel|Pipeline_stage3_State_stage1Counter~3               ; combout          ;
; |StallControlTestPipelineModule_TopLevel|Pipeline_stage2_State_stage1Counter[4]              ; |StallControlTestPipelineModule_TopLevel|Pipeline_stage2_State_stage1Counter[4]              ; regout           ;
; |StallControlTestPipelineModule_TopLevel|Pipeline_stage3_State_stage1Counter~4               ; |StallControlTestPipelineModule_TopLevel|Pipeline_stage3_State_stage1Counter~4               ; combout          ;
; |StallControlTestPipelineModule_TopLevel|Pipeline_stage3_State_stage2Counter~0               ; |StallControlTestPipelineModule_TopLevel|Pipeline_stage3_State_stage2Counter~0               ; combout          ;
; |StallControlTestPipelineModule_TopLevel|Pipeline_stage3_State_stage2Counter~1               ; |StallControlTestPipelineModule_TopLevel|Pipeline_stage3_State_stage2Counter~1               ; combout          ;
; |StallControlTestPipelineModule_TopLevel|Pipeline_stage3_State_stage2Counter~2               ; |StallControlTestPipelineModule_TopLevel|Pipeline_stage3_State_stage2Counter~2               ; combout          ;
; |StallControlTestPipelineModule_TopLevel|Pipeline_stage3_State_stage2Counter~3               ; |StallControlTestPipelineModule_TopLevel|Pipeline_stage3_State_stage2Counter~3               ; combout          ;
; |StallControlTestPipelineModule_TopLevel|Pipeline_stage3_State_stage2Counter~4               ; |StallControlTestPipelineModule_TopLevel|Pipeline_stage3_State_stage2Counter~4               ; combout          ;
; |StallControlTestPipelineModule_TopLevel|Pipeline_stage1_State_stage0Counter[0]              ; |StallControlTestPipelineModule_TopLevel|Pipeline_stage1_State_stage0Counter[0]              ; regout           ;
; |StallControlTestPipelineModule_TopLevel|Pipeline_stage2_State_stage0Counter~0               ; |StallControlTestPipelineModule_TopLevel|Pipeline_stage2_State_stage0Counter~0               ; combout          ;
; |StallControlTestPipelineModule_TopLevel|Pipeline_stage1_State_stage0Counter[1]              ; |StallControlTestPipelineModule_TopLevel|Pipeline_stage1_State_stage0Counter[1]              ; regout           ;
; |StallControlTestPipelineModule_TopLevel|Pipeline_stage2_State_stage0Counter~1               ; |StallControlTestPipelineModule_TopLevel|Pipeline_stage2_State_stage0Counter~1               ; combout          ;
; |StallControlTestPipelineModule_TopLevel|Pipeline_stage1_State_stage0Counter[2]              ; |StallControlTestPipelineModule_TopLevel|Pipeline_stage1_State_stage0Counter[2]              ; regout           ;
; |StallControlTestPipelineModule_TopLevel|Pipeline_stage2_State_stage0Counter~2               ; |StallControlTestPipelineModule_TopLevel|Pipeline_stage2_State_stage0Counter~2               ; combout          ;
; |StallControlTestPipelineModule_TopLevel|Pipeline_stage1_State_stage0Counter[3]              ; |StallControlTestPipelineModule_TopLevel|Pipeline_stage1_State_stage0Counter[3]              ; regout           ;
; |StallControlTestPipelineModule_TopLevel|Pipeline_stage2_State_stage0Counter~3               ; |StallControlTestPipelineModule_TopLevel|Pipeline_stage2_State_stage0Counter~3               ; combout          ;
; |StallControlTestPipelineModule_TopLevel|Pipeline_stage2_State_stage1Counter~0               ; |StallControlTestPipelineModule_TopLevel|Pipeline_stage2_State_stage1Counter~0               ; combout          ;
; |StallControlTestPipelineModule_TopLevel|Pipeline_stage2_State_stage1Counter~1               ; |StallControlTestPipelineModule_TopLevel|Pipeline_stage2_State_stage1Counter~1               ; combout          ;
; |StallControlTestPipelineModule_TopLevel|Pipeline_stage2_State_stage1Counter~2               ; |StallControlTestPipelineModule_TopLevel|Pipeline_stage2_State_stage1Counter~2               ; combout          ;
; |StallControlTestPipelineModule_TopLevel|Pipeline_stage2_State_stage1Counter~3               ; |StallControlTestPipelineModule_TopLevel|Pipeline_stage2_State_stage1Counter~3               ; combout          ;
; |StallControlTestPipelineModule_TopLevel|Pipeline_stage2_State_stage1Counter~4               ; |StallControlTestPipelineModule_TopLevel|Pipeline_stage2_State_stage1Counter~4               ; combout          ;
; |StallControlTestPipelineModule_TopLevel|Pipeline_stage1_State_stage0Counter~0               ; |StallControlTestPipelineModule_TopLevel|Pipeline_stage1_State_stage0Counter~0               ; combout          ;
; |StallControlTestPipelineModule_TopLevel|Pipeline_stage1_State_stage0Counter~1               ; |StallControlTestPipelineModule_TopLevel|Pipeline_stage1_State_stage0Counter~1               ; combout          ;
; |StallControlTestPipelineModule_TopLevel|Pipeline_stage1_State_stage0Counter~2               ; |StallControlTestPipelineModule_TopLevel|Pipeline_stage1_State_stage0Counter~2               ; combout          ;
; |StallControlTestPipelineModule_TopLevel|Pipeline_stage1_State_stage0Counter~3               ; |StallControlTestPipelineModule_TopLevel|Pipeline_stage1_State_stage0Counter~3               ; combout          ;
; |StallControlTestPipelineModule_TopLevel|Pipeline_PipelineControl_PipelineStalled~0_wirecell ; |StallControlTestPipelineModule_TopLevel|Pipeline_PipelineControl_PipelineStalled~0_wirecell ; combout          ;
; |StallControlTestPipelineModule_TopLevel|Pipeline_stage1_Control_StageStalled~0_wirecell     ; |StallControlTestPipelineModule_TopLevel|Pipeline_stage1_Control_StageStalled~0_wirecell     ; combout          ;
; |StallControlTestPipelineModule_TopLevel|Pipeline_stage2_Control_StageStalled~0_wirecell     ; |StallControlTestPipelineModule_TopLevel|Pipeline_stage2_Control_StageStalled~0_wirecell     ; combout          ;
; |StallControlTestPipelineModule_TopLevel|outResult_pipelineWillStall                         ; |StallControlTestPipelineModule_TopLevel|outResult_pipelineWillStall                         ; padio            ;
; |StallControlTestPipelineModule_TopLevel|outResult_pipelineStalled                           ; |StallControlTestPipelineModule_TopLevel|outResult_pipelineStalled                           ; padio            ;
; |StallControlTestPipelineModule_TopLevel|outResult_stage0WillStall                           ; |StallControlTestPipelineModule_TopLevel|outResult_stage0WillStall                           ; padio            ;
; |StallControlTestPipelineModule_TopLevel|outResult_stage0Stalled                             ; |StallControlTestPipelineModule_TopLevel|outResult_stage0Stalled                             ; padio            ;
; |StallControlTestPipelineModule_TopLevel|outResult_stage1WillStall                           ; |StallControlTestPipelineModule_TopLevel|outResult_stage1WillStall                           ; padio            ;
; |StallControlTestPipelineModule_TopLevel|outResult_stage1Stalled                             ; |StallControlTestPipelineModule_TopLevel|outResult_stage1Stalled                             ; padio            ;
; |StallControlTestPipelineModule_TopLevel|outResult_stage2WillStall                           ; |StallControlTestPipelineModule_TopLevel|outResult_stage2WillStall                           ; padio            ;
; |StallControlTestPipelineModule_TopLevel|outResult_stage2Stalled                             ; |StallControlTestPipelineModule_TopLevel|outResult_stage2Stalled                             ; padio            ;
; |StallControlTestPipelineModule_TopLevel|outResult_stage3WillStall                           ; |StallControlTestPipelineModule_TopLevel|outResult_stage3WillStall                           ; padio            ;
; |StallControlTestPipelineModule_TopLevel|outResult_stage3Stalled                             ; |StallControlTestPipelineModule_TopLevel|outResult_stage3Stalled                             ; padio            ;
; |StallControlTestPipelineModule_TopLevel|outResult_stage0Counter[0]                          ; |StallControlTestPipelineModule_TopLevel|outResult_stage0Counter[0]                          ; padio            ;
; |StallControlTestPipelineModule_TopLevel|outResult_stage0Counter[1]                          ; |StallControlTestPipelineModule_TopLevel|outResult_stage0Counter[1]                          ; padio            ;
; |StallControlTestPipelineModule_TopLevel|outResult_stage0Counter[2]                          ; |StallControlTestPipelineModule_TopLevel|outResult_stage0Counter[2]                          ; padio            ;
; |StallControlTestPipelineModule_TopLevel|outResult_stage0Counter[3]                          ; |StallControlTestPipelineModule_TopLevel|outResult_stage0Counter[3]                          ; padio            ;
; |StallControlTestPipelineModule_TopLevel|outResult_stage1Counter[0]                          ; |StallControlTestPipelineModule_TopLevel|outResult_stage1Counter[0]                          ; padio            ;
; |StallControlTestPipelineModule_TopLevel|outResult_stage1Counter[1]                          ; |StallControlTestPipelineModule_TopLevel|outResult_stage1Counter[1]                          ; padio            ;
; |StallControlTestPipelineModule_TopLevel|outResult_stage1Counter[2]                          ; |StallControlTestPipelineModule_TopLevel|outResult_stage1Counter[2]                          ; padio            ;
; |StallControlTestPipelineModule_TopLevel|outResult_stage1Counter[3]                          ; |StallControlTestPipelineModule_TopLevel|outResult_stage1Counter[3]                          ; padio            ;
; |StallControlTestPipelineModule_TopLevel|outResult_stage2Counter[0]                          ; |StallControlTestPipelineModule_TopLevel|outResult_stage2Counter[0]                          ; padio            ;
; |StallControlTestPipelineModule_TopLevel|outResult_stage2Counter[1]                          ; |StallControlTestPipelineModule_TopLevel|outResult_stage2Counter[1]                          ; padio            ;
; |StallControlTestPipelineModule_TopLevel|outResult_stage2Counter[2]                          ; |StallControlTestPipelineModule_TopLevel|outResult_stage2Counter[2]                          ; padio            ;
; |StallControlTestPipelineModule_TopLevel|outResult_stage2Counter[3]                          ; |StallControlTestPipelineModule_TopLevel|outResult_stage2Counter[3]                          ; padio            ;
; |StallControlTestPipelineModule_TopLevel|outResult_stage2Counter[4]                          ; |StallControlTestPipelineModule_TopLevel|outResult_stage2Counter[4]                          ; padio            ;
; |StallControlTestPipelineModule_TopLevel|outResult_stage3Counter[0]                          ; |StallControlTestPipelineModule_TopLevel|outResult_stage3Counter[0]                          ; padio            ;
; |StallControlTestPipelineModule_TopLevel|outResult_stage3Counter[1]                          ; |StallControlTestPipelineModule_TopLevel|outResult_stage3Counter[1]                          ; padio            ;
; |StallControlTestPipelineModule_TopLevel|outResult_stage3Counter[2]                          ; |StallControlTestPipelineModule_TopLevel|outResult_stage3Counter[2]                          ; padio            ;
; |StallControlTestPipelineModule_TopLevel|outResult_stage3Counter[3]                          ; |StallControlTestPipelineModule_TopLevel|outResult_stage3Counter[3]                          ; padio            ;
; |StallControlTestPipelineModule_TopLevel|outResult_stage3Counter[4]                          ; |StallControlTestPipelineModule_TopLevel|outResult_stage3Counter[4]                          ; padio            ;
; |StallControlTestPipelineModule_TopLevel|stallStage3                                         ; |StallControlTestPipelineModule_TopLevel|stallStage3~corein                                  ; combout          ;
; |StallControlTestPipelineModule_TopLevel|stallPipeline                                       ; |StallControlTestPipelineModule_TopLevel|stallPipeline~corein                                ; combout          ;
; |StallControlTestPipelineModule_TopLevel|stallStage0                                         ; |StallControlTestPipelineModule_TopLevel|stallStage0~corein                                  ; combout          ;
; |StallControlTestPipelineModule_TopLevel|stallStage1                                         ; |StallControlTestPipelineModule_TopLevel|stallStage1~corein                                  ; combout          ;
; |StallControlTestPipelineModule_TopLevel|stallStage2                                         ; |StallControlTestPipelineModule_TopLevel|stallStage2~corein                                  ; combout          ;
; |StallControlTestPipelineModule_TopLevel|stallPrev                                           ; |StallControlTestPipelineModule_TopLevel|stallPrev~corein                                    ; combout          ;
; |StallControlTestPipelineModule_TopLevel|Clock                                               ; |StallControlTestPipelineModule_TopLevel|Clock~corein                                        ; combout          ;
; |StallControlTestPipelineModule_TopLevel|Clock~clkctrl                                       ; |StallControlTestPipelineModule_TopLevel|Clock~clkctrl                                       ; outclk           ;
; |StallControlTestPipelineModule_TopLevel|Pipeline_stage3_Control_StageStalled~feeder         ; |StallControlTestPipelineModule_TopLevel|Pipeline_stage3_Control_StageStalled~feeder         ; combout          ;
+----------------------------------------------------------------------------------------------+----------------------------------------------------------------------------------------------+------------------+


The following table displays output ports that do not toggle to 1 during simulation.
+--------------------------------------------------------------------------------------------------------------------------------------------------------------------------------------------+
; Missing 1-Value Coverage                                                                                                                                                                   ;
+------------------------------------------------------------------------------------+------------------------------------------------------------------------------------+------------------+
; Node Name                                                                          ; Output Port Name                                                                   ; Output Port Type ;
+------------------------------------------------------------------------------------+------------------------------------------------------------------------------------+------------------+
; |StallControlTestPipelineModule_TopLevel|Pipeline_stage3_State_stage3Counter[6]    ; |StallControlTestPipelineModule_TopLevel|Pipeline_stage3_State_stage3Counter[6]    ; regout           ;
; |StallControlTestPipelineModule_TopLevel|Pipeline_stage3_State_stage3Counter[7]    ; |StallControlTestPipelineModule_TopLevel|Pipeline_stage3_State_stage3Counter[7]    ; regout           ;
; |StallControlTestPipelineModule_TopLevel|Pipeline_stage2_State_stage2Counter[6]    ; |StallControlTestPipelineModule_TopLevel|Pipeline_stage2_State_stage2Counter[6]    ; regout           ;
; |StallControlTestPipelineModule_TopLevel|Pipeline_stage2_State_stage2Counter[7]    ; |StallControlTestPipelineModule_TopLevel|Pipeline_stage2_State_stage2Counter[7]    ; regout           ;
; |StallControlTestPipelineModule_TopLevel|Pipeline_stage3_State_stage3Counter[6]~20 ; |StallControlTestPipelineModule_TopLevel|Pipeline_stage3_State_stage3Counter[6]~21 ; cout             ;
; |StallControlTestPipelineModule_TopLevel|Pipeline_stage3_State_stage3Counter[7]~22 ; |StallControlTestPipelineModule_TopLevel|Pipeline_stage3_State_stage3Counter[7]~22 ; combout          ;
; |StallControlTestPipelineModule_TopLevel|Pipeline_stage1_State_stage1Counter[6]    ; |StallControlTestPipelineModule_TopLevel|Pipeline_stage1_State_stage1Counter[6]    ; regout           ;
; |StallControlTestPipelineModule_TopLevel|Pipeline_stage1_State_stage1Counter[7]    ; |StallControlTestPipelineModule_TopLevel|Pipeline_stage1_State_stage1Counter[7]    ; regout           ;
; |StallControlTestPipelineModule_TopLevel|Pipeline_stage2_State_stage2Counter[5]~18 ; |StallControlTestPipelineModule_TopLevel|Pipeline_stage2_State_stage2Counter[5]~19 ; cout             ;
; |StallControlTestPipelineModule_TopLevel|Pipeline_stage2_State_stage2Counter[6]~20 ; |StallControlTestPipelineModule_TopLevel|Pipeline_stage2_State_stage2Counter[6]~20 ; combout          ;
; |StallControlTestPipelineModule_TopLevel|Pipeline_stage2_State_stage2Counter[6]~20 ; |StallControlTestPipelineModule_TopLevel|Pipeline_stage2_State_stage2Counter[6]~21 ; cout             ;
; |StallControlTestPipelineModule_TopLevel|Pipeline_stage2_State_stage2Counter[7]~22 ; |StallControlTestPipelineModule_TopLevel|Pipeline_stage2_State_stage2Counter[7]~22 ; combout          ;
; |StallControlTestPipelineModule_TopLevel|Pipeline_stage0_State_stage0Counter[5]    ; |StallControlTestPipelineModule_TopLevel|Pipeline_stage0_State_stage0Counter[5]    ; regout           ;
; |StallControlTestPipelineModule_TopLevel|Pipeline_stage0_State_stage0Counter[6]    ; |StallControlTestPipelineModule_TopLevel|Pipeline_stage0_State_stage0Counter[6]    ; regout           ;
; |StallControlTestPipelineModule_TopLevel|Pipeline_stage0_State_stage0Counter[7]    ; |StallControlTestPipelineModule_TopLevel|Pipeline_stage0_State_stage0Counter[7]    ; regout           ;
; |StallControlTestPipelineModule_TopLevel|Pipeline_stage1_State_stage1Counter[6]~20 ; |StallControlTestPipelineModule_TopLevel|Pipeline_stage1_State_stage1Counter[6]~21 ; cout             ;
; |StallControlTestPipelineModule_TopLevel|Pipeline_stage1_State_stage1Counter[7]~22 ; |StallControlTestPipelineModule_TopLevel|Pipeline_stage1_State_stage1Counter[7]~22 ; combout          ;
; |StallControlTestPipelineModule_TopLevel|Pipeline_stage0_State_stage0Counter[5]~18 ; |StallControlTestPipelineModule_TopLevel|Pipeline_stage0_State_stage0Counter[5]~19 ; cout             ;
; |StallControlTestPipelineModule_TopLevel|Pipeline_stage0_State_stage0Counter[6]~20 ; |StallControlTestPipelineModule_TopLevel|Pipeline_stage0_State_stage0Counter[6]~20 ; combout          ;
; |StallControlTestPipelineModule_TopLevel|Pipeline_stage0_State_stage0Counter[6]~20 ; |StallControlTestPipelineModule_TopLevel|Pipeline_stage0_State_stage0Counter[6]~21 ; cout             ;
; |StallControlTestPipelineModule_TopLevel|Pipeline_stage0_State_stage0Counter[7]~22 ; |StallControlTestPipelineModule_TopLevel|Pipeline_stage0_State_stage0Counter[7]~22 ; combout          ;
; |StallControlTestPipelineModule_TopLevel|Pipeline_stage3_State_stage0Counter[5]    ; |StallControlTestPipelineModule_TopLevel|Pipeline_stage3_State_stage0Counter[5]    ; regout           ;
; |StallControlTestPipelineModule_TopLevel|Pipeline_stage3_State_stage0Counter[6]    ; |StallControlTestPipelineModule_TopLevel|Pipeline_stage3_State_stage0Counter[6]    ; regout           ;
; |StallControlTestPipelineModule_TopLevel|Pipeline_stage3_State_stage0Counter[7]    ; |StallControlTestPipelineModule_TopLevel|Pipeline_stage3_State_stage0Counter[7]    ; regout           ;
; |StallControlTestPipelineModule_TopLevel|Pipeline_stage3_State_stage1Counter[5]    ; |StallControlTestPipelineModule_TopLevel|Pipeline_stage3_State_stage1Counter[5]    ; regout           ;
; |StallControlTestPipelineModule_TopLevel|Pipeline_stage3_State_stage1Counter[6]    ; |StallControlTestPipelineModule_TopLevel|Pipeline_stage3_State_stage1Counter[6]    ; regout           ;
; |StallControlTestPipelineModule_TopLevel|Pipeline_stage3_State_stage1Counter[7]    ; |StallControlTestPipelineModule_TopLevel|Pipeline_stage3_State_stage1Counter[7]    ; regout           ;
; |StallControlTestPipelineModule_TopLevel|Pipeline_stage3_State_stage2Counter[6]    ; |StallControlTestPipelineModule_TopLevel|Pipeline_stage3_State_stage2Counter[6]    ; regout           ;
; |StallControlTestPipelineModule_TopLevel|Pipeline_stage3_State_stage2Counter[7]    ; |StallControlTestPipelineModule_TopLevel|Pipeline_stage3_State_stage2Counter[7]    ; regout           ;
; |StallControlTestPipelineModule_TopLevel|Pipeline_stage2_State_stage0Counter[5]    ; |StallControlTestPipelineModule_TopLevel|Pipeline_stage2_State_stage0Counter[5]    ; regout           ;
; |StallControlTestPipelineModule_TopLevel|Pipeline_stage3_State_stage0Counter~5     ; |StallControlTestPipelineModule_TopLevel|Pipeline_stage3_State_stage0Counter~5     ; combout          ;
; |StallControlTestPipelineModule_TopLevel|Pipeline_stage2_State_stage0Counter[6]    ; |StallControlTestPipelineModule_TopLevel|Pipeline_stage2_State_stage0Counter[6]    ; regout           ;
; |StallControlTestPipelineModule_TopLevel|Pipeline_stage3_State_stage0Counter~6     ; |StallControlTestPipelineModule_TopLevel|Pipeline_stage3_State_stage0Counter~6     ; combout          ;
; |StallControlTestPipelineModule_TopLevel|Pipeline_stage2_State_stage0Counter[7]    ; |StallControlTestPipelineModule_TopLevel|Pipeline_stage2_State_stage0Counter[7]    ; regout           ;
; |StallControlTestPipelineModule_TopLevel|Pipeline_stage3_State_stage0Counter~7     ; |StallControlTestPipelineModule_TopLevel|Pipeline_stage3_State_stage0Counter~7     ; combout          ;
; |StallControlTestPipelineModule_TopLevel|Pipeline_stage2_State_stage1Counter[6]    ; |StallControlTestPipelineModule_TopLevel|Pipeline_stage2_State_stage1Counter[6]    ; regout           ;
; |StallControlTestPipelineModule_TopLevel|Pipeline_stage3_State_stage1Counter~6     ; |StallControlTestPipelineModule_TopLevel|Pipeline_stage3_State_stage1Counter~6     ; combout          ;
; |StallControlTestPipelineModule_TopLevel|Pipeline_stage2_State_stage1Counter[7]    ; |StallControlTestPipelineModule_TopLevel|Pipeline_stage2_State_stage1Counter[7]    ; regout           ;
; |StallControlTestPipelineModule_TopLevel|Pipeline_stage3_State_stage1Counter~7     ; |StallControlTestPipelineModule_TopLevel|Pipeline_stage3_State_stage1Counter~7     ; combout          ;
; |StallControlTestPipelineModule_TopLevel|Pipeline_stage3_State_stage2Counter~6     ; |StallControlTestPipelineModule_TopLevel|Pipeline_stage3_State_stage2Counter~6     ; combout          ;
; |StallControlTestPipelineModule_TopLevel|Pipeline_stage3_State_stage2Counter~7     ; |StallControlTestPipelineModule_TopLevel|Pipeline_stage3_State_stage2Counter~7     ; combout          ;
; |StallControlTestPipelineModule_TopLevel|Pipeline_stage1_State_stage0Counter[5]    ; |StallControlTestPipelineModule_TopLevel|Pipeline_stage1_State_stage0Counter[5]    ; regout           ;
; |StallControlTestPipelineModule_TopLevel|Pipeline_stage2_State_stage0Counter~5     ; |StallControlTestPipelineModule_TopLevel|Pipeline_stage2_State_stage0Counter~5     ; combout          ;
; |StallControlTestPipelineModule_TopLevel|Pipeline_stage1_State_stage0Counter[6]    ; |StallControlTestPipelineModule_TopLevel|Pipeline_stage1_State_stage0Counter[6]    ; regout           ;
; |StallControlTestPipelineModule_TopLevel|Pipeline_stage2_State_stage0Counter~6     ; |StallControlTestPipelineModule_TopLevel|Pipeline_stage2_State_stage0Counter~6     ; combout          ;
; |StallControlTestPipelineModule_TopLevel|Pipeline_stage1_State_stage0Counter[7]    ; |StallControlTestPipelineModule_TopLevel|Pipeline_stage1_State_stage0Counter[7]    ; regout           ;
; |StallControlTestPipelineModule_TopLevel|Pipeline_stage2_State_stage0Counter~7     ; |StallControlTestPipelineModule_TopLevel|Pipeline_stage2_State_stage0Counter~7     ; combout          ;
; |StallControlTestPipelineModule_TopLevel|Pipeline_stage2_State_stage1Counter~6     ; |StallControlTestPipelineModule_TopLevel|Pipeline_stage2_State_stage1Counter~6     ; combout          ;
; |StallControlTestPipelineModule_TopLevel|Pipeline_stage2_State_stage1Counter~7     ; |StallControlTestPipelineModule_TopLevel|Pipeline_stage2_State_stage1Counter~7     ; combout          ;
; |StallControlTestPipelineModule_TopLevel|Pipeline_stage1_State_stage0Counter~5     ; |StallControlTestPipelineModule_TopLevel|Pipeline_stage1_State_stage0Counter~5     ; combout          ;
; |StallControlTestPipelineModule_TopLevel|Pipeline_stage1_State_stage0Counter~6     ; |StallControlTestPipelineModule_TopLevel|Pipeline_stage1_State_stage0Counter~6     ; combout          ;
; |StallControlTestPipelineModule_TopLevel|Pipeline_stage1_State_stage0Counter~7     ; |StallControlTestPipelineModule_TopLevel|Pipeline_stage1_State_stage0Counter~7     ; combout          ;
; |StallControlTestPipelineModule_TopLevel|outResult_stage0Counter[5]                ; |StallControlTestPipelineModule_TopLevel|outResult_stage0Counter[5]                ; padio            ;
; |StallControlTestPipelineModule_TopLevel|outResult_stage0Counter[6]                ; |StallControlTestPipelineModule_TopLevel|outResult_stage0Counter[6]                ; padio            ;
; |StallControlTestPipelineModule_TopLevel|outResult_stage0Counter[7]                ; |StallControlTestPipelineModule_TopLevel|outResult_stage0Counter[7]                ; padio            ;
; |StallControlTestPipelineModule_TopLevel|outResult_stage1Counter[5]                ; |StallControlTestPipelineModule_TopLevel|outResult_stage1Counter[5]                ; padio            ;
; |StallControlTestPipelineModule_TopLevel|outResult_stage1Counter[6]                ; |StallControlTestPipelineModule_TopLevel|outResult_stage1Counter[6]                ; padio            ;
; |StallControlTestPipelineModule_TopLevel|outResult_stage1Counter[7]                ; |StallControlTestPipelineModule_TopLevel|outResult_stage1Counter[7]                ; padio            ;
; |StallControlTestPipelineModule_TopLevel|outResult_stage2Counter[6]                ; |StallControlTestPipelineModule_TopLevel|outResult_stage2Counter[6]                ; padio            ;
; |StallControlTestPipelineModule_TopLevel|outResult_stage2Counter[7]                ; |StallControlTestPipelineModule_TopLevel|outResult_stage2Counter[7]                ; padio            ;
; |StallControlTestPipelineModule_TopLevel|outResult_stage3Counter[6]                ; |StallControlTestPipelineModule_TopLevel|outResult_stage3Counter[6]                ; padio            ;
; |StallControlTestPipelineModule_TopLevel|outResult_stage3Counter[7]                ; |StallControlTestPipelineModule_TopLevel|outResult_stage3Counter[7]                ; padio            ;
; |StallControlTestPipelineModule_TopLevel|Reset                                     ; |StallControlTestPipelineModule_TopLevel|Reset~corein                              ; combout          ;
+------------------------------------------------------------------------------------+------------------------------------------------------------------------------------+------------------+


The following table displays output ports that do not toggle to 0 during simulation.
+--------------------------------------------------------------------------------------------------------------------------------------------------------------------------------------------+
; Missing 0-Value Coverage                                                                                                                                                                   ;
+------------------------------------------------------------------------------------+------------------------------------------------------------------------------------+------------------+
; Node Name                                                                          ; Output Port Name                                                                   ; Output Port Type ;
+------------------------------------------------------------------------------------+------------------------------------------------------------------------------------+------------------+
; |StallControlTestPipelineModule_TopLevel|Pipeline_stage3_State_stage3Counter[5]    ; |StallControlTestPipelineModule_TopLevel|Pipeline_stage3_State_stage3Counter[5]    ; regout           ;
; |StallControlTestPipelineModule_TopLevel|Pipeline_stage3_State_stage3Counter[6]    ; |StallControlTestPipelineModule_TopLevel|Pipeline_stage3_State_stage3Counter[6]    ; regout           ;
; |StallControlTestPipelineModule_TopLevel|Pipeline_stage3_State_stage3Counter[7]    ; |StallControlTestPipelineModule_TopLevel|Pipeline_stage3_State_stage3Counter[7]    ; regout           ;
; |StallControlTestPipelineModule_TopLevel|Pipeline_stage2_State_stage2Counter[5]    ; |StallControlTestPipelineModule_TopLevel|Pipeline_stage2_State_stage2Counter[5]    ; regout           ;
; |StallControlTestPipelineModule_TopLevel|Pipeline_stage2_State_stage2Counter[6]    ; |StallControlTestPipelineModule_TopLevel|Pipeline_stage2_State_stage2Counter[6]    ; regout           ;
; |StallControlTestPipelineModule_TopLevel|Pipeline_stage2_State_stage2Counter[7]    ; |StallControlTestPipelineModule_TopLevel|Pipeline_stage2_State_stage2Counter[7]    ; regout           ;
; |StallControlTestPipelineModule_TopLevel|Pipeline_stage3_State_stage3Counter[6]~20 ; |StallControlTestPipelineModule_TopLevel|Pipeline_stage3_State_stage3Counter[6]~21 ; cout             ;
; |StallControlTestPipelineModule_TopLevel|Pipeline_stage3_State_stage3Counter[7]~22 ; |StallControlTestPipelineModule_TopLevel|Pipeline_stage3_State_stage3Counter[7]~22 ; combout          ;
; |StallControlTestPipelineModule_TopLevel|Pipeline_stage1_State_stage1Counter[5]    ; |StallControlTestPipelineModule_TopLevel|Pipeline_stage1_State_stage1Counter[5]    ; regout           ;
; |StallControlTestPipelineModule_TopLevel|Pipeline_stage1_State_stage1Counter[6]    ; |StallControlTestPipelineModule_TopLevel|Pipeline_stage1_State_stage1Counter[6]    ; regout           ;
; |StallControlTestPipelineModule_TopLevel|Pipeline_stage1_State_stage1Counter[7]    ; |StallControlTestPipelineModule_TopLevel|Pipeline_stage1_State_stage1Counter[7]    ; regout           ;
; |StallControlTestPipelineModule_TopLevel|Pipeline_stage2_State_stage2Counter[5]~18 ; |StallControlTestPipelineModule_TopLevel|Pipeline_stage2_State_stage2Counter[5]~19 ; cout             ;
; |StallControlTestPipelineModule_TopLevel|Pipeline_stage2_State_stage2Counter[6]~20 ; |StallControlTestPipelineModule_TopLevel|Pipeline_stage2_State_stage2Counter[6]~20 ; combout          ;
; |StallControlTestPipelineModule_TopLevel|Pipeline_stage2_State_stage2Counter[6]~20 ; |StallControlTestPipelineModule_TopLevel|Pipeline_stage2_State_stage2Counter[6]~21 ; cout             ;
; |StallControlTestPipelineModule_TopLevel|Pipeline_stage2_State_stage2Counter[7]~22 ; |StallControlTestPipelineModule_TopLevel|Pipeline_stage2_State_stage2Counter[7]~22 ; combout          ;
; |StallControlTestPipelineModule_TopLevel|Pipeline_stage0_State_stage0Counter[4]    ; |StallControlTestPipelineModule_TopLevel|Pipeline_stage0_State_stage0Counter[4]    ; regout           ;
; |StallControlTestPipelineModule_TopLevel|Pipeline_stage0_State_stage0Counter[5]    ; |StallControlTestPipelineModule_TopLevel|Pipeline_stage0_State_stage0Counter[5]    ; regout           ;
; |StallControlTestPipelineModule_TopLevel|Pipeline_stage0_State_stage0Counter[6]    ; |StallControlTestPipelineModule_TopLevel|Pipeline_stage0_State_stage0Counter[6]    ; regout           ;
; |StallControlTestPipelineModule_TopLevel|Pipeline_stage0_State_stage0Counter[7]    ; |StallControlTestPipelineModule_TopLevel|Pipeline_stage0_State_stage0Counter[7]    ; regout           ;
; |StallControlTestPipelineModule_TopLevel|Pipeline_stage1_State_stage1Counter[6]~20 ; |StallControlTestPipelineModule_TopLevel|Pipeline_stage1_State_stage1Counter[6]~21 ; cout             ;
; |StallControlTestPipelineModule_TopLevel|Pipeline_stage1_State_stage1Counter[7]~22 ; |StallControlTestPipelineModule_TopLevel|Pipeline_stage1_State_stage1Counter[7]~22 ; combout          ;
; |StallControlTestPipelineModule_TopLevel|Pipeline_stage0_State_stage0Counter[5]~18 ; |StallControlTestPipelineModule_TopLevel|Pipeline_stage0_State_stage0Counter[5]~19 ; cout             ;
; |StallControlTestPipelineModule_TopLevel|Pipeline_stage0_State_stage0Counter[6]~20 ; |StallControlTestPipelineModule_TopLevel|Pipeline_stage0_State_stage0Counter[6]~20 ; combout          ;
; |StallControlTestPipelineModule_TopLevel|Pipeline_stage0_State_stage0Counter[6]~20 ; |StallControlTestPipelineModule_TopLevel|Pipeline_stage0_State_stage0Counter[6]~21 ; cout             ;
; |StallControlTestPipelineModule_TopLevel|Pipeline_stage0_State_stage0Counter[7]~22 ; |StallControlTestPipelineModule_TopLevel|Pipeline_stage0_State_stage0Counter[7]~22 ; combout          ;
; |StallControlTestPipelineModule_TopLevel|Pipeline_stage3_State_stage0Counter[4]    ; |StallControlTestPipelineModule_TopLevel|Pipeline_stage3_State_stage0Counter[4]    ; regout           ;
; |StallControlTestPipelineModule_TopLevel|Pipeline_stage3_State_stage0Counter[5]    ; |StallControlTestPipelineModule_TopLevel|Pipeline_stage3_State_stage0Counter[5]    ; regout           ;
; |StallControlTestPipelineModule_TopLevel|Pipeline_stage3_State_stage0Counter[6]    ; |StallControlTestPipelineModule_TopLevel|Pipeline_stage3_State_stage0Counter[6]    ; regout           ;
; |StallControlTestPipelineModule_TopLevel|Pipeline_stage3_State_stage0Counter[7]    ; |StallControlTestPipelineModule_TopLevel|Pipeline_stage3_State_stage0Counter[7]    ; regout           ;
; |StallControlTestPipelineModule_TopLevel|Pipeline_stage3_State_stage1Counter[4]    ; |StallControlTestPipelineModule_TopLevel|Pipeline_stage3_State_stage1Counter[4]    ; regout           ;
; |StallControlTestPipelineModule_TopLevel|Pipeline_stage3_State_stage1Counter[5]    ; |StallControlTestPipelineModule_TopLevel|Pipeline_stage3_State_stage1Counter[5]    ; regout           ;
; |StallControlTestPipelineModule_TopLevel|Pipeline_stage3_State_stage1Counter[6]    ; |StallControlTestPipelineModule_TopLevel|Pipeline_stage3_State_stage1Counter[6]    ; regout           ;
; |StallControlTestPipelineModule_TopLevel|Pipeline_stage3_State_stage1Counter[7]    ; |StallControlTestPipelineModule_TopLevel|Pipeline_stage3_State_stage1Counter[7]    ; regout           ;
; |StallControlTestPipelineModule_TopLevel|Pipeline_stage3_State_stage2Counter[5]    ; |StallControlTestPipelineModule_TopLevel|Pipeline_stage3_State_stage2Counter[5]    ; regout           ;
; |StallControlTestPipelineModule_TopLevel|Pipeline_stage3_State_stage2Counter[6]    ; |StallControlTestPipelineModule_TopLevel|Pipeline_stage3_State_stage2Counter[6]    ; regout           ;
; |StallControlTestPipelineModule_TopLevel|Pipeline_stage3_State_stage2Counter[7]    ; |StallControlTestPipelineModule_TopLevel|Pipeline_stage3_State_stage2Counter[7]    ; regout           ;
; |StallControlTestPipelineModule_TopLevel|Pipeline_stage2_State_stage0Counter[4]    ; |StallControlTestPipelineModule_TopLevel|Pipeline_stage2_State_stage0Counter[4]    ; regout           ;
; |StallControlTestPipelineModule_TopLevel|Pipeline_stage3_State_stage0Counter~4     ; |StallControlTestPipelineModule_TopLevel|Pipeline_stage3_State_stage0Counter~4     ; combout          ;
; |StallControlTestPipelineModule_TopLevel|Pipeline_stage2_State_stage0Counter[5]    ; |StallControlTestPipelineModule_TopLevel|Pipeline_stage2_State_stage0Counter[5]    ; regout           ;
; |StallControlTestPipelineModule_TopLevel|Pipeline_stage3_State_stage0Counter~5     ; |StallControlTestPipelineModule_TopLevel|Pipeline_stage3_State_stage0Counter~5     ; combout          ;
; |StallControlTestPipelineModule_TopLevel|Pipeline_stage2_State_stage0Counter[6]    ; |StallControlTestPipelineModule_TopLevel|Pipeline_stage2_State_stage0Counter[6]    ; regout           ;
; |StallControlTestPipelineModule_TopLevel|Pipeline_stage3_State_stage0Counter~6     ; |StallControlTestPipelineModule_TopLevel|Pipeline_stage3_State_stage0Counter~6     ; combout          ;
; |StallControlTestPipelineModule_TopLevel|Pipeline_stage2_State_stage0Counter[7]    ; |StallControlTestPipelineModule_TopLevel|Pipeline_stage2_State_stage0Counter[7]    ; regout           ;
; |StallControlTestPipelineModule_TopLevel|Pipeline_stage3_State_stage0Counter~7     ; |StallControlTestPipelineModule_TopLevel|Pipeline_stage3_State_stage0Counter~7     ; combout          ;
; |StallControlTestPipelineModule_TopLevel|Pipeline_stage2_State_stage1Counter[5]    ; |StallControlTestPipelineModule_TopLevel|Pipeline_stage2_State_stage1Counter[5]    ; regout           ;
; |StallControlTestPipelineModule_TopLevel|Pipeline_stage3_State_stage1Counter~5     ; |StallControlTestPipelineModule_TopLevel|Pipeline_stage3_State_stage1Counter~5     ; combout          ;
; |StallControlTestPipelineModule_TopLevel|Pipeline_stage2_State_stage1Counter[6]    ; |StallControlTestPipelineModule_TopLevel|Pipeline_stage2_State_stage1Counter[6]    ; regout           ;
; |StallControlTestPipelineModule_TopLevel|Pipeline_stage3_State_stage1Counter~6     ; |StallControlTestPipelineModule_TopLevel|Pipeline_stage3_State_stage1Counter~6     ; combout          ;
; |StallControlTestPipelineModule_TopLevel|Pipeline_stage2_State_stage1Counter[7]    ; |StallControlTestPipelineModule_TopLevel|Pipeline_stage2_State_stage1Counter[7]    ; regout           ;
; |StallControlTestPipelineModule_TopLevel|Pipeline_stage3_State_stage1Counter~7     ; |StallControlTestPipelineModule_TopLevel|Pipeline_stage3_State_stage1Counter~7     ; combout          ;
; |StallControlTestPipelineModule_TopLevel|Pipeline_stage3_State_stage2Counter~5     ; |StallControlTestPipelineModule_TopLevel|Pipeline_stage3_State_stage2Counter~5     ; combout          ;
; |StallControlTestPipelineModule_TopLevel|Pipeline_stage3_State_stage2Counter~6     ; |StallControlTestPipelineModule_TopLevel|Pipeline_stage3_State_stage2Counter~6     ; combout          ;
; |StallControlTestPipelineModule_TopLevel|Pipeline_stage3_State_stage2Counter~7     ; |StallControlTestPipelineModule_TopLevel|Pipeline_stage3_State_stage2Counter~7     ; combout          ;
; |StallControlTestPipelineModule_TopLevel|Pipeline_stage1_State_stage0Counter[4]    ; |StallControlTestPipelineModule_TopLevel|Pipeline_stage1_State_stage0Counter[4]    ; regout           ;
; |StallControlTestPipelineModule_TopLevel|Pipeline_stage2_State_stage0Counter~4     ; |StallControlTestPipelineModule_TopLevel|Pipeline_stage2_State_stage0Counter~4     ; combout          ;
; |StallControlTestPipelineModule_TopLevel|Pipeline_stage1_State_stage0Counter[5]    ; |StallControlTestPipelineModule_TopLevel|Pipeline_stage1_State_stage0Counter[5]    ; regout           ;
; |StallControlTestPipelineModule_TopLevel|Pipeline_stage2_State_stage0Counter~5     ; |StallControlTestPipelineModule_TopLevel|Pipeline_stage2_State_stage0Counter~5     ; combout          ;
; |StallControlTestPipelineModule_TopLevel|Pipeline_stage1_State_stage0Counter[6]    ; |StallControlTestPipelineModule_TopLevel|Pipeline_stage1_State_stage0Counter[6]    ; regout           ;
; |StallControlTestPipelineModule_TopLevel|Pipeline_stage2_State_stage0Counter~6     ; |StallControlTestPipelineModule_TopLevel|Pipeline_stage2_State_stage0Counter~6     ; combout          ;
; |StallControlTestPipelineModule_TopLevel|Pipeline_stage1_State_stage0Counter[7]    ; |StallControlTestPipelineModule_TopLevel|Pipeline_stage1_State_stage0Counter[7]    ; regout           ;
; |StallControlTestPipelineModule_TopLevel|Pipeline_stage2_State_stage0Counter~7     ; |StallControlTestPipelineModule_TopLevel|Pipeline_stage2_State_stage0Counter~7     ; combout          ;
; |StallControlTestPipelineModule_TopLevel|Pipeline_stage2_State_stage1Counter~5     ; |StallControlTestPipelineModule_TopLevel|Pipeline_stage2_State_stage1Counter~5     ; combout          ;
; |StallControlTestPipelineModule_TopLevel|Pipeline_stage2_State_stage1Counter~6     ; |StallControlTestPipelineModule_TopLevel|Pipeline_stage2_State_stage1Counter~6     ; combout          ;
; |StallControlTestPipelineModule_TopLevel|Pipeline_stage2_State_stage1Counter~7     ; |StallControlTestPipelineModule_TopLevel|Pipeline_stage2_State_stage1Counter~7     ; combout          ;
; |StallControlTestPipelineModule_TopLevel|Pipeline_stage1_State_stage0Counter~4     ; |StallControlTestPipelineModule_TopLevel|Pipeline_stage1_State_stage0Counter~4     ; combout          ;
; |StallControlTestPipelineModule_TopLevel|Pipeline_stage1_State_stage0Counter~5     ; |StallControlTestPipelineModule_TopLevel|Pipeline_stage1_State_stage0Counter~5     ; combout          ;
; |StallControlTestPipelineModule_TopLevel|Pipeline_stage1_State_stage0Counter~6     ; |StallControlTestPipelineModule_TopLevel|Pipeline_stage1_State_stage0Counter~6     ; combout          ;
; |StallControlTestPipelineModule_TopLevel|Pipeline_stage1_State_stage0Counter~7     ; |StallControlTestPipelineModule_TopLevel|Pipeline_stage1_State_stage0Counter~7     ; combout          ;
; |StallControlTestPipelineModule_TopLevel|outResult_stage0Counter[4]                ; |StallControlTestPipelineModule_TopLevel|outResult_stage0Counter[4]                ; padio            ;
; |StallControlTestPipelineModule_TopLevel|outResult_stage0Counter[5]                ; |StallControlTestPipelineModule_TopLevel|outResult_stage0Counter[5]                ; padio            ;
; |StallControlTestPipelineModule_TopLevel|outResult_stage0Counter[6]                ; |StallControlTestPipelineModule_TopLevel|outResult_stage0Counter[6]                ; padio            ;
; |StallControlTestPipelineModule_TopLevel|outResult_stage0Counter[7]                ; |StallControlTestPipelineModule_TopLevel|outResult_stage0Counter[7]                ; padio            ;
; |StallControlTestPipelineModule_TopLevel|outResult_stage1Counter[4]                ; |StallControlTestPipelineModule_TopLevel|outResult_stage1Counter[4]                ; padio            ;
; |StallControlTestPipelineModule_TopLevel|outResult_stage1Counter[5]                ; |StallControlTestPipelineModule_TopLevel|outResult_stage1Counter[5]                ; padio            ;
; |StallControlTestPipelineModule_TopLevel|outResult_stage1Counter[6]                ; |StallControlTestPipelineModule_TopLevel|outResult_stage1Counter[6]                ; padio            ;
; |StallControlTestPipelineModule_TopLevel|outResult_stage1Counter[7]                ; |StallControlTestPipelineModule_TopLevel|outResult_stage1Counter[7]                ; padio            ;
; |StallControlTestPipelineModule_TopLevel|outResult_stage2Counter[5]                ; |StallControlTestPipelineModule_TopLevel|outResult_stage2Counter[5]                ; padio            ;
; |StallControlTestPipelineModule_TopLevel|outResult_stage2Counter[6]                ; |StallControlTestPipelineModule_TopLevel|outResult_stage2Counter[6]                ; padio            ;
; |StallControlTestPipelineModule_TopLevel|outResult_stage2Counter[7]                ; |StallControlTestPipelineModule_TopLevel|outResult_stage2Counter[7]                ; padio            ;
; |StallControlTestPipelineModule_TopLevel|outResult_stage3Counter[5]                ; |StallControlTestPipelineModule_TopLevel|outResult_stage3Counter[5]                ; padio            ;
; |StallControlTestPipelineModule_TopLevel|outResult_stage3Counter[6]                ; |StallControlTestPipelineModule_TopLevel|outResult_stage3Counter[6]                ; padio            ;
; |StallControlTestPipelineModule_TopLevel|outResult_stage3Counter[7]                ; |StallControlTestPipelineModule_TopLevel|outResult_stage3Counter[7]                ; padio            ;
+------------------------------------------------------------------------------------+------------------------------------------------------------------------------------+------------------+


+---------------------+
; Simulator INI Usage ;
+--------+------------+
; Option ; Usage      ;
+--------+------------+


+--------------------+
; Simulator Messages ;
+--------------------+
Info: *******************************************************************
Info: Running Quartus II Simulator
    Info: Version 9.1 Build 350 03/24/2010 Service Pack 2 SJ Web Edition
    Info: Copyright (C) 1991-2010 Altera Corporation. All rights reserved.
    Info: Your use of Altera Corporation's design tools, logic functions 
    Info: and other software and tools, and its AMPP partner logic 
    Info: functions, and any output files from any of the foregoing 
    Info: (including device programming or simulation files), and any 
    Info: associated documentation or information are expressly subject 
    Info: to the terms and conditions of the Altera Program License 
    Info: Subscription Agreement, Altera MegaCore Function License 
    Info: Agreement, or other applicable license agreement, including, 
    Info: without limitation, that your use is for the sole purpose of 
    Info: programming logic devices manufactured by Altera and sold by 
    Info: Altera or its authorized distributors.  Please refer to the 
    Info: applicable agreement for further details.
    Info: Processing started: Sun Feb 21 17:41:42 2021
Info: Command: quartus_sim C:\code\qusoc\rtl\rtl.hdl\Verilog.qpf --read_settings_files=on --write_settings_files=off -c Verilog
Info: Using vector source file "Waveforms/StallControlTestPipelineModule.vwf"
Info: Overwriting simulation input file with simulation results
    Info: A backup of StallControlTestPipelineModule.vwf called Verilog.sim_ori.vwf has been created in the db folder
Info: Option to preserve fewer signal transitions to reduce memory requirements is enabled
    Info: Simulation has been partitioned into sub-simulations according to the maximum transition count determined by the engine. Transitions from memory will be flushed out to disk at the end of each sub-simulation to reduce memory requirements.
Info: Simulation partitioned into 1 sub-simulations
Info: Simulation coverage is      68.20 %
Info: Number of transitions in simulation is 3009
Info: Vector file StallControlTestPipelineModule.vwf is saved in VWF text format. You can compress it into CVWF format in order to reduce file size. For more details please refer to the Quartus II Help.
Info: Quartus II Simulator was successful. 0 errors, 0 warnings
    Info: Peak virtual memory: 158 megabytes
    Info: Processing ended: Sun Feb 21 17:41:42 2021
    Info: Elapsed time: 00:00:00
    Info: Total CPU time (on all processors): 00:00:02


