Simulator report for Verilog
Sun Jan 17 21:38:57 2021
Quartus II Version 9.1 Build 350 03/24/2010 Service Pack 2 SJ Web Edition


---------------------
; Table of Contents ;
---------------------
  1. Legal Notice
  2. Simulator Summary
  3. Simulator Settings
  4. Simulation Waveforms
  5. Coverage Summary
  6. Complete 1/0-Value Coverage
  7. Missing 1-Value Coverage
  8. Missing 0-Value Coverage
  9. Simulator INI Usage
 10. Simulator Messages



----------------
; Legal Notice ;
----------------
Copyright (C) 1991-2010 Altera Corporation
Your use of Altera Corporation's design tools, logic functions 
and other software and tools, and its AMPP partner logic 
functions, and any output files from any of the foregoing 
(including device programming or simulation files), and any 
associated documentation or information are expressly subject 
to the terms and conditions of the Altera Program License 
Subscription Agreement, Altera MegaCore Function License 
Agreement, or other applicable license agreement, including, 
without limitation, that your use is for the sole purpose of 
programming logic devices manufactured by Altera and sold by 
Altera or its authorized distributors.  Please refer to the 
applicable agreement for further details.



+--------------------------------------------+
; Simulator Summary                          ;
+-----------------------------+--------------+
; Type                        ; Value        ;
+-----------------------------+--------------+
; Simulation Start Time       ; 0 ps         ;
; Simulation End Time         ; 1.0 ms       ;
; Simulation Netlist Size     ; 290 nodes    ;
; Simulation Coverage         ;      87.14 % ;
; Total Number of Transitions ; 1108         ;
; Simulation Breakpoints      ; 0            ;
; Family                      ; Cyclone II   ;
; Device                      ; EP2C5F256C6  ;
+-----------------------------+--------------+


+----------------------------------------------------------------------------------------------------------------------------------------------------+
; Simulator Settings                                                                                                                                 ;
+--------------------------------------------------------------------------------------------+---------------------------------------+---------------+
; Option                                                                                     ; Setting                               ; Default Value ;
+--------------------------------------------------------------------------------------------+---------------------------------------+---------------+
; Simulation mode                                                                            ; Timing                                ; Timing        ;
; Start time                                                                                 ; 0 ns                                  ; 0 ns          ;
; Simulation results format                                                                  ; CVWF                                  ;               ;
; Vector input source                                                                        ; Waveforms/StagePeekPipelineModule.vwf ;               ;
; Add pins automatically to simulation output waveforms                                      ; On                                    ; On            ;
; Check outputs                                                                              ; Off                                   ; Off           ;
; Report simulation coverage                                                                 ; On                                    ; On            ;
; Display complete 1/0 value coverage report                                                 ; On                                    ; On            ;
; Display missing 1-value coverage report                                                    ; On                                    ; On            ;
; Display missing 0-value coverage report                                                    ; On                                    ; On            ;
; Detect setup and hold time violations                                                      ; Off                                   ; Off           ;
; Detect glitches                                                                            ; Off                                   ; Off           ;
; Disable timing delays in Timing Simulation                                                 ; Off                                   ; Off           ;
; Generate Signal Activity File                                                              ; Off                                   ; Off           ;
; Generate VCD File for PowerPlay Power Analyzer                                             ; Off                                   ; Off           ;
; Group bus channels in simulation results                                                   ; Off                                   ; Off           ;
; Preserve fewer signal transitions to reduce memory requirements                            ; On                                    ; On            ;
; Trigger vector comparison with the specified mode                                          ; INPUT_EDGE                            ; INPUT_EDGE    ;
; Disable setup and hold time violations detection in input registers of bi-directional pins ; Off                                   ; Off           ;
; Overwrite Waveform Inputs With Simulation Outputs                                          ; On                                    ;               ;
; Perform Glitch Filtering in Timing Simulation                                              ; Auto                                  ; Auto          ;
+--------------------------------------------------------------------------------------------+---------------------------------------+---------------+


+----------------------+
; Simulation Waveforms ;
+----------------------+
Waveform report data cannot be output to ASCII.
Please use Quartus II to view the waveform report data.


+--------------------------------------------------------------------+
; Coverage Summary                                                   ;
+-----------------------------------------------------+--------------+
; Type                                                ; Value        ;
+-----------------------------------------------------+--------------+
; Total coverage as a percentage                      ;      87.14 % ;
; Total nodes checked                                 ; 290          ;
; Total output ports checked                          ; 350          ;
; Total output ports with complete 1/0-value coverage ; 305          ;
; Total output ports with no 1/0-value coverage       ; 38           ;
; Total output ports with no 1-value coverage         ; 39           ;
; Total output ports with no 0-value coverage         ; 44           ;
+-----------------------------------------------------+--------------+


The following table displays output ports that toggle between 1 and 0 during simulation.
+----------------------------------------------------------------------------------------------------------------------------------------------------------------------+
; Complete 1/0-Value Coverage                                                                                                                                          ;
+-------------------------------------------------------------------------+-------------------------------------------------------------------------+------------------+
; Node Name                                                               ; Output Port Name                                                        ; Output Port Type ;
+-------------------------------------------------------------------------+-------------------------------------------------------------------------+------------------+
; |StagePeekPipelineModule_TopLevel|Pipeline_State_result[1]              ; |StagePeekPipelineModule_TopLevel|Pipeline_State_result[1]              ; regout           ;
; |StagePeekPipelineModule_TopLevel|Pipeline_State_result[2]              ; |StagePeekPipelineModule_TopLevel|Pipeline_State_result[2]              ; regout           ;
; |StagePeekPipelineModule_TopLevel|Pipeline_State_result[3]              ; |StagePeekPipelineModule_TopLevel|Pipeline_State_result[3]              ; regout           ;
; |StagePeekPipelineModule_TopLevel|Pipeline_State_result[11]             ; |StagePeekPipelineModule_TopLevel|Pipeline_State_result[11]             ; regout           ;
; |StagePeekPipelineModule_TopLevel|Pipeline_stage1_State_sums0[0]        ; |StagePeekPipelineModule_TopLevel|Pipeline_stage1_State_sums0[0]        ; regout           ;
; |StagePeekPipelineModule_TopLevel|Pipeline_stage1_State_sums0[2]        ; |StagePeekPipelineModule_TopLevel|Pipeline_stage1_State_sums0[2]        ; regout           ;
; |StagePeekPipelineModule_TopLevel|Pipeline_stage1_State_sums0[3]        ; |StagePeekPipelineModule_TopLevel|Pipeline_stage1_State_sums0[3]        ; regout           ;
; |StagePeekPipelineModule_TopLevel|Pipeline_stage1_State_sums0[4]        ; |StagePeekPipelineModule_TopLevel|Pipeline_stage1_State_sums0[4]        ; regout           ;
; |StagePeekPipelineModule_TopLevel|Pipeline_stage1_State_sums0[5]        ; |StagePeekPipelineModule_TopLevel|Pipeline_stage1_State_sums0[5]        ; regout           ;
; |StagePeekPipelineModule_TopLevel|Pipeline_stage1_State_sums0[6]        ; |StagePeekPipelineModule_TopLevel|Pipeline_stage1_State_sums0[6]        ; regout           ;
; |StagePeekPipelineModule_TopLevel|Pipeline_stage1_State_sums0[7]        ; |StagePeekPipelineModule_TopLevel|Pipeline_stage1_State_sums0[7]        ; regout           ;
; |StagePeekPipelineModule_TopLevel|Pipeline_stage1_State_sums0[8]        ; |StagePeekPipelineModule_TopLevel|Pipeline_stage1_State_sums0[8]        ; regout           ;
; |StagePeekPipelineModule_TopLevel|Pipeline_stage1_State_sums0[9]        ; |StagePeekPipelineModule_TopLevel|Pipeline_stage1_State_sums0[9]        ; regout           ;
; |StagePeekPipelineModule_TopLevel|Pipeline_stage1_State_sums1[0]        ; |StagePeekPipelineModule_TopLevel|Pipeline_stage1_State_sums1[0]        ; regout           ;
; |StagePeekPipelineModule_TopLevel|Pipeline_stage1_State_sums1[2]        ; |StagePeekPipelineModule_TopLevel|Pipeline_stage1_State_sums1[2]        ; regout           ;
; |StagePeekPipelineModule_TopLevel|Pipeline_stage1_State_sums1[3]        ; |StagePeekPipelineModule_TopLevel|Pipeline_stage1_State_sums1[3]        ; regout           ;
; |StagePeekPipelineModule_TopLevel|Pipeline_stage1_State_sums1[4]        ; |StagePeekPipelineModule_TopLevel|Pipeline_stage1_State_sums1[4]        ; regout           ;
; |StagePeekPipelineModule_TopLevel|Pipeline_stage1_State_sums1[5]        ; |StagePeekPipelineModule_TopLevel|Pipeline_stage1_State_sums1[5]        ; regout           ;
; |StagePeekPipelineModule_TopLevel|Pipeline_stage1_State_sums1[6]        ; |StagePeekPipelineModule_TopLevel|Pipeline_stage1_State_sums1[6]        ; regout           ;
; |StagePeekPipelineModule_TopLevel|Pipeline_stage1_State_sums1[7]        ; |StagePeekPipelineModule_TopLevel|Pipeline_stage1_State_sums1[7]        ; regout           ;
; |StagePeekPipelineModule_TopLevel|Pipeline_stage1_State_sums1[8]        ; |StagePeekPipelineModule_TopLevel|Pipeline_stage1_State_sums1[8]        ; regout           ;
; |StagePeekPipelineModule_TopLevel|Pipeline_stage1_State_sums1[9]        ; |StagePeekPipelineModule_TopLevel|Pipeline_stage1_State_sums1[9]        ; regout           ;
; |StagePeekPipelineModule_TopLevel|Pipeline_State_result[1]~11           ; |StagePeekPipelineModule_TopLevel|Pipeline_State_result[1]~11           ; combout          ;
; |StagePeekPipelineModule_TopLevel|Pipeline_State_result[1]~11           ; |StagePeekPipelineModule_TopLevel|Pipeline_State_result[1]~12           ; cout             ;
; |StagePeekPipelineModule_TopLevel|Pipeline_State_result[2]~13           ; |StagePeekPipelineModule_TopLevel|Pipeline_State_result[2]~13           ; combout          ;
; |StagePeekPipelineModule_TopLevel|Pipeline_State_result[3]~15           ; |StagePeekPipelineModule_TopLevel|Pipeline_State_result[3]~15           ; combout          ;
; |StagePeekPipelineModule_TopLevel|Pipeline_State_result[3]~15           ; |StagePeekPipelineModule_TopLevel|Pipeline_State_result[3]~16           ; cout             ;
; |StagePeekPipelineModule_TopLevel|Pipeline_State_result[4]~17           ; |StagePeekPipelineModule_TopLevel|Pipeline_State_result[4]~17           ; combout          ;
; |StagePeekPipelineModule_TopLevel|Pipeline_State_result[4]~17           ; |StagePeekPipelineModule_TopLevel|Pipeline_State_result[4]~18           ; cout             ;
; |StagePeekPipelineModule_TopLevel|Pipeline_State_result[5]~19           ; |StagePeekPipelineModule_TopLevel|Pipeline_State_result[5]~19           ; combout          ;
; |StagePeekPipelineModule_TopLevel|Pipeline_State_result[5]~19           ; |StagePeekPipelineModule_TopLevel|Pipeline_State_result[5]~20           ; cout             ;
; |StagePeekPipelineModule_TopLevel|Pipeline_State_result[6]~21           ; |StagePeekPipelineModule_TopLevel|Pipeline_State_result[6]~21           ; combout          ;
; |StagePeekPipelineModule_TopLevel|Pipeline_State_result[6]~21           ; |StagePeekPipelineModule_TopLevel|Pipeline_State_result[6]~22           ; cout             ;
; |StagePeekPipelineModule_TopLevel|Pipeline_State_result[7]~23           ; |StagePeekPipelineModule_TopLevel|Pipeline_State_result[7]~23           ; combout          ;
; |StagePeekPipelineModule_TopLevel|Pipeline_State_result[7]~23           ; |StagePeekPipelineModule_TopLevel|Pipeline_State_result[7]~24           ; cout             ;
; |StagePeekPipelineModule_TopLevel|Pipeline_State_result[8]~25           ; |StagePeekPipelineModule_TopLevel|Pipeline_State_result[8]~25           ; combout          ;
; |StagePeekPipelineModule_TopLevel|Pipeline_State_result[8]~25           ; |StagePeekPipelineModule_TopLevel|Pipeline_State_result[8]~26           ; cout             ;
; |StagePeekPipelineModule_TopLevel|Pipeline_State_result[9]~27           ; |StagePeekPipelineModule_TopLevel|Pipeline_State_result[9]~27           ; combout          ;
; |StagePeekPipelineModule_TopLevel|Pipeline_State_result[9]~27           ; |StagePeekPipelineModule_TopLevel|Pipeline_State_result[9]~28           ; cout             ;
; |StagePeekPipelineModule_TopLevel|Pipeline_State_result[10]~29          ; |StagePeekPipelineModule_TopLevel|Pipeline_State_result[10]~29          ; combout          ;
; |StagePeekPipelineModule_TopLevel|Pipeline_State_result[10]~29          ; |StagePeekPipelineModule_TopLevel|Pipeline_State_result[10]~30          ; cout             ;
; |StagePeekPipelineModule_TopLevel|Pipeline_State_result[11]~31          ; |StagePeekPipelineModule_TopLevel|Pipeline_State_result[11]~31          ; combout          ;
; |StagePeekPipelineModule_TopLevel|Pipeline_stage0_State_sums0[0]        ; |StagePeekPipelineModule_TopLevel|Pipeline_stage0_State_sums0[0]        ; regout           ;
; |StagePeekPipelineModule_TopLevel|Pipeline_stage1_State_sums0[0]~10     ; |StagePeekPipelineModule_TopLevel|Pipeline_stage1_State_sums0[0]~10     ; combout          ;
; |StagePeekPipelineModule_TopLevel|Pipeline_stage0_State_sums1[1]        ; |StagePeekPipelineModule_TopLevel|Pipeline_stage0_State_sums1[1]        ; regout           ;
; |StagePeekPipelineModule_TopLevel|Pipeline_stage0_State_sums0[1]        ; |StagePeekPipelineModule_TopLevel|Pipeline_stage0_State_sums0[1]        ; regout           ;
; |StagePeekPipelineModule_TopLevel|Pipeline_stage1_State_sums0[1]~12     ; |StagePeekPipelineModule_TopLevel|Pipeline_stage1_State_sums0[1]~12     ; combout          ;
; |StagePeekPipelineModule_TopLevel|Pipeline_stage1_State_sums0[1]~12     ; |StagePeekPipelineModule_TopLevel|Pipeline_stage1_State_sums0[1]~13     ; cout             ;
; |StagePeekPipelineModule_TopLevel|Pipeline_stage0_State_sums1[2]        ; |StagePeekPipelineModule_TopLevel|Pipeline_stage0_State_sums1[2]        ; regout           ;
; |StagePeekPipelineModule_TopLevel|Pipeline_stage0_State_sums0[2]        ; |StagePeekPipelineModule_TopLevel|Pipeline_stage0_State_sums0[2]        ; regout           ;
; |StagePeekPipelineModule_TopLevel|Pipeline_stage1_State_sums0[2]~14     ; |StagePeekPipelineModule_TopLevel|Pipeline_stage1_State_sums0[2]~14     ; combout          ;
; |StagePeekPipelineModule_TopLevel|Pipeline_stage1_State_sums0[2]~14     ; |StagePeekPipelineModule_TopLevel|Pipeline_stage1_State_sums0[2]~15     ; cout             ;
; |StagePeekPipelineModule_TopLevel|Pipeline_stage0_State_sums1[3]        ; |StagePeekPipelineModule_TopLevel|Pipeline_stage0_State_sums1[3]        ; regout           ;
; |StagePeekPipelineModule_TopLevel|Pipeline_stage0_State_sums0[3]        ; |StagePeekPipelineModule_TopLevel|Pipeline_stage0_State_sums0[3]        ; regout           ;
; |StagePeekPipelineModule_TopLevel|Pipeline_stage1_State_sums0[3]~16     ; |StagePeekPipelineModule_TopLevel|Pipeline_stage1_State_sums0[3]~16     ; combout          ;
; |StagePeekPipelineModule_TopLevel|Pipeline_stage1_State_sums0[3]~16     ; |StagePeekPipelineModule_TopLevel|Pipeline_stage1_State_sums0[3]~17     ; cout             ;
; |StagePeekPipelineModule_TopLevel|Pipeline_stage0_State_sums1[4]        ; |StagePeekPipelineModule_TopLevel|Pipeline_stage0_State_sums1[4]        ; regout           ;
; |StagePeekPipelineModule_TopLevel|Pipeline_stage0_State_sums0[4]        ; |StagePeekPipelineModule_TopLevel|Pipeline_stage0_State_sums0[4]        ; regout           ;
; |StagePeekPipelineModule_TopLevel|Pipeline_stage1_State_sums0[4]~18     ; |StagePeekPipelineModule_TopLevel|Pipeline_stage1_State_sums0[4]~18     ; combout          ;
; |StagePeekPipelineModule_TopLevel|Pipeline_stage1_State_sums0[4]~18     ; |StagePeekPipelineModule_TopLevel|Pipeline_stage1_State_sums0[4]~19     ; cout             ;
; |StagePeekPipelineModule_TopLevel|Pipeline_stage0_State_sums1[5]        ; |StagePeekPipelineModule_TopLevel|Pipeline_stage0_State_sums1[5]        ; regout           ;
; |StagePeekPipelineModule_TopLevel|Pipeline_stage0_State_sums0[5]        ; |StagePeekPipelineModule_TopLevel|Pipeline_stage0_State_sums0[5]        ; regout           ;
; |StagePeekPipelineModule_TopLevel|Pipeline_stage1_State_sums0[5]~20     ; |StagePeekPipelineModule_TopLevel|Pipeline_stage1_State_sums0[5]~20     ; combout          ;
; |StagePeekPipelineModule_TopLevel|Pipeline_stage1_State_sums0[5]~20     ; |StagePeekPipelineModule_TopLevel|Pipeline_stage1_State_sums0[5]~21     ; cout             ;
; |StagePeekPipelineModule_TopLevel|Pipeline_stage0_State_sums1[6]        ; |StagePeekPipelineModule_TopLevel|Pipeline_stage0_State_sums1[6]        ; regout           ;
; |StagePeekPipelineModule_TopLevel|Pipeline_stage0_State_sums0[6]        ; |StagePeekPipelineModule_TopLevel|Pipeline_stage0_State_sums0[6]        ; regout           ;
; |StagePeekPipelineModule_TopLevel|Pipeline_stage1_State_sums0[6]~22     ; |StagePeekPipelineModule_TopLevel|Pipeline_stage1_State_sums0[6]~22     ; combout          ;
; |StagePeekPipelineModule_TopLevel|Pipeline_stage1_State_sums0[6]~22     ; |StagePeekPipelineModule_TopLevel|Pipeline_stage1_State_sums0[6]~23     ; cout             ;
; |StagePeekPipelineModule_TopLevel|Pipeline_stage0_State_sums1[7]        ; |StagePeekPipelineModule_TopLevel|Pipeline_stage0_State_sums1[7]        ; regout           ;
; |StagePeekPipelineModule_TopLevel|Pipeline_stage0_State_sums0[7]        ; |StagePeekPipelineModule_TopLevel|Pipeline_stage0_State_sums0[7]        ; regout           ;
; |StagePeekPipelineModule_TopLevel|Pipeline_stage1_State_sums0[7]~24     ; |StagePeekPipelineModule_TopLevel|Pipeline_stage1_State_sums0[7]~24     ; combout          ;
; |StagePeekPipelineModule_TopLevel|Pipeline_stage1_State_sums0[7]~24     ; |StagePeekPipelineModule_TopLevel|Pipeline_stage1_State_sums0[7]~25     ; cout             ;
; |StagePeekPipelineModule_TopLevel|Pipeline_stage0_State_sums1[8]        ; |StagePeekPipelineModule_TopLevel|Pipeline_stage0_State_sums1[8]        ; regout           ;
; |StagePeekPipelineModule_TopLevel|Pipeline_stage0_State_sums0[8]        ; |StagePeekPipelineModule_TopLevel|Pipeline_stage0_State_sums0[8]        ; regout           ;
; |StagePeekPipelineModule_TopLevel|Pipeline_stage1_State_sums0[8]~26     ; |StagePeekPipelineModule_TopLevel|Pipeline_stage1_State_sums0[8]~26     ; combout          ;
; |StagePeekPipelineModule_TopLevel|Pipeline_stage1_State_sums0[8]~26     ; |StagePeekPipelineModule_TopLevel|Pipeline_stage1_State_sums0[8]~27     ; cout             ;
; |StagePeekPipelineModule_TopLevel|Pipeline_stage1_State_sums0[9]~28     ; |StagePeekPipelineModule_TopLevel|Pipeline_stage1_State_sums0[9]~28     ; combout          ;
; |StagePeekPipelineModule_TopLevel|Pipeline_stage0_State_sums3[0]        ; |StagePeekPipelineModule_TopLevel|Pipeline_stage0_State_sums3[0]        ; regout           ;
; |StagePeekPipelineModule_TopLevel|Pipeline_stage1_State_sums1[0]~10     ; |StagePeekPipelineModule_TopLevel|Pipeline_stage1_State_sums1[0]~10     ; combout          ;
; |StagePeekPipelineModule_TopLevel|Pipeline_stage0_State_sums3[1]        ; |StagePeekPipelineModule_TopLevel|Pipeline_stage0_State_sums3[1]        ; regout           ;
; |StagePeekPipelineModule_TopLevel|Pipeline_stage0_State_sums2[1]        ; |StagePeekPipelineModule_TopLevel|Pipeline_stage0_State_sums2[1]        ; regout           ;
; |StagePeekPipelineModule_TopLevel|Pipeline_stage1_State_sums1[1]~12     ; |StagePeekPipelineModule_TopLevel|Pipeline_stage1_State_sums1[1]~12     ; combout          ;
; |StagePeekPipelineModule_TopLevel|Pipeline_stage1_State_sums1[1]~12     ; |StagePeekPipelineModule_TopLevel|Pipeline_stage1_State_sums1[1]~13     ; cout             ;
; |StagePeekPipelineModule_TopLevel|Pipeline_stage0_State_sums3[2]        ; |StagePeekPipelineModule_TopLevel|Pipeline_stage0_State_sums3[2]        ; regout           ;
; |StagePeekPipelineModule_TopLevel|Pipeline_stage0_State_sums2[2]        ; |StagePeekPipelineModule_TopLevel|Pipeline_stage0_State_sums2[2]        ; regout           ;
; |StagePeekPipelineModule_TopLevel|Pipeline_stage1_State_sums1[2]~14     ; |StagePeekPipelineModule_TopLevel|Pipeline_stage1_State_sums1[2]~14     ; combout          ;
; |StagePeekPipelineModule_TopLevel|Pipeline_stage1_State_sums1[2]~14     ; |StagePeekPipelineModule_TopLevel|Pipeline_stage1_State_sums1[2]~15     ; cout             ;
; |StagePeekPipelineModule_TopLevel|Pipeline_stage0_State_sums3[3]        ; |StagePeekPipelineModule_TopLevel|Pipeline_stage0_State_sums3[3]        ; regout           ;
; |StagePeekPipelineModule_TopLevel|Pipeline_stage0_State_sums2[3]        ; |StagePeekPipelineModule_TopLevel|Pipeline_stage0_State_sums2[3]        ; regout           ;
; |StagePeekPipelineModule_TopLevel|Pipeline_stage1_State_sums1[3]~16     ; |StagePeekPipelineModule_TopLevel|Pipeline_stage1_State_sums1[3]~16     ; combout          ;
; |StagePeekPipelineModule_TopLevel|Pipeline_stage1_State_sums1[3]~16     ; |StagePeekPipelineModule_TopLevel|Pipeline_stage1_State_sums1[3]~17     ; cout             ;
; |StagePeekPipelineModule_TopLevel|Pipeline_stage0_State_sums3[4]        ; |StagePeekPipelineModule_TopLevel|Pipeline_stage0_State_sums3[4]        ; regout           ;
; |StagePeekPipelineModule_TopLevel|Pipeline_stage0_State_sums2[4]        ; |StagePeekPipelineModule_TopLevel|Pipeline_stage0_State_sums2[4]        ; regout           ;
; |StagePeekPipelineModule_TopLevel|Pipeline_stage1_State_sums1[4]~18     ; |StagePeekPipelineModule_TopLevel|Pipeline_stage1_State_sums1[4]~18     ; combout          ;
; |StagePeekPipelineModule_TopLevel|Pipeline_stage1_State_sums1[4]~18     ; |StagePeekPipelineModule_TopLevel|Pipeline_stage1_State_sums1[4]~19     ; cout             ;
; |StagePeekPipelineModule_TopLevel|Pipeline_stage0_State_sums3[5]        ; |StagePeekPipelineModule_TopLevel|Pipeline_stage0_State_sums3[5]        ; regout           ;
; |StagePeekPipelineModule_TopLevel|Pipeline_stage0_State_sums2[5]        ; |StagePeekPipelineModule_TopLevel|Pipeline_stage0_State_sums2[5]        ; regout           ;
; |StagePeekPipelineModule_TopLevel|Pipeline_stage1_State_sums1[5]~20     ; |StagePeekPipelineModule_TopLevel|Pipeline_stage1_State_sums1[5]~20     ; combout          ;
; |StagePeekPipelineModule_TopLevel|Pipeline_stage1_State_sums1[5]~20     ; |StagePeekPipelineModule_TopLevel|Pipeline_stage1_State_sums1[5]~21     ; cout             ;
; |StagePeekPipelineModule_TopLevel|Pipeline_stage0_State_sums3[6]        ; |StagePeekPipelineModule_TopLevel|Pipeline_stage0_State_sums3[6]        ; regout           ;
; |StagePeekPipelineModule_TopLevel|Pipeline_stage0_State_sums2[6]        ; |StagePeekPipelineModule_TopLevel|Pipeline_stage0_State_sums2[6]        ; regout           ;
; |StagePeekPipelineModule_TopLevel|Pipeline_stage1_State_sums1[6]~22     ; |StagePeekPipelineModule_TopLevel|Pipeline_stage1_State_sums1[6]~22     ; combout          ;
; |StagePeekPipelineModule_TopLevel|Pipeline_stage1_State_sums1[6]~22     ; |StagePeekPipelineModule_TopLevel|Pipeline_stage1_State_sums1[6]~23     ; cout             ;
; |StagePeekPipelineModule_TopLevel|Pipeline_stage0_State_sums3[7]        ; |StagePeekPipelineModule_TopLevel|Pipeline_stage0_State_sums3[7]        ; regout           ;
; |StagePeekPipelineModule_TopLevel|Pipeline_stage0_State_sums2[7]        ; |StagePeekPipelineModule_TopLevel|Pipeline_stage0_State_sums2[7]        ; regout           ;
; |StagePeekPipelineModule_TopLevel|Pipeline_stage1_State_sums1[7]~24     ; |StagePeekPipelineModule_TopLevel|Pipeline_stage1_State_sums1[7]~24     ; combout          ;
; |StagePeekPipelineModule_TopLevel|Pipeline_stage1_State_sums1[7]~24     ; |StagePeekPipelineModule_TopLevel|Pipeline_stage1_State_sums1[7]~25     ; cout             ;
; |StagePeekPipelineModule_TopLevel|Pipeline_stage0_State_sums3[8]        ; |StagePeekPipelineModule_TopLevel|Pipeline_stage0_State_sums3[8]        ; regout           ;
; |StagePeekPipelineModule_TopLevel|Pipeline_stage0_State_sums2[8]        ; |StagePeekPipelineModule_TopLevel|Pipeline_stage0_State_sums2[8]        ; regout           ;
; |StagePeekPipelineModule_TopLevel|Pipeline_stage1_State_sums1[8]~26     ; |StagePeekPipelineModule_TopLevel|Pipeline_stage1_State_sums1[8]~26     ; combout          ;
; |StagePeekPipelineModule_TopLevel|Pipeline_stage1_State_sums1[8]~26     ; |StagePeekPipelineModule_TopLevel|Pipeline_stage1_State_sums1[8]~27     ; cout             ;
; |StagePeekPipelineModule_TopLevel|Pipeline_stage1_State_sums1[9]~28     ; |StagePeekPipelineModule_TopLevel|Pipeline_stage1_State_sums1[9]~28     ; combout          ;
; |StagePeekPipelineModule_TopLevel|Pipeline_stage0_State_sums1[0]~9      ; |StagePeekPipelineModule_TopLevel|Pipeline_stage0_State_sums1[0]~9      ; combout          ;
; |StagePeekPipelineModule_TopLevel|Pipeline_stage0_State_sums1[0]~9      ; |StagePeekPipelineModule_TopLevel|Pipeline_stage0_State_sums1[0]~10     ; cout             ;
; |StagePeekPipelineModule_TopLevel|Pipeline_stage0_State_sums0[0]~9      ; |StagePeekPipelineModule_TopLevel|Pipeline_stage0_State_sums0[0]~9      ; combout          ;
; |StagePeekPipelineModule_TopLevel|Pipeline_stage0_State_sums0[0]~9      ; |StagePeekPipelineModule_TopLevel|Pipeline_stage0_State_sums0[0]~10     ; cout             ;
; |StagePeekPipelineModule_TopLevel|Pipeline_stage0_State_sums1[1]~11     ; |StagePeekPipelineModule_TopLevel|Pipeline_stage0_State_sums1[1]~11     ; combout          ;
; |StagePeekPipelineModule_TopLevel|Pipeline_stage0_State_sums1[1]~11     ; |StagePeekPipelineModule_TopLevel|Pipeline_stage0_State_sums1[1]~12     ; cout             ;
; |StagePeekPipelineModule_TopLevel|Pipeline_stage0_State_sums0[1]~11     ; |StagePeekPipelineModule_TopLevel|Pipeline_stage0_State_sums0[1]~11     ; combout          ;
; |StagePeekPipelineModule_TopLevel|Pipeline_stage0_State_sums0[1]~11     ; |StagePeekPipelineModule_TopLevel|Pipeline_stage0_State_sums0[1]~12     ; cout             ;
; |StagePeekPipelineModule_TopLevel|Pipeline_stage0_State_sums1[2]~13     ; |StagePeekPipelineModule_TopLevel|Pipeline_stage0_State_sums1[2]~13     ; combout          ;
; |StagePeekPipelineModule_TopLevel|Pipeline_stage0_State_sums1[2]~13     ; |StagePeekPipelineModule_TopLevel|Pipeline_stage0_State_sums1[2]~14     ; cout             ;
; |StagePeekPipelineModule_TopLevel|Pipeline_stage0_State_sums0[2]~13     ; |StagePeekPipelineModule_TopLevel|Pipeline_stage0_State_sums0[2]~13     ; combout          ;
; |StagePeekPipelineModule_TopLevel|Pipeline_stage0_State_sums0[2]~13     ; |StagePeekPipelineModule_TopLevel|Pipeline_stage0_State_sums0[2]~14     ; cout             ;
; |StagePeekPipelineModule_TopLevel|Pipeline_stage0_State_sums1[3]~15     ; |StagePeekPipelineModule_TopLevel|Pipeline_stage0_State_sums1[3]~15     ; combout          ;
; |StagePeekPipelineModule_TopLevel|Pipeline_stage0_State_sums1[3]~15     ; |StagePeekPipelineModule_TopLevel|Pipeline_stage0_State_sums1[3]~16     ; cout             ;
; |StagePeekPipelineModule_TopLevel|Pipeline_stage0_State_sums0[3]~15     ; |StagePeekPipelineModule_TopLevel|Pipeline_stage0_State_sums0[3]~15     ; combout          ;
; |StagePeekPipelineModule_TopLevel|Pipeline_stage0_State_sums0[3]~15     ; |StagePeekPipelineModule_TopLevel|Pipeline_stage0_State_sums0[3]~16     ; cout             ;
; |StagePeekPipelineModule_TopLevel|Pipeline_stage0_State_sums1[4]~17     ; |StagePeekPipelineModule_TopLevel|Pipeline_stage0_State_sums1[4]~17     ; combout          ;
; |StagePeekPipelineModule_TopLevel|Pipeline_stage0_State_sums1[4]~17     ; |StagePeekPipelineModule_TopLevel|Pipeline_stage0_State_sums1[4]~18     ; cout             ;
; |StagePeekPipelineModule_TopLevel|Pipeline_stage0_State_sums0[4]~17     ; |StagePeekPipelineModule_TopLevel|Pipeline_stage0_State_sums0[4]~17     ; combout          ;
; |StagePeekPipelineModule_TopLevel|Pipeline_stage0_State_sums0[4]~17     ; |StagePeekPipelineModule_TopLevel|Pipeline_stage0_State_sums0[4]~18     ; cout             ;
; |StagePeekPipelineModule_TopLevel|Pipeline_stage0_State_sums1[5]~19     ; |StagePeekPipelineModule_TopLevel|Pipeline_stage0_State_sums1[5]~19     ; combout          ;
; |StagePeekPipelineModule_TopLevel|Pipeline_stage0_State_sums1[5]~19     ; |StagePeekPipelineModule_TopLevel|Pipeline_stage0_State_sums1[5]~20     ; cout             ;
; |StagePeekPipelineModule_TopLevel|Pipeline_stage0_State_sums0[5]~19     ; |StagePeekPipelineModule_TopLevel|Pipeline_stage0_State_sums0[5]~19     ; combout          ;
; |StagePeekPipelineModule_TopLevel|Pipeline_stage0_State_sums0[5]~19     ; |StagePeekPipelineModule_TopLevel|Pipeline_stage0_State_sums0[5]~20     ; cout             ;
; |StagePeekPipelineModule_TopLevel|Pipeline_stage0_State_sums1[6]~21     ; |StagePeekPipelineModule_TopLevel|Pipeline_stage0_State_sums1[6]~21     ; combout          ;
; |StagePeekPipelineModule_TopLevel|Pipeline_stage0_State_sums1[6]~21     ; |StagePeekPipelineModule_TopLevel|Pipeline_stage0_State_sums1[6]~22     ; cout             ;
; |StagePeekPipelineModule_TopLevel|Pipeline_stage0_State_sums0[6]~21     ; |StagePeekPipelineModule_TopLevel|Pipeline_stage0_State_sums0[6]~21     ; combout          ;
; |StagePeekPipelineModule_TopLevel|Pipeline_stage0_State_sums0[6]~21     ; |StagePeekPipelineModule_TopLevel|Pipeline_stage0_State_sums0[6]~22     ; cout             ;
; |StagePeekPipelineModule_TopLevel|Pipeline_stage0_State_sums1[7]~23     ; |StagePeekPipelineModule_TopLevel|Pipeline_stage0_State_sums1[7]~23     ; combout          ;
; |StagePeekPipelineModule_TopLevel|Pipeline_stage0_State_sums1[7]~23     ; |StagePeekPipelineModule_TopLevel|Pipeline_stage0_State_sums1[7]~24     ; cout             ;
; |StagePeekPipelineModule_TopLevel|Pipeline_stage0_State_sums0[7]~23     ; |StagePeekPipelineModule_TopLevel|Pipeline_stage0_State_sums0[7]~23     ; combout          ;
; |StagePeekPipelineModule_TopLevel|Pipeline_stage0_State_sums0[7]~23     ; |StagePeekPipelineModule_TopLevel|Pipeline_stage0_State_sums0[7]~24     ; cout             ;
; |StagePeekPipelineModule_TopLevel|Pipeline_stage0_State_sums1[8]~25     ; |StagePeekPipelineModule_TopLevel|Pipeline_stage0_State_sums1[8]~25     ; combout          ;
; |StagePeekPipelineModule_TopLevel|Pipeline_stage0_State_sums0[8]~25     ; |StagePeekPipelineModule_TopLevel|Pipeline_stage0_State_sums0[8]~25     ; combout          ;
; |StagePeekPipelineModule_TopLevel|Pipeline_stage0_State_sums3[0]~9      ; |StagePeekPipelineModule_TopLevel|Pipeline_stage0_State_sums3[0]~9      ; combout          ;
; |StagePeekPipelineModule_TopLevel|Pipeline_stage0_State_sums3[0]~9      ; |StagePeekPipelineModule_TopLevel|Pipeline_stage0_State_sums3[0]~10     ; cout             ;
; |StagePeekPipelineModule_TopLevel|Pipeline_stage0_State_sums2[0]~9      ; |StagePeekPipelineModule_TopLevel|Pipeline_stage0_State_sums2[0]~9      ; combout          ;
; |StagePeekPipelineModule_TopLevel|Pipeline_stage0_State_sums2[0]~9      ; |StagePeekPipelineModule_TopLevel|Pipeline_stage0_State_sums2[0]~10     ; cout             ;
; |StagePeekPipelineModule_TopLevel|Pipeline_stage0_State_sums3[1]~11     ; |StagePeekPipelineModule_TopLevel|Pipeline_stage0_State_sums3[1]~11     ; combout          ;
; |StagePeekPipelineModule_TopLevel|Pipeline_stage0_State_sums3[1]~11     ; |StagePeekPipelineModule_TopLevel|Pipeline_stage0_State_sums3[1]~12     ; cout             ;
; |StagePeekPipelineModule_TopLevel|Pipeline_stage0_State_sums2[1]~11     ; |StagePeekPipelineModule_TopLevel|Pipeline_stage0_State_sums2[1]~11     ; combout          ;
; |StagePeekPipelineModule_TopLevel|Pipeline_stage0_State_sums2[1]~11     ; |StagePeekPipelineModule_TopLevel|Pipeline_stage0_State_sums2[1]~12     ; cout             ;
; |StagePeekPipelineModule_TopLevel|Pipeline_stage0_State_sums3[2]~13     ; |StagePeekPipelineModule_TopLevel|Pipeline_stage0_State_sums3[2]~13     ; combout          ;
; |StagePeekPipelineModule_TopLevel|Pipeline_stage0_State_sums3[2]~13     ; |StagePeekPipelineModule_TopLevel|Pipeline_stage0_State_sums3[2]~14     ; cout             ;
; |StagePeekPipelineModule_TopLevel|Pipeline_stage0_State_sums2[2]~13     ; |StagePeekPipelineModule_TopLevel|Pipeline_stage0_State_sums2[2]~13     ; combout          ;
; |StagePeekPipelineModule_TopLevel|Pipeline_stage0_State_sums2[2]~13     ; |StagePeekPipelineModule_TopLevel|Pipeline_stage0_State_sums2[2]~14     ; cout             ;
; |StagePeekPipelineModule_TopLevel|Pipeline_stage0_State_sums3[3]~15     ; |StagePeekPipelineModule_TopLevel|Pipeline_stage0_State_sums3[3]~15     ; combout          ;
; |StagePeekPipelineModule_TopLevel|Pipeline_stage0_State_sums3[3]~15     ; |StagePeekPipelineModule_TopLevel|Pipeline_stage0_State_sums3[3]~16     ; cout             ;
; |StagePeekPipelineModule_TopLevel|Pipeline_stage0_State_sums2[3]~15     ; |StagePeekPipelineModule_TopLevel|Pipeline_stage0_State_sums2[3]~15     ; combout          ;
; |StagePeekPipelineModule_TopLevel|Pipeline_stage0_State_sums2[3]~15     ; |StagePeekPipelineModule_TopLevel|Pipeline_stage0_State_sums2[3]~16     ; cout             ;
; |StagePeekPipelineModule_TopLevel|Pipeline_stage0_State_sums3[4]~17     ; |StagePeekPipelineModule_TopLevel|Pipeline_stage0_State_sums3[4]~17     ; combout          ;
; |StagePeekPipelineModule_TopLevel|Pipeline_stage0_State_sums3[4]~17     ; |StagePeekPipelineModule_TopLevel|Pipeline_stage0_State_sums3[4]~18     ; cout             ;
; |StagePeekPipelineModule_TopLevel|Pipeline_stage0_State_sums2[4]~17     ; |StagePeekPipelineModule_TopLevel|Pipeline_stage0_State_sums2[4]~17     ; combout          ;
; |StagePeekPipelineModule_TopLevel|Pipeline_stage0_State_sums2[4]~17     ; |StagePeekPipelineModule_TopLevel|Pipeline_stage0_State_sums2[4]~18     ; cout             ;
; |StagePeekPipelineModule_TopLevel|Pipeline_stage0_State_sums3[5]~19     ; |StagePeekPipelineModule_TopLevel|Pipeline_stage0_State_sums3[5]~19     ; combout          ;
; |StagePeekPipelineModule_TopLevel|Pipeline_stage0_State_sums3[5]~19     ; |StagePeekPipelineModule_TopLevel|Pipeline_stage0_State_sums3[5]~20     ; cout             ;
; |StagePeekPipelineModule_TopLevel|Pipeline_stage0_State_sums2[5]~19     ; |StagePeekPipelineModule_TopLevel|Pipeline_stage0_State_sums2[5]~19     ; combout          ;
; |StagePeekPipelineModule_TopLevel|Pipeline_stage0_State_sums2[5]~19     ; |StagePeekPipelineModule_TopLevel|Pipeline_stage0_State_sums2[5]~20     ; cout             ;
; |StagePeekPipelineModule_TopLevel|Pipeline_stage0_State_sums3[6]~21     ; |StagePeekPipelineModule_TopLevel|Pipeline_stage0_State_sums3[6]~21     ; combout          ;
; |StagePeekPipelineModule_TopLevel|Pipeline_stage0_State_sums3[6]~21     ; |StagePeekPipelineModule_TopLevel|Pipeline_stage0_State_sums3[6]~22     ; cout             ;
; |StagePeekPipelineModule_TopLevel|Pipeline_stage0_State_sums2[6]~21     ; |StagePeekPipelineModule_TopLevel|Pipeline_stage0_State_sums2[6]~21     ; combout          ;
; |StagePeekPipelineModule_TopLevel|Pipeline_stage0_State_sums2[6]~21     ; |StagePeekPipelineModule_TopLevel|Pipeline_stage0_State_sums2[6]~22     ; cout             ;
; |StagePeekPipelineModule_TopLevel|Pipeline_stage0_State_sums3[7]~23     ; |StagePeekPipelineModule_TopLevel|Pipeline_stage0_State_sums3[7]~23     ; combout          ;
; |StagePeekPipelineModule_TopLevel|Pipeline_stage0_State_sums3[7]~23     ; |StagePeekPipelineModule_TopLevel|Pipeline_stage0_State_sums3[7]~24     ; cout             ;
; |StagePeekPipelineModule_TopLevel|Pipeline_stage0_State_sums2[7]~23     ; |StagePeekPipelineModule_TopLevel|Pipeline_stage0_State_sums2[7]~23     ; combout          ;
; |StagePeekPipelineModule_TopLevel|Pipeline_stage0_State_sums2[7]~23     ; |StagePeekPipelineModule_TopLevel|Pipeline_stage0_State_sums2[7]~24     ; cout             ;
; |StagePeekPipelineModule_TopLevel|Pipeline_stage0_State_sums3[8]~25     ; |StagePeekPipelineModule_TopLevel|Pipeline_stage0_State_sums3[8]~25     ; combout          ;
; |StagePeekPipelineModule_TopLevel|Pipeline_stage0_State_sums2[8]~25     ; |StagePeekPipelineModule_TopLevel|Pipeline_stage0_State_sums2[8]~25     ; combout          ;
; |StagePeekPipelineModule_TopLevel|Pipeline_State_ready                  ; |StagePeekPipelineModule_TopLevel|Pipeline_State_ready                  ; regout           ;
; |StagePeekPipelineModule_TopLevel|Pipeline_stage1_State_ready           ; |StagePeekPipelineModule_TopLevel|Pipeline_stage1_State_ready           ; regout           ;
; |StagePeekPipelineModule_TopLevel|Pipeline_State_ready~0                ; |StagePeekPipelineModule_TopLevel|Pipeline_State_ready~0                ; combout          ;
; |StagePeekPipelineModule_TopLevel|Pipeline_stage0_State_ready           ; |StagePeekPipelineModule_TopLevel|Pipeline_stage0_State_ready           ; regout           ;
; |StagePeekPipelineModule_TopLevel|Pipeline_stage1_State_ready~0         ; |StagePeekPipelineModule_TopLevel|Pipeline_stage1_State_ready~0         ; combout          ;
; |StagePeekPipelineModule_TopLevel|Pipeline_stage0_State_ready~0         ; |StagePeekPipelineModule_TopLevel|Pipeline_stage0_State_ready~0         ; combout          ;
; |StagePeekPipelineModule_TopLevel|outReady                              ; |StagePeekPipelineModule_TopLevel|outReady                              ; padio            ;
; |StagePeekPipelineModule_TopLevel|outResult[1]                          ; |StagePeekPipelineModule_TopLevel|outResult[1]                          ; padio            ;
; |StagePeekPipelineModule_TopLevel|outResult[2]                          ; |StagePeekPipelineModule_TopLevel|outResult[2]                          ; padio            ;
; |StagePeekPipelineModule_TopLevel|outResult[3]                          ; |StagePeekPipelineModule_TopLevel|outResult[3]                          ; padio            ;
; |StagePeekPipelineModule_TopLevel|outResult[11]                         ; |StagePeekPipelineModule_TopLevel|outResult[11]                         ; padio            ;
; |StagePeekPipelineModule_TopLevel|stage1Ready                           ; |StagePeekPipelineModule_TopLevel|stage1Ready                           ; padio            ;
; |StagePeekPipelineModule_TopLevel|stage1Sum0[0]                         ; |StagePeekPipelineModule_TopLevel|stage1Sum0[0]                         ; padio            ;
; |StagePeekPipelineModule_TopLevel|stage1Sum0[2]                         ; |StagePeekPipelineModule_TopLevel|stage1Sum0[2]                         ; padio            ;
; |StagePeekPipelineModule_TopLevel|stage1Sum0[3]                         ; |StagePeekPipelineModule_TopLevel|stage1Sum0[3]                         ; padio            ;
; |StagePeekPipelineModule_TopLevel|stage1Sum0[4]                         ; |StagePeekPipelineModule_TopLevel|stage1Sum0[4]                         ; padio            ;
; |StagePeekPipelineModule_TopLevel|stage1Sum0[5]                         ; |StagePeekPipelineModule_TopLevel|stage1Sum0[5]                         ; padio            ;
; |StagePeekPipelineModule_TopLevel|stage1Sum0[6]                         ; |StagePeekPipelineModule_TopLevel|stage1Sum0[6]                         ; padio            ;
; |StagePeekPipelineModule_TopLevel|stage1Sum0[7]                         ; |StagePeekPipelineModule_TopLevel|stage1Sum0[7]                         ; padio            ;
; |StagePeekPipelineModule_TopLevel|stage1Sum0[8]                         ; |StagePeekPipelineModule_TopLevel|stage1Sum0[8]                         ; padio            ;
; |StagePeekPipelineModule_TopLevel|stage1Sum0[9]                         ; |StagePeekPipelineModule_TopLevel|stage1Sum0[9]                         ; padio            ;
; |StagePeekPipelineModule_TopLevel|stage1Sum1[0]                         ; |StagePeekPipelineModule_TopLevel|stage1Sum1[0]                         ; padio            ;
; |StagePeekPipelineModule_TopLevel|stage1Sum1[2]                         ; |StagePeekPipelineModule_TopLevel|stage1Sum1[2]                         ; padio            ;
; |StagePeekPipelineModule_TopLevel|stage1Sum1[3]                         ; |StagePeekPipelineModule_TopLevel|stage1Sum1[3]                         ; padio            ;
; |StagePeekPipelineModule_TopLevel|stage1Sum1[4]                         ; |StagePeekPipelineModule_TopLevel|stage1Sum1[4]                         ; padio            ;
; |StagePeekPipelineModule_TopLevel|stage1Sum1[5]                         ; |StagePeekPipelineModule_TopLevel|stage1Sum1[5]                         ; padio            ;
; |StagePeekPipelineModule_TopLevel|stage1Sum1[6]                         ; |StagePeekPipelineModule_TopLevel|stage1Sum1[6]                         ; padio            ;
; |StagePeekPipelineModule_TopLevel|stage1Sum1[7]                         ; |StagePeekPipelineModule_TopLevel|stage1Sum1[7]                         ; padio            ;
; |StagePeekPipelineModule_TopLevel|stage1Sum1[8]                         ; |StagePeekPipelineModule_TopLevel|stage1Sum1[8]                         ; padio            ;
; |StagePeekPipelineModule_TopLevel|stage1Sum1[9]                         ; |StagePeekPipelineModule_TopLevel|stage1Sum1[9]                         ; padio            ;
; |StagePeekPipelineModule_TopLevel|Clock                                 ; |StagePeekPipelineModule_TopLevel|Clock~corein                          ; combout          ;
; |StagePeekPipelineModule_TopLevel|inReady                               ; |StagePeekPipelineModule_TopLevel|inReady~corein                        ; combout          ;
; |StagePeekPipelineModule_TopLevel|inData3[0]                            ; |StagePeekPipelineModule_TopLevel|inData3[0]~corein                     ; combout          ;
; |StagePeekPipelineModule_TopLevel|inData2[0]                            ; |StagePeekPipelineModule_TopLevel|inData2[0]~corein                     ; combout          ;
; |StagePeekPipelineModule_TopLevel|inData1[0]                            ; |StagePeekPipelineModule_TopLevel|inData1[0]~corein                     ; combout          ;
; |StagePeekPipelineModule_TopLevel|inData0[0]                            ; |StagePeekPipelineModule_TopLevel|inData0[0]~corein                     ; combout          ;
; |StagePeekPipelineModule_TopLevel|inData3[1]                            ; |StagePeekPipelineModule_TopLevel|inData3[1]~corein                     ; combout          ;
; |StagePeekPipelineModule_TopLevel|inData2[1]                            ; |StagePeekPipelineModule_TopLevel|inData2[1]~corein                     ; combout          ;
; |StagePeekPipelineModule_TopLevel|inData1[1]                            ; |StagePeekPipelineModule_TopLevel|inData1[1]~corein                     ; combout          ;
; |StagePeekPipelineModule_TopLevel|inData0[1]                            ; |StagePeekPipelineModule_TopLevel|inData0[1]~corein                     ; combout          ;
; |StagePeekPipelineModule_TopLevel|inData3[2]                            ; |StagePeekPipelineModule_TopLevel|inData3[2]~corein                     ; combout          ;
; |StagePeekPipelineModule_TopLevel|inData2[2]                            ; |StagePeekPipelineModule_TopLevel|inData2[2]~corein                     ; combout          ;
; |StagePeekPipelineModule_TopLevel|inData1[2]                            ; |StagePeekPipelineModule_TopLevel|inData1[2]~corein                     ; combout          ;
; |StagePeekPipelineModule_TopLevel|inData0[2]                            ; |StagePeekPipelineModule_TopLevel|inData0[2]~corein                     ; combout          ;
; |StagePeekPipelineModule_TopLevel|inData3[3]                            ; |StagePeekPipelineModule_TopLevel|inData3[3]~corein                     ; combout          ;
; |StagePeekPipelineModule_TopLevel|inData2[3]                            ; |StagePeekPipelineModule_TopLevel|inData2[3]~corein                     ; combout          ;
; |StagePeekPipelineModule_TopLevel|inData1[3]                            ; |StagePeekPipelineModule_TopLevel|inData1[3]~corein                     ; combout          ;
; |StagePeekPipelineModule_TopLevel|inData0[3]                            ; |StagePeekPipelineModule_TopLevel|inData0[3]~corein                     ; combout          ;
; |StagePeekPipelineModule_TopLevel|inData3[4]                            ; |StagePeekPipelineModule_TopLevel|inData3[4]~corein                     ; combout          ;
; |StagePeekPipelineModule_TopLevel|inData2[4]                            ; |StagePeekPipelineModule_TopLevel|inData2[4]~corein                     ; combout          ;
; |StagePeekPipelineModule_TopLevel|inData1[4]                            ; |StagePeekPipelineModule_TopLevel|inData1[4]~corein                     ; combout          ;
; |StagePeekPipelineModule_TopLevel|inData0[4]                            ; |StagePeekPipelineModule_TopLevel|inData0[4]~corein                     ; combout          ;
; |StagePeekPipelineModule_TopLevel|inData3[5]                            ; |StagePeekPipelineModule_TopLevel|inData3[5]~corein                     ; combout          ;
; |StagePeekPipelineModule_TopLevel|inData2[5]                            ; |StagePeekPipelineModule_TopLevel|inData2[5]~corein                     ; combout          ;
; |StagePeekPipelineModule_TopLevel|inData1[5]                            ; |StagePeekPipelineModule_TopLevel|inData1[5]~corein                     ; combout          ;
; |StagePeekPipelineModule_TopLevel|inData0[5]                            ; |StagePeekPipelineModule_TopLevel|inData0[5]~corein                     ; combout          ;
; |StagePeekPipelineModule_TopLevel|inData3[6]                            ; |StagePeekPipelineModule_TopLevel|inData3[6]~corein                     ; combout          ;
; |StagePeekPipelineModule_TopLevel|inData2[6]                            ; |StagePeekPipelineModule_TopLevel|inData2[6]~corein                     ; combout          ;
; |StagePeekPipelineModule_TopLevel|inData1[6]                            ; |StagePeekPipelineModule_TopLevel|inData1[6]~corein                     ; combout          ;
; |StagePeekPipelineModule_TopLevel|inData0[6]                            ; |StagePeekPipelineModule_TopLevel|inData0[6]~corein                     ; combout          ;
; |StagePeekPipelineModule_TopLevel|inData3[7]                            ; |StagePeekPipelineModule_TopLevel|inData3[7]~corein                     ; combout          ;
; |StagePeekPipelineModule_TopLevel|inData2[7]                            ; |StagePeekPipelineModule_TopLevel|inData2[7]~corein                     ; combout          ;
; |StagePeekPipelineModule_TopLevel|inData1[7]                            ; |StagePeekPipelineModule_TopLevel|inData1[7]~corein                     ; combout          ;
; |StagePeekPipelineModule_TopLevel|inData0[7]                            ; |StagePeekPipelineModule_TopLevel|inData0[7]~corein                     ; combout          ;
; |StagePeekPipelineModule_TopLevel|inData7[0]                            ; |StagePeekPipelineModule_TopLevel|inData7[0]~corein                     ; combout          ;
; |StagePeekPipelineModule_TopLevel|inData6[0]                            ; |StagePeekPipelineModule_TopLevel|inData6[0]~corein                     ; combout          ;
; |StagePeekPipelineModule_TopLevel|inData5[0]                            ; |StagePeekPipelineModule_TopLevel|inData5[0]~corein                     ; combout          ;
; |StagePeekPipelineModule_TopLevel|inData4[0]                            ; |StagePeekPipelineModule_TopLevel|inData4[0]~corein                     ; combout          ;
; |StagePeekPipelineModule_TopLevel|inData7[1]                            ; |StagePeekPipelineModule_TopLevel|inData7[1]~corein                     ; combout          ;
; |StagePeekPipelineModule_TopLevel|inData6[1]                            ; |StagePeekPipelineModule_TopLevel|inData6[1]~corein                     ; combout          ;
; |StagePeekPipelineModule_TopLevel|inData5[1]                            ; |StagePeekPipelineModule_TopLevel|inData5[1]~corein                     ; combout          ;
; |StagePeekPipelineModule_TopLevel|inData4[1]                            ; |StagePeekPipelineModule_TopLevel|inData4[1]~corein                     ; combout          ;
; |StagePeekPipelineModule_TopLevel|inData7[2]                            ; |StagePeekPipelineModule_TopLevel|inData7[2]~corein                     ; combout          ;
; |StagePeekPipelineModule_TopLevel|inData6[2]                            ; |StagePeekPipelineModule_TopLevel|inData6[2]~corein                     ; combout          ;
; |StagePeekPipelineModule_TopLevel|inData5[2]                            ; |StagePeekPipelineModule_TopLevel|inData5[2]~corein                     ; combout          ;
; |StagePeekPipelineModule_TopLevel|inData4[2]                            ; |StagePeekPipelineModule_TopLevel|inData4[2]~corein                     ; combout          ;
; |StagePeekPipelineModule_TopLevel|inData7[3]                            ; |StagePeekPipelineModule_TopLevel|inData7[3]~corein                     ; combout          ;
; |StagePeekPipelineModule_TopLevel|inData6[3]                            ; |StagePeekPipelineModule_TopLevel|inData6[3]~corein                     ; combout          ;
; |StagePeekPipelineModule_TopLevel|inData5[3]                            ; |StagePeekPipelineModule_TopLevel|inData5[3]~corein                     ; combout          ;
; |StagePeekPipelineModule_TopLevel|inData4[3]                            ; |StagePeekPipelineModule_TopLevel|inData4[3]~corein                     ; combout          ;
; |StagePeekPipelineModule_TopLevel|inData7[4]                            ; |StagePeekPipelineModule_TopLevel|inData7[4]~corein                     ; combout          ;
; |StagePeekPipelineModule_TopLevel|inData6[4]                            ; |StagePeekPipelineModule_TopLevel|inData6[4]~corein                     ; combout          ;
; |StagePeekPipelineModule_TopLevel|inData5[4]                            ; |StagePeekPipelineModule_TopLevel|inData5[4]~corein                     ; combout          ;
; |StagePeekPipelineModule_TopLevel|inData4[4]                            ; |StagePeekPipelineModule_TopLevel|inData4[4]~corein                     ; combout          ;
; |StagePeekPipelineModule_TopLevel|inData7[5]                            ; |StagePeekPipelineModule_TopLevel|inData7[5]~corein                     ; combout          ;
; |StagePeekPipelineModule_TopLevel|inData6[5]                            ; |StagePeekPipelineModule_TopLevel|inData6[5]~corein                     ; combout          ;
; |StagePeekPipelineModule_TopLevel|inData5[5]                            ; |StagePeekPipelineModule_TopLevel|inData5[5]~corein                     ; combout          ;
; |StagePeekPipelineModule_TopLevel|inData4[5]                            ; |StagePeekPipelineModule_TopLevel|inData4[5]~corein                     ; combout          ;
; |StagePeekPipelineModule_TopLevel|inData7[6]                            ; |StagePeekPipelineModule_TopLevel|inData7[6]~corein                     ; combout          ;
; |StagePeekPipelineModule_TopLevel|inData6[6]                            ; |StagePeekPipelineModule_TopLevel|inData6[6]~corein                     ; combout          ;
; |StagePeekPipelineModule_TopLevel|inData5[6]                            ; |StagePeekPipelineModule_TopLevel|inData5[6]~corein                     ; combout          ;
; |StagePeekPipelineModule_TopLevel|inData4[6]                            ; |StagePeekPipelineModule_TopLevel|inData4[6]~corein                     ; combout          ;
; |StagePeekPipelineModule_TopLevel|inData7[7]                            ; |StagePeekPipelineModule_TopLevel|inData7[7]~corein                     ; combout          ;
; |StagePeekPipelineModule_TopLevel|inData6[7]                            ; |StagePeekPipelineModule_TopLevel|inData6[7]~corein                     ; combout          ;
; |StagePeekPipelineModule_TopLevel|inData5[7]                            ; |StagePeekPipelineModule_TopLevel|inData5[7]~corein                     ; combout          ;
; |StagePeekPipelineModule_TopLevel|inData4[7]                            ; |StagePeekPipelineModule_TopLevel|inData4[7]~corein                     ; combout          ;
; |StagePeekPipelineModule_TopLevel|Clock~clkctrl                         ; |StagePeekPipelineModule_TopLevel|Clock~clkctrl                         ; outclk           ;
; |StagePeekPipelineModule_TopLevel|Pipeline_stage0_State_sums1[0]~feeder ; |StagePeekPipelineModule_TopLevel|Pipeline_stage0_State_sums1[0]~feeder ; combout          ;
; |StagePeekPipelineModule_TopLevel|Pipeline_stage0_State_sums0[0]~feeder ; |StagePeekPipelineModule_TopLevel|Pipeline_stage0_State_sums0[0]~feeder ; combout          ;
; |StagePeekPipelineModule_TopLevel|Pipeline_stage0_State_sums1[1]~feeder ; |StagePeekPipelineModule_TopLevel|Pipeline_stage0_State_sums1[1]~feeder ; combout          ;
; |StagePeekPipelineModule_TopLevel|Pipeline_stage0_State_sums0[1]~feeder ; |StagePeekPipelineModule_TopLevel|Pipeline_stage0_State_sums0[1]~feeder ; combout          ;
; |StagePeekPipelineModule_TopLevel|Pipeline_stage0_State_sums1[2]~feeder ; |StagePeekPipelineModule_TopLevel|Pipeline_stage0_State_sums1[2]~feeder ; combout          ;
; |StagePeekPipelineModule_TopLevel|Pipeline_stage0_State_sums0[2]~feeder ; |StagePeekPipelineModule_TopLevel|Pipeline_stage0_State_sums0[2]~feeder ; combout          ;
; |StagePeekPipelineModule_TopLevel|Pipeline_stage0_State_sums1[3]~feeder ; |StagePeekPipelineModule_TopLevel|Pipeline_stage0_State_sums1[3]~feeder ; combout          ;
; |StagePeekPipelineModule_TopLevel|Pipeline_stage0_State_sums0[3]~feeder ; |StagePeekPipelineModule_TopLevel|Pipeline_stage0_State_sums0[3]~feeder ; combout          ;
; |StagePeekPipelineModule_TopLevel|Pipeline_stage0_State_sums1[4]~feeder ; |StagePeekPipelineModule_TopLevel|Pipeline_stage0_State_sums1[4]~feeder ; combout          ;
; |StagePeekPipelineModule_TopLevel|Pipeline_stage0_State_sums0[4]~feeder ; |StagePeekPipelineModule_TopLevel|Pipeline_stage0_State_sums0[4]~feeder ; combout          ;
; |StagePeekPipelineModule_TopLevel|Pipeline_stage0_State_sums1[5]~feeder ; |StagePeekPipelineModule_TopLevel|Pipeline_stage0_State_sums1[5]~feeder ; combout          ;
; |StagePeekPipelineModule_TopLevel|Pipeline_stage0_State_sums0[5]~feeder ; |StagePeekPipelineModule_TopLevel|Pipeline_stage0_State_sums0[5]~feeder ; combout          ;
; |StagePeekPipelineModule_TopLevel|Pipeline_stage0_State_sums1[6]~feeder ; |StagePeekPipelineModule_TopLevel|Pipeline_stage0_State_sums1[6]~feeder ; combout          ;
; |StagePeekPipelineModule_TopLevel|Pipeline_stage0_State_sums0[6]~feeder ; |StagePeekPipelineModule_TopLevel|Pipeline_stage0_State_sums0[6]~feeder ; combout          ;
; |StagePeekPipelineModule_TopLevel|Pipeline_stage0_State_sums3[0]~feeder ; |StagePeekPipelineModule_TopLevel|Pipeline_stage0_State_sums3[0]~feeder ; combout          ;
; |StagePeekPipelineModule_TopLevel|Pipeline_stage0_State_sums2[0]~feeder ; |StagePeekPipelineModule_TopLevel|Pipeline_stage0_State_sums2[0]~feeder ; combout          ;
; |StagePeekPipelineModule_TopLevel|Pipeline_stage0_State_sums3[1]~feeder ; |StagePeekPipelineModule_TopLevel|Pipeline_stage0_State_sums3[1]~feeder ; combout          ;
; |StagePeekPipelineModule_TopLevel|Pipeline_stage0_State_sums2[1]~feeder ; |StagePeekPipelineModule_TopLevel|Pipeline_stage0_State_sums2[1]~feeder ; combout          ;
; |StagePeekPipelineModule_TopLevel|Pipeline_stage0_State_sums3[2]~feeder ; |StagePeekPipelineModule_TopLevel|Pipeline_stage0_State_sums3[2]~feeder ; combout          ;
; |StagePeekPipelineModule_TopLevel|Pipeline_stage0_State_sums2[2]~feeder ; |StagePeekPipelineModule_TopLevel|Pipeline_stage0_State_sums2[2]~feeder ; combout          ;
; |StagePeekPipelineModule_TopLevel|Pipeline_stage0_State_sums3[3]~feeder ; |StagePeekPipelineModule_TopLevel|Pipeline_stage0_State_sums3[3]~feeder ; combout          ;
; |StagePeekPipelineModule_TopLevel|Pipeline_stage0_State_sums2[3]~feeder ; |StagePeekPipelineModule_TopLevel|Pipeline_stage0_State_sums2[3]~feeder ; combout          ;
; |StagePeekPipelineModule_TopLevel|Pipeline_stage0_State_sums3[4]~feeder ; |StagePeekPipelineModule_TopLevel|Pipeline_stage0_State_sums3[4]~feeder ; combout          ;
; |StagePeekPipelineModule_TopLevel|Pipeline_stage0_State_sums2[4]~feeder ; |StagePeekPipelineModule_TopLevel|Pipeline_stage0_State_sums2[4]~feeder ; combout          ;
; |StagePeekPipelineModule_TopLevel|Pipeline_stage0_State_sums3[5]~feeder ; |StagePeekPipelineModule_TopLevel|Pipeline_stage0_State_sums3[5]~feeder ; combout          ;
; |StagePeekPipelineModule_TopLevel|Pipeline_stage0_State_sums2[5]~feeder ; |StagePeekPipelineModule_TopLevel|Pipeline_stage0_State_sums2[5]~feeder ; combout          ;
; |StagePeekPipelineModule_TopLevel|Pipeline_stage0_State_sums3[6]~feeder ; |StagePeekPipelineModule_TopLevel|Pipeline_stage0_State_sums3[6]~feeder ; combout          ;
; |StagePeekPipelineModule_TopLevel|Pipeline_stage0_State_sums2[6]~feeder ; |StagePeekPipelineModule_TopLevel|Pipeline_stage0_State_sums2[6]~feeder ; combout          ;
+-------------------------------------------------------------------------+-------------------------------------------------------------------------+------------------+


The following table displays output ports that do not toggle to 1 during simulation.
+--------------------------------------------------------------------------------------------------------------------------------------------------------------+
; Missing 1-Value Coverage                                                                                                                                     ;
+---------------------------------------------------------------------+---------------------------------------------------------------------+------------------+
; Node Name                                                           ; Output Port Name                                                    ; Output Port Type ;
+---------------------------------------------------------------------+---------------------------------------------------------------------+------------------+
; |StagePeekPipelineModule_TopLevel|Pipeline_State_result[4]          ; |StagePeekPipelineModule_TopLevel|Pipeline_State_result[4]          ; regout           ;
; |StagePeekPipelineModule_TopLevel|Pipeline_State_result[6]          ; |StagePeekPipelineModule_TopLevel|Pipeline_State_result[6]          ; regout           ;
; |StagePeekPipelineModule_TopLevel|Pipeline_State_result[7]          ; |StagePeekPipelineModule_TopLevel|Pipeline_State_result[7]          ; regout           ;
; |StagePeekPipelineModule_TopLevel|Pipeline_State_result[8]          ; |StagePeekPipelineModule_TopLevel|Pipeline_State_result[8]          ; regout           ;
; |StagePeekPipelineModule_TopLevel|Pipeline_State_result[9]          ; |StagePeekPipelineModule_TopLevel|Pipeline_State_result[9]          ; regout           ;
; |StagePeekPipelineModule_TopLevel|Pipeline_State_result[10]         ; |StagePeekPipelineModule_TopLevel|Pipeline_State_result[10]         ; regout           ;
; |StagePeekPipelineModule_TopLevel|Pipeline_stage1_State_sums0[1]    ; |StagePeekPipelineModule_TopLevel|Pipeline_stage1_State_sums0[1]    ; regout           ;
; |StagePeekPipelineModule_TopLevel|Pipeline_stage1_State_sums1[1]    ; |StagePeekPipelineModule_TopLevel|Pipeline_stage1_State_sums1[1]    ; regout           ;
; |StagePeekPipelineModule_TopLevel|Pipeline_State_result[2]~13       ; |StagePeekPipelineModule_TopLevel|Pipeline_State_result[2]~14       ; cout             ;
; |StagePeekPipelineModule_TopLevel|Pipeline_stage0_State_sums1[0]    ; |StagePeekPipelineModule_TopLevel|Pipeline_stage0_State_sums1[0]    ; regout           ;
; |StagePeekPipelineModule_TopLevel|Pipeline_stage1_State_sums0[0]~10 ; |StagePeekPipelineModule_TopLevel|Pipeline_stage1_State_sums0[0]~11 ; cout             ;
; |StagePeekPipelineModule_TopLevel|Pipeline_stage0_State_sums2[0]    ; |StagePeekPipelineModule_TopLevel|Pipeline_stage0_State_sums2[0]    ; regout           ;
; |StagePeekPipelineModule_TopLevel|Pipeline_stage1_State_sums1[0]~10 ; |StagePeekPipelineModule_TopLevel|Pipeline_stage1_State_sums1[0]~11 ; cout             ;
; |StagePeekPipelineModule_TopLevel|outResult[0]                      ; |StagePeekPipelineModule_TopLevel|outResult[0]                      ; padio            ;
; |StagePeekPipelineModule_TopLevel|outResult[4]                      ; |StagePeekPipelineModule_TopLevel|outResult[4]                      ; padio            ;
; |StagePeekPipelineModule_TopLevel|outResult[6]                      ; |StagePeekPipelineModule_TopLevel|outResult[6]                      ; padio            ;
; |StagePeekPipelineModule_TopLevel|outResult[7]                      ; |StagePeekPipelineModule_TopLevel|outResult[7]                      ; padio            ;
; |StagePeekPipelineModule_TopLevel|outResult[8]                      ; |StagePeekPipelineModule_TopLevel|outResult[8]                      ; padio            ;
; |StagePeekPipelineModule_TopLevel|outResult[9]                      ; |StagePeekPipelineModule_TopLevel|outResult[9]                      ; padio            ;
; |StagePeekPipelineModule_TopLevel|outResult[10]                     ; |StagePeekPipelineModule_TopLevel|outResult[10]                     ; padio            ;
; |StagePeekPipelineModule_TopLevel|outResult[12]                     ; |StagePeekPipelineModule_TopLevel|outResult[12]                     ; padio            ;
; |StagePeekPipelineModule_TopLevel|outResult[13]                     ; |StagePeekPipelineModule_TopLevel|outResult[13]                     ; padio            ;
; |StagePeekPipelineModule_TopLevel|outResult[14]                     ; |StagePeekPipelineModule_TopLevel|outResult[14]                     ; padio            ;
; |StagePeekPipelineModule_TopLevel|outResult[15]                     ; |StagePeekPipelineModule_TopLevel|outResult[15]                     ; padio            ;
; |StagePeekPipelineModule_TopLevel|stage1Sum0[1]                     ; |StagePeekPipelineModule_TopLevel|stage1Sum0[1]                     ; padio            ;
; |StagePeekPipelineModule_TopLevel|stage1Sum0[10]                    ; |StagePeekPipelineModule_TopLevel|stage1Sum0[10]                    ; padio            ;
; |StagePeekPipelineModule_TopLevel|stage1Sum0[11]                    ; |StagePeekPipelineModule_TopLevel|stage1Sum0[11]                    ; padio            ;
; |StagePeekPipelineModule_TopLevel|stage1Sum0[12]                    ; |StagePeekPipelineModule_TopLevel|stage1Sum0[12]                    ; padio            ;
; |StagePeekPipelineModule_TopLevel|stage1Sum0[13]                    ; |StagePeekPipelineModule_TopLevel|stage1Sum0[13]                    ; padio            ;
; |StagePeekPipelineModule_TopLevel|stage1Sum0[14]                    ; |StagePeekPipelineModule_TopLevel|stage1Sum0[14]                    ; padio            ;
; |StagePeekPipelineModule_TopLevel|stage1Sum0[15]                    ; |StagePeekPipelineModule_TopLevel|stage1Sum0[15]                    ; padio            ;
; |StagePeekPipelineModule_TopLevel|stage1Sum1[1]                     ; |StagePeekPipelineModule_TopLevel|stage1Sum1[1]                     ; padio            ;
; |StagePeekPipelineModule_TopLevel|stage1Sum1[10]                    ; |StagePeekPipelineModule_TopLevel|stage1Sum1[10]                    ; padio            ;
; |StagePeekPipelineModule_TopLevel|stage1Sum1[11]                    ; |StagePeekPipelineModule_TopLevel|stage1Sum1[11]                    ; padio            ;
; |StagePeekPipelineModule_TopLevel|stage1Sum1[12]                    ; |StagePeekPipelineModule_TopLevel|stage1Sum1[12]                    ; padio            ;
; |StagePeekPipelineModule_TopLevel|stage1Sum1[13]                    ; |StagePeekPipelineModule_TopLevel|stage1Sum1[13]                    ; padio            ;
; |StagePeekPipelineModule_TopLevel|stage1Sum1[14]                    ; |StagePeekPipelineModule_TopLevel|stage1Sum1[14]                    ; padio            ;
; |StagePeekPipelineModule_TopLevel|stage1Sum1[15]                    ; |StagePeekPipelineModule_TopLevel|stage1Sum1[15]                    ; padio            ;
; |StagePeekPipelineModule_TopLevel|Reset                             ; |StagePeekPipelineModule_TopLevel|Reset~corein                      ; combout          ;
+---------------------------------------------------------------------+---------------------------------------------------------------------+------------------+


The following table displays output ports that do not toggle to 0 during simulation.
+--------------------------------------------------------------------------------------------------------------------------------------------------------------+
; Missing 0-Value Coverage                                                                                                                                     ;
+---------------------------------------------------------------------+---------------------------------------------------------------------+------------------+
; Node Name                                                           ; Output Port Name                                                    ; Output Port Type ;
+---------------------------------------------------------------------+---------------------------------------------------------------------+------------------+
; |StagePeekPipelineModule_TopLevel|Pipeline_State_result[4]          ; |StagePeekPipelineModule_TopLevel|Pipeline_State_result[4]          ; regout           ;
; |StagePeekPipelineModule_TopLevel|Pipeline_State_result[5]          ; |StagePeekPipelineModule_TopLevel|Pipeline_State_result[5]          ; regout           ;
; |StagePeekPipelineModule_TopLevel|Pipeline_State_result[6]          ; |StagePeekPipelineModule_TopLevel|Pipeline_State_result[6]          ; regout           ;
; |StagePeekPipelineModule_TopLevel|Pipeline_State_result[7]          ; |StagePeekPipelineModule_TopLevel|Pipeline_State_result[7]          ; regout           ;
; |StagePeekPipelineModule_TopLevel|Pipeline_State_result[8]          ; |StagePeekPipelineModule_TopLevel|Pipeline_State_result[8]          ; regout           ;
; |StagePeekPipelineModule_TopLevel|Pipeline_State_result[9]          ; |StagePeekPipelineModule_TopLevel|Pipeline_State_result[9]          ; regout           ;
; |StagePeekPipelineModule_TopLevel|Pipeline_State_result[10]         ; |StagePeekPipelineModule_TopLevel|Pipeline_State_result[10]         ; regout           ;
; |StagePeekPipelineModule_TopLevel|Pipeline_stage1_State_sums0[1]    ; |StagePeekPipelineModule_TopLevel|Pipeline_stage1_State_sums0[1]    ; regout           ;
; |StagePeekPipelineModule_TopLevel|Pipeline_stage1_State_sums1[1]    ; |StagePeekPipelineModule_TopLevel|Pipeline_stage1_State_sums1[1]    ; regout           ;
; |StagePeekPipelineModule_TopLevel|Pipeline_State_result[2]~13       ; |StagePeekPipelineModule_TopLevel|Pipeline_State_result[2]~14       ; cout             ;
; |StagePeekPipelineModule_TopLevel|Pipeline_stage0_State_sums1[0]    ; |StagePeekPipelineModule_TopLevel|Pipeline_stage0_State_sums1[0]    ; regout           ;
; |StagePeekPipelineModule_TopLevel|Pipeline_stage1_State_sums0[0]~10 ; |StagePeekPipelineModule_TopLevel|Pipeline_stage1_State_sums0[0]~11 ; cout             ;
; |StagePeekPipelineModule_TopLevel|Pipeline_stage0_State_sums2[0]    ; |StagePeekPipelineModule_TopLevel|Pipeline_stage0_State_sums2[0]    ; regout           ;
; |StagePeekPipelineModule_TopLevel|Pipeline_stage1_State_sums1[0]~10 ; |StagePeekPipelineModule_TopLevel|Pipeline_stage1_State_sums1[0]~11 ; cout             ;
; |StagePeekPipelineModule_TopLevel|Pipeline_stage1_State_s0Sums4[5]  ; |StagePeekPipelineModule_TopLevel|Pipeline_stage1_State_s0Sums4[5]  ; regout           ;
; |StagePeekPipelineModule_TopLevel|Pipeline_stage0_State_sums4[5]    ; |StagePeekPipelineModule_TopLevel|Pipeline_stage0_State_sums4[5]    ; regout           ;
; |StagePeekPipelineModule_TopLevel|Pipeline_stage1_State_s0Sums4~0   ; |StagePeekPipelineModule_TopLevel|Pipeline_stage1_State_s0Sums4~0   ; combout          ;
; |StagePeekPipelineModule_TopLevel|Pipeline_stage0_State_sums4[5]~0  ; |StagePeekPipelineModule_TopLevel|Pipeline_stage0_State_sums4[5]~0  ; combout          ;
; |StagePeekPipelineModule_TopLevel|outResult[0]                      ; |StagePeekPipelineModule_TopLevel|outResult[0]                      ; padio            ;
; |StagePeekPipelineModule_TopLevel|outResult[4]                      ; |StagePeekPipelineModule_TopLevel|outResult[4]                      ; padio            ;
; |StagePeekPipelineModule_TopLevel|outResult[5]                      ; |StagePeekPipelineModule_TopLevel|outResult[5]                      ; padio            ;
; |StagePeekPipelineModule_TopLevel|outResult[6]                      ; |StagePeekPipelineModule_TopLevel|outResult[6]                      ; padio            ;
; |StagePeekPipelineModule_TopLevel|outResult[7]                      ; |StagePeekPipelineModule_TopLevel|outResult[7]                      ; padio            ;
; |StagePeekPipelineModule_TopLevel|outResult[8]                      ; |StagePeekPipelineModule_TopLevel|outResult[8]                      ; padio            ;
; |StagePeekPipelineModule_TopLevel|outResult[9]                      ; |StagePeekPipelineModule_TopLevel|outResult[9]                      ; padio            ;
; |StagePeekPipelineModule_TopLevel|outResult[10]                     ; |StagePeekPipelineModule_TopLevel|outResult[10]                     ; padio            ;
; |StagePeekPipelineModule_TopLevel|outResult[12]                     ; |StagePeekPipelineModule_TopLevel|outResult[12]                     ; padio            ;
; |StagePeekPipelineModule_TopLevel|outResult[13]                     ; |StagePeekPipelineModule_TopLevel|outResult[13]                     ; padio            ;
; |StagePeekPipelineModule_TopLevel|outResult[14]                     ; |StagePeekPipelineModule_TopLevel|outResult[14]                     ; padio            ;
; |StagePeekPipelineModule_TopLevel|outResult[15]                     ; |StagePeekPipelineModule_TopLevel|outResult[15]                     ; padio            ;
; |StagePeekPipelineModule_TopLevel|stage1Sum0[1]                     ; |StagePeekPipelineModule_TopLevel|stage1Sum0[1]                     ; padio            ;
; |StagePeekPipelineModule_TopLevel|stage1Sum0[10]                    ; |StagePeekPipelineModule_TopLevel|stage1Sum0[10]                    ; padio            ;
; |StagePeekPipelineModule_TopLevel|stage1Sum0[11]                    ; |StagePeekPipelineModule_TopLevel|stage1Sum0[11]                    ; padio            ;
; |StagePeekPipelineModule_TopLevel|stage1Sum0[12]                    ; |StagePeekPipelineModule_TopLevel|stage1Sum0[12]                    ; padio            ;
; |StagePeekPipelineModule_TopLevel|stage1Sum0[13]                    ; |StagePeekPipelineModule_TopLevel|stage1Sum0[13]                    ; padio            ;
; |StagePeekPipelineModule_TopLevel|stage1Sum0[14]                    ; |StagePeekPipelineModule_TopLevel|stage1Sum0[14]                    ; padio            ;
; |StagePeekPipelineModule_TopLevel|stage1Sum0[15]                    ; |StagePeekPipelineModule_TopLevel|stage1Sum0[15]                    ; padio            ;
; |StagePeekPipelineModule_TopLevel|stage1Sum1[1]                     ; |StagePeekPipelineModule_TopLevel|stage1Sum1[1]                     ; padio            ;
; |StagePeekPipelineModule_TopLevel|stage1Sum1[10]                    ; |StagePeekPipelineModule_TopLevel|stage1Sum1[10]                    ; padio            ;
; |StagePeekPipelineModule_TopLevel|stage1Sum1[11]                    ; |StagePeekPipelineModule_TopLevel|stage1Sum1[11]                    ; padio            ;
; |StagePeekPipelineModule_TopLevel|stage1Sum1[12]                    ; |StagePeekPipelineModule_TopLevel|stage1Sum1[12]                    ; padio            ;
; |StagePeekPipelineModule_TopLevel|stage1Sum1[13]                    ; |StagePeekPipelineModule_TopLevel|stage1Sum1[13]                    ; padio            ;
; |StagePeekPipelineModule_TopLevel|stage1Sum1[14]                    ; |StagePeekPipelineModule_TopLevel|stage1Sum1[14]                    ; padio            ;
; |StagePeekPipelineModule_TopLevel|stage1Sum1[15]                    ; |StagePeekPipelineModule_TopLevel|stage1Sum1[15]                    ; padio            ;
+---------------------------------------------------------------------+---------------------------------------------------------------------+------------------+


+---------------------+
; Simulator INI Usage ;
+--------+------------+
; Option ; Usage      ;
+--------+------------+


+--------------------+
; Simulator Messages ;
+--------------------+
Info: *******************************************************************
Info: Running Quartus II Simulator
    Info: Version 9.1 Build 350 03/24/2010 Service Pack 2 SJ Web Edition
    Info: Copyright (C) 1991-2010 Altera Corporation. All rights reserved.
    Info: Your use of Altera Corporation's design tools, logic functions 
    Info: and other software and tools, and its AMPP partner logic 
    Info: functions, and any output files from any of the foregoing 
    Info: (including device programming or simulation files), and any 
    Info: associated documentation or information are expressly subject 
    Info: to the terms and conditions of the Altera Program License 
    Info: Subscription Agreement, Altera MegaCore Function License 
    Info: Agreement, or other applicable license agreement, including, 
    Info: without limitation, that your use is for the sole purpose of 
    Info: programming logic devices manufactured by Altera and sold by 
    Info: Altera or its authorized distributors.  Please refer to the 
    Info: applicable agreement for further details.
    Info: Processing started: Sun Jan 17 21:38:56 2021
Info: Command: quartus_sim C:\code\qusoc\rtl\rtl.hdl\Verilog.qpf --read_settings_files=on --write_settings_files=off -c Verilog
Info: Using vector source file "Waveforms/StagePeekPipelineModule.vwf"
Info: Overwriting simulation input file with simulation results
    Info: A backup of StagePeekPipelineModule.vwf called Verilog.sim_ori.vwf has been created in the db folder
Info: Option to preserve fewer signal transitions to reduce memory requirements is enabled
    Info: Simulation has been partitioned into sub-simulations according to the maximum transition count determined by the engine. Transitions from memory will be flushed out to disk at the end of each sub-simulation to reduce memory requirements.
Info: Simulation partitioned into 1 sub-simulations
Info: Simulation coverage is      87.14 %
Info: Number of transitions in simulation is 1108
Info: Vector file StagePeekPipelineModule.vwf is saved in VWF text format. You can compress it into CVWF format in order to reduce file size. For more details please refer to the Quartus II Help.
Info: Quartus II Simulator was successful. 0 errors, 0 warnings
    Info: Peak virtual memory: 158 megabytes
    Info: Processing ended: Sun Jan 17 21:38:57 2021
    Info: Elapsed time: 00:00:01
    Info: Total CPU time (on all processors): 00:00:01


