Simulator report for VHDL
Tue Apr 25 21:42:29 2023
Quartus II Version 9.1 Build 350 03/24/2010 Service Pack 2 SJ Web Edition


---------------------
; Table of Contents ;
---------------------
  1. Legal Notice
  2. Simulator Summary
  3. Simulator Settings
  4. Simulation Waveforms
  5. Coverage Summary
  6. Complete 1/0-Value Coverage
  7. Missing 1-Value Coverage
  8. Missing 0-Value Coverage
  9. Simulator INI Usage
 10. Simulator Messages



----------------
; Legal Notice ;
----------------
Copyright (C) 1991-2010 Altera Corporation
Your use of Altera Corporation's design tools, logic functions 
and other software and tools, and its AMPP partner logic 
functions, and any output files from any of the foregoing 
(including device programming or simulation files), and any 
associated documentation or information are expressly subject 
to the terms and conditions of the Altera Program License 
Subscription Agreement, Altera MegaCore Function License 
Agreement, or other applicable license agreement, including, 
without limitation, that your use is for the sole purpose of 
programming logic devices manufactured by Altera and sold by 
Altera or its authorized distributors.  Please refer to the 
applicable agreement for further details.



+--------------------------------------------+
; Simulator Summary                          ;
+-----------------------------+--------------+
; Type                        ; Value        ;
+-----------------------------+--------------+
; Simulation Start Time       ; 0 ps         ;
; Simulation End Time         ; 2.0 ms       ;
; Simulation Netlist Size     ; 336 nodes    ;
; Simulation Coverage         ;     100.00 % ;
; Total Number of Transitions ; 672          ;
; Simulation Breakpoints      ; 0            ;
; Family                      ; Cyclone II   ;
; Device                      ; EP2C70F896C6 ;
+-----------------------------+--------------+


+---------------------------------------------------------------------------------------------------------------------------------------------+
; Simulator Settings                                                                                                                          ;
+--------------------------------------------------------------------------------------------+--------------------------------+---------------+
; Option                                                                                     ; Setting                        ; Default Value ;
+--------------------------------------------------------------------------------------------+--------------------------------+---------------+
; Simulation mode                                                                            ; Timing                         ; Timing        ;
; Start time                                                                                 ; 0 ns                           ; 0 ns          ;
; Simulation results format                                                                  ; CVWF                           ;               ;
; Vector input source                                                                        ; Waveforms/IOTupleSameClock.vwf ;               ;
; Add pins automatically to simulation output waveforms                                      ; On                             ; On            ;
; Check outputs                                                                              ; Off                            ; Off           ;
; Report simulation coverage                                                                 ; On                             ; On            ;
; Display complete 1/0 value coverage report                                                 ; On                             ; On            ;
; Display missing 1-value coverage report                                                    ; On                             ; On            ;
; Display missing 0-value coverage report                                                    ; On                             ; On            ;
; Detect setup and hold time violations                                                      ; Off                            ; Off           ;
; Detect glitches                                                                            ; Off                            ; Off           ;
; Disable timing delays in Timing Simulation                                                 ; Off                            ; Off           ;
; Generate Signal Activity File                                                              ; Off                            ; Off           ;
; Generate VCD File for PowerPlay Power Analyzer                                             ; Off                            ; Off           ;
; Group bus channels in simulation results                                                   ; Off                            ; Off           ;
; Preserve fewer signal transitions to reduce memory requirements                            ; On                             ; On            ;
; Trigger vector comparison with the specified mode                                          ; INPUT_EDGE                     ; INPUT_EDGE    ;
; Disable setup and hold time violations detection in input registers of bi-directional pins ; Off                            ; Off           ;
; Overwrite Waveform Inputs With Simulation Outputs                                          ; On                             ;               ;
; Perform Glitch Filtering in Timing Simulation                                              ; Auto                           ; Auto          ;
+--------------------------------------------------------------------------------------------+--------------------------------+---------------+


+----------------------+
; Simulation Waveforms ;
+----------------------+
Waveform report data cannot be output to ASCII.
Please use Quartus II to view the waveform report data.


+--------------------------------------------------------------------+
; Coverage Summary                                                   ;
+-----------------------------------------------------+--------------+
; Type                                                ; Value        ;
+-----------------------------------------------------+--------------+
; Total coverage as a percentage                      ;     100.00 % ;
; Total nodes checked                                 ; 336          ;
; Total output ports checked                          ; 336          ;
; Total output ports with complete 1/0-value coverage ; 336          ;
; Total output ports with no 1/0-value coverage       ; 0            ;
; Total output ports with no 1-value coverage         ; 0            ;
; Total output ports with no 0-value coverage         ; 0            ;
+-----------------------------------------------------+--------------+


The following table displays output ports that toggle between 1 and 0 during simulation.
+--------------------------------------------------------------------------------------------------------------------------------------------------------------------------------------------------------------------------------------------+
; Complete 1/0-Value Coverage                                                                                                                                                                                                                ;
+------------------------------------------------------------------------------------------------------------+------------------------------------------------------------------------------------------------------------+------------------+
; Node Name                                                                                                  ; Output Port Name                                                                                           ; Output Port Type ;
+------------------------------------------------------------------------------------------------------------+------------------------------------------------------------------------------------------------------------+------------------+
; |IOTupleDirectInputL4ComponentsOutputModule_TopLevel|Output_iTuple_Item1                                   ; |IOTupleDirectInputL4ComponentsOutputModule_TopLevel|Output_iTuple_Item1                                   ; padio            ;
; |IOTupleDirectInputL4ComponentsOutputModule_TopLevel|Output_iTuple_Item2[0]                                ; |IOTupleDirectInputL4ComponentsOutputModule_TopLevel|Output_iTuple_Item2[0]                                ; padio            ;
; |IOTupleDirectInputL4ComponentsOutputModule_TopLevel|Output_iTuple_Item2[1]                                ; |IOTupleDirectInputL4ComponentsOutputModule_TopLevel|Output_iTuple_Item2[1]                                ; padio            ;
; |IOTupleDirectInputL4ComponentsOutputModule_TopLevel|Output_iTuple_Item2[2]                                ; |IOTupleDirectInputL4ComponentsOutputModule_TopLevel|Output_iTuple_Item2[2]                                ; padio            ;
; |IOTupleDirectInputL4ComponentsOutputModule_TopLevel|Output_iTuple_Item2[3]                                ; |IOTupleDirectInputL4ComponentsOutputModule_TopLevel|Output_iTuple_Item2[3]                                ; padio            ;
; |IOTupleDirectInputL4ComponentsOutputModule_TopLevel|Output_iTuple_Item2[4]                                ; |IOTupleDirectInputL4ComponentsOutputModule_TopLevel|Output_iTuple_Item2[4]                                ; padio            ;
; |IOTupleDirectInputL4ComponentsOutputModule_TopLevel|Output_iTuple_Item2[5]                                ; |IOTupleDirectInputL4ComponentsOutputModule_TopLevel|Output_iTuple_Item2[5]                                ; padio            ;
; |IOTupleDirectInputL4ComponentsOutputModule_TopLevel|Output_iTuple_Item2[6]                                ; |IOTupleDirectInputL4ComponentsOutputModule_TopLevel|Output_iTuple_Item2[6]                                ; padio            ;
; |IOTupleDirectInputL4ComponentsOutputModule_TopLevel|Output_iTuple_Item2[7]                                ; |IOTupleDirectInputL4ComponentsOutputModule_TopLevel|Output_iTuple_Item2[7]                                ; padio            ;
; |IOTupleDirectInputL4ComponentsOutputModule_TopLevel|Output_iTuple_Item30[0]                               ; |IOTupleDirectInputL4ComponentsOutputModule_TopLevel|Output_iTuple_Item30[0]                               ; padio            ;
; |IOTupleDirectInputL4ComponentsOutputModule_TopLevel|Output_iTuple_Item30[1]                               ; |IOTupleDirectInputL4ComponentsOutputModule_TopLevel|Output_iTuple_Item30[1]                               ; padio            ;
; |IOTupleDirectInputL4ComponentsOutputModule_TopLevel|Output_iTuple_Item30[2]                               ; |IOTupleDirectInputL4ComponentsOutputModule_TopLevel|Output_iTuple_Item30[2]                               ; padio            ;
; |IOTupleDirectInputL4ComponentsOutputModule_TopLevel|Output_iTuple_Item30[3]                               ; |IOTupleDirectInputL4ComponentsOutputModule_TopLevel|Output_iTuple_Item30[3]                               ; padio            ;
; |IOTupleDirectInputL4ComponentsOutputModule_TopLevel|Output_iTuple_Item31[0]                               ; |IOTupleDirectInputL4ComponentsOutputModule_TopLevel|Output_iTuple_Item31[0]                               ; padio            ;
; |IOTupleDirectInputL4ComponentsOutputModule_TopLevel|Output_iTuple_Item31[1]                               ; |IOTupleDirectInputL4ComponentsOutputModule_TopLevel|Output_iTuple_Item31[1]                               ; padio            ;
; |IOTupleDirectInputL4ComponentsOutputModule_TopLevel|Output_iTuple_Item31[2]                               ; |IOTupleDirectInputL4ComponentsOutputModule_TopLevel|Output_iTuple_Item31[2]                               ; padio            ;
; |IOTupleDirectInputL4ComponentsOutputModule_TopLevel|Output_iTuple_Item31[3]                               ; |IOTupleDirectInputL4ComponentsOutputModule_TopLevel|Output_iTuple_Item31[3]                               ; padio            ;
; |IOTupleDirectInputL4ComponentsOutputModule_TopLevel|Output_iTuple_Item4_L1Flag                            ; |IOTupleDirectInputL4ComponentsOutputModule_TopLevel|Output_iTuple_Item4_L1Flag                            ; padio            ;
; |IOTupleDirectInputL4ComponentsOutputModule_TopLevel|Output_iTuple_Item4_L2_L2Flag                         ; |IOTupleDirectInputL4ComponentsOutputModule_TopLevel|Output_iTuple_Item4_L2_L2Flag                         ; padio            ;
; |IOTupleDirectInputL4ComponentsOutputModule_TopLevel|Output_iTuple_Item4_L2_L2Values0                      ; |IOTupleDirectInputL4ComponentsOutputModule_TopLevel|Output_iTuple_Item4_L2_L2Values0                      ; padio            ;
; |IOTupleDirectInputL4ComponentsOutputModule_TopLevel|Output_iTuple_Item4_L2_L2Values1                      ; |IOTupleDirectInputL4ComponentsOutputModule_TopLevel|Output_iTuple_Item4_L2_L2Values1                      ; padio            ;
; |IOTupleDirectInputL4ComponentsOutputModule_TopLevel|Output_iTuple_Item4_L2Array0_L2Flag                   ; |IOTupleDirectInputL4ComponentsOutputModule_TopLevel|Output_iTuple_Item4_L2Array0_L2Flag                   ; padio            ;
; |IOTupleDirectInputL4ComponentsOutputModule_TopLevel|Output_iTuple_Item4_L2Array0_L2Values0[0]             ; |IOTupleDirectInputL4ComponentsOutputModule_TopLevel|Output_iTuple_Item4_L2Array0_L2Values0[0]             ; padio            ;
; |IOTupleDirectInputL4ComponentsOutputModule_TopLevel|Output_iTuple_Item4_L2Array0_L2Values0[1]             ; |IOTupleDirectInputL4ComponentsOutputModule_TopLevel|Output_iTuple_Item4_L2Array0_L2Values0[1]             ; padio            ;
; |IOTupleDirectInputL4ComponentsOutputModule_TopLevel|Output_iTuple_Item4_L2Array0_L2Values0[2]             ; |IOTupleDirectInputL4ComponentsOutputModule_TopLevel|Output_iTuple_Item4_L2Array0_L2Values0[2]             ; padio            ;
; |IOTupleDirectInputL4ComponentsOutputModule_TopLevel|Output_iTuple_Item4_L2Array0_L2Values1[0]             ; |IOTupleDirectInputL4ComponentsOutputModule_TopLevel|Output_iTuple_Item4_L2Array0_L2Values1[0]             ; padio            ;
; |IOTupleDirectInputL4ComponentsOutputModule_TopLevel|Output_iTuple_Item4_L2Array0_L2Values1[1]             ; |IOTupleDirectInputL4ComponentsOutputModule_TopLevel|Output_iTuple_Item4_L2Array0_L2Values1[1]             ; padio            ;
; |IOTupleDirectInputL4ComponentsOutputModule_TopLevel|Output_iTuple_Item4_L2Array0_L2Values1[2]             ; |IOTupleDirectInputL4ComponentsOutputModule_TopLevel|Output_iTuple_Item4_L2Array0_L2Values1[2]             ; padio            ;
; |IOTupleDirectInputL4ComponentsOutputModule_TopLevel|Output_iTuple_Item4_L2Array1_L2Flag                   ; |IOTupleDirectInputL4ComponentsOutputModule_TopLevel|Output_iTuple_Item4_L2Array1_L2Flag                   ; padio            ;
; |IOTupleDirectInputL4ComponentsOutputModule_TopLevel|Output_iTuple_Item4_L2Array1_L2Values0[0]             ; |IOTupleDirectInputL4ComponentsOutputModule_TopLevel|Output_iTuple_Item4_L2Array1_L2Values0[0]             ; padio            ;
; |IOTupleDirectInputL4ComponentsOutputModule_TopLevel|Output_iTuple_Item4_L2Array1_L2Values0[1]             ; |IOTupleDirectInputL4ComponentsOutputModule_TopLevel|Output_iTuple_Item4_L2Array1_L2Values0[1]             ; padio            ;
; |IOTupleDirectInputL4ComponentsOutputModule_TopLevel|Output_iTuple_Item4_L2Array1_L2Values0[2]             ; |IOTupleDirectInputL4ComponentsOutputModule_TopLevel|Output_iTuple_Item4_L2Array1_L2Values0[2]             ; padio            ;
; |IOTupleDirectInputL4ComponentsOutputModule_TopLevel|Output_iTuple_Item4_L2Array1_L2Values1[0]             ; |IOTupleDirectInputL4ComponentsOutputModule_TopLevel|Output_iTuple_Item4_L2Array1_L2Values1[0]             ; padio            ;
; |IOTupleDirectInputL4ComponentsOutputModule_TopLevel|Output_iTuple_Item4_L2Array1_L2Values1[1]             ; |IOTupleDirectInputL4ComponentsOutputModule_TopLevel|Output_iTuple_Item4_L2Array1_L2Values1[1]             ; padio            ;
; |IOTupleDirectInputL4ComponentsOutputModule_TopLevel|Output_iTuple_Item4_L2Array1_L2Values1[2]             ; |IOTupleDirectInputL4ComponentsOutputModule_TopLevel|Output_iTuple_Item4_L2Array1_L2Values1[2]             ; padio            ;
; |IOTupleDirectInputL4ComponentsOutputModule_TopLevel|Output_iTuple_Item4_L2Tuple_Item1[0]                  ; |IOTupleDirectInputL4ComponentsOutputModule_TopLevel|Output_iTuple_Item4_L2Tuple_Item1[0]                  ; padio            ;
; |IOTupleDirectInputL4ComponentsOutputModule_TopLevel|Output_iTuple_Item4_L2Tuple_Item1[1]                  ; |IOTupleDirectInputL4ComponentsOutputModule_TopLevel|Output_iTuple_Item4_L2Tuple_Item1[1]                  ; padio            ;
; |IOTupleDirectInputL4ComponentsOutputModule_TopLevel|Output_iTuple_Item4_L2Tuple_Item1[2]                  ; |IOTupleDirectInputL4ComponentsOutputModule_TopLevel|Output_iTuple_Item4_L2Tuple_Item1[2]                  ; padio            ;
; |IOTupleDirectInputL4ComponentsOutputModule_TopLevel|Output_iTuple_Item4_L2Tuple_Item1[3]                  ; |IOTupleDirectInputL4ComponentsOutputModule_TopLevel|Output_iTuple_Item4_L2Tuple_Item1[3]                  ; padio            ;
; |IOTupleDirectInputL4ComponentsOutputModule_TopLevel|Output_iTuple_Item4_L2Tuple_Item1[4]                  ; |IOTupleDirectInputL4ComponentsOutputModule_TopLevel|Output_iTuple_Item4_L2Tuple_Item1[4]                  ; padio            ;
; |IOTupleDirectInputL4ComponentsOutputModule_TopLevel|Output_iTuple_Item4_L2Tuple_Item1[5]                  ; |IOTupleDirectInputL4ComponentsOutputModule_TopLevel|Output_iTuple_Item4_L2Tuple_Item1[5]                  ; padio            ;
; |IOTupleDirectInputL4ComponentsOutputModule_TopLevel|Output_iTuple_Item4_L2Tuple_Item1[6]                  ; |IOTupleDirectInputL4ComponentsOutputModule_TopLevel|Output_iTuple_Item4_L2Tuple_Item1[6]                  ; padio            ;
; |IOTupleDirectInputL4ComponentsOutputModule_TopLevel|Output_iTuple_Item4_L2Tuple_Item1[7]                  ; |IOTupleDirectInputL4ComponentsOutputModule_TopLevel|Output_iTuple_Item4_L2Tuple_Item1[7]                  ; padio            ;
; |IOTupleDirectInputL4ComponentsOutputModule_TopLevel|Output_iTuple_Item4_L2Tuple_Item2_L2Flag              ; |IOTupleDirectInputL4ComponentsOutputModule_TopLevel|Output_iTuple_Item4_L2Tuple_Item2_L2Flag              ; padio            ;
; |IOTupleDirectInputL4ComponentsOutputModule_TopLevel|Output_iTuple_Item4_L2Tuple_Item2_L2Values0           ; |IOTupleDirectInputL4ComponentsOutputModule_TopLevel|Output_iTuple_Item4_L2Tuple_Item2_L2Values0           ; padio            ;
; |IOTupleDirectInputL4ComponentsOutputModule_TopLevel|Output_iTuple_Item4_L2Tuple_Item2_L2Values1           ; |IOTupleDirectInputL4ComponentsOutputModule_TopLevel|Output_iTuple_Item4_L2Tuple_Item2_L2Values1           ; padio            ;
; |IOTupleDirectInputL4ComponentsOutputModule_TopLevel|Output_iTuple_Item4_L2Tuple_Item30_L2Flag             ; |IOTupleDirectInputL4ComponentsOutputModule_TopLevel|Output_iTuple_Item4_L2Tuple_Item30_L2Flag             ; padio            ;
; |IOTupleDirectInputL4ComponentsOutputModule_TopLevel|Output_iTuple_Item4_L2Tuple_Item30_L2Values0[0]       ; |IOTupleDirectInputL4ComponentsOutputModule_TopLevel|Output_iTuple_Item4_L2Tuple_Item30_L2Values0[0]       ; padio            ;
; |IOTupleDirectInputL4ComponentsOutputModule_TopLevel|Output_iTuple_Item4_L2Tuple_Item30_L2Values0[1]       ; |IOTupleDirectInputL4ComponentsOutputModule_TopLevel|Output_iTuple_Item4_L2Tuple_Item30_L2Values0[1]       ; padio            ;
; |IOTupleDirectInputL4ComponentsOutputModule_TopLevel|Output_iTuple_Item4_L2Tuple_Item30_L2Values0[2]       ; |IOTupleDirectInputL4ComponentsOutputModule_TopLevel|Output_iTuple_Item4_L2Tuple_Item30_L2Values0[2]       ; padio            ;
; |IOTupleDirectInputL4ComponentsOutputModule_TopLevel|Output_iTuple_Item4_L2Tuple_Item30_L2Values1[0]       ; |IOTupleDirectInputL4ComponentsOutputModule_TopLevel|Output_iTuple_Item4_L2Tuple_Item30_L2Values1[0]       ; padio            ;
; |IOTupleDirectInputL4ComponentsOutputModule_TopLevel|Output_iTuple_Item4_L2Tuple_Item30_L2Values1[1]       ; |IOTupleDirectInputL4ComponentsOutputModule_TopLevel|Output_iTuple_Item4_L2Tuple_Item30_L2Values1[1]       ; padio            ;
; |IOTupleDirectInputL4ComponentsOutputModule_TopLevel|Output_iTuple_Item4_L2Tuple_Item30_L2Values1[2]       ; |IOTupleDirectInputL4ComponentsOutputModule_TopLevel|Output_iTuple_Item4_L2Tuple_Item30_L2Values1[2]       ; padio            ;
; |IOTupleDirectInputL4ComponentsOutputModule_TopLevel|Output_iTuple_Item4_L2Tuple_Item31_L2Flag             ; |IOTupleDirectInputL4ComponentsOutputModule_TopLevel|Output_iTuple_Item4_L2Tuple_Item31_L2Flag             ; padio            ;
; |IOTupleDirectInputL4ComponentsOutputModule_TopLevel|Output_iTuple_Item4_L2Tuple_Item31_L2Values0[0]       ; |IOTupleDirectInputL4ComponentsOutputModule_TopLevel|Output_iTuple_Item4_L2Tuple_Item31_L2Values0[0]       ; padio            ;
; |IOTupleDirectInputL4ComponentsOutputModule_TopLevel|Output_iTuple_Item4_L2Tuple_Item31_L2Values0[1]       ; |IOTupleDirectInputL4ComponentsOutputModule_TopLevel|Output_iTuple_Item4_L2Tuple_Item31_L2Values0[1]       ; padio            ;
; |IOTupleDirectInputL4ComponentsOutputModule_TopLevel|Output_iTuple_Item4_L2Tuple_Item31_L2Values0[2]       ; |IOTupleDirectInputL4ComponentsOutputModule_TopLevel|Output_iTuple_Item4_L2Tuple_Item31_L2Values0[2]       ; padio            ;
; |IOTupleDirectInputL4ComponentsOutputModule_TopLevel|Output_iTuple_Item4_L2Tuple_Item31_L2Values1[0]       ; |IOTupleDirectInputL4ComponentsOutputModule_TopLevel|Output_iTuple_Item4_L2Tuple_Item31_L2Values1[0]       ; padio            ;
; |IOTupleDirectInputL4ComponentsOutputModule_TopLevel|Output_iTuple_Item4_L2Tuple_Item31_L2Values1[1]       ; |IOTupleDirectInputL4ComponentsOutputModule_TopLevel|Output_iTuple_Item4_L2Tuple_Item31_L2Values1[1]       ; padio            ;
; |IOTupleDirectInputL4ComponentsOutputModule_TopLevel|Output_iTuple_Item4_L2Tuple_Item31_L2Values1[2]       ; |IOTupleDirectInputL4ComponentsOutputModule_TopLevel|Output_iTuple_Item4_L2Tuple_Item31_L2Values1[2]       ; padio            ;
; |IOTupleDirectInputL4ComponentsOutputModule_TopLevel|Output_iTupleArray0_Item1                             ; |IOTupleDirectInputL4ComponentsOutputModule_TopLevel|Output_iTupleArray0_Item1                             ; padio            ;
; |IOTupleDirectInputL4ComponentsOutputModule_TopLevel|Output_iTupleArray0_Item2[0]                          ; |IOTupleDirectInputL4ComponentsOutputModule_TopLevel|Output_iTupleArray0_Item2[0]                          ; padio            ;
; |IOTupleDirectInputL4ComponentsOutputModule_TopLevel|Output_iTupleArray0_Item2[1]                          ; |IOTupleDirectInputL4ComponentsOutputModule_TopLevel|Output_iTupleArray0_Item2[1]                          ; padio            ;
; |IOTupleDirectInputL4ComponentsOutputModule_TopLevel|Output_iTupleArray0_Item2[2]                          ; |IOTupleDirectInputL4ComponentsOutputModule_TopLevel|Output_iTupleArray0_Item2[2]                          ; padio            ;
; |IOTupleDirectInputL4ComponentsOutputModule_TopLevel|Output_iTupleArray0_Item2[3]                          ; |IOTupleDirectInputL4ComponentsOutputModule_TopLevel|Output_iTupleArray0_Item2[3]                          ; padio            ;
; |IOTupleDirectInputL4ComponentsOutputModule_TopLevel|Output_iTupleArray0_Item3_L1Flag                      ; |IOTupleDirectInputL4ComponentsOutputModule_TopLevel|Output_iTupleArray0_Item3_L1Flag                      ; padio            ;
; |IOTupleDirectInputL4ComponentsOutputModule_TopLevel|Output_iTupleArray0_Item3_L2_L2Flag                   ; |IOTupleDirectInputL4ComponentsOutputModule_TopLevel|Output_iTupleArray0_Item3_L2_L2Flag                   ; padio            ;
; |IOTupleDirectInputL4ComponentsOutputModule_TopLevel|Output_iTupleArray0_Item3_L2_L2Values0                ; |IOTupleDirectInputL4ComponentsOutputModule_TopLevel|Output_iTupleArray0_Item3_L2_L2Values0                ; padio            ;
; |IOTupleDirectInputL4ComponentsOutputModule_TopLevel|Output_iTupleArray0_Item3_L2_L2Values1                ; |IOTupleDirectInputL4ComponentsOutputModule_TopLevel|Output_iTupleArray0_Item3_L2_L2Values1                ; padio            ;
; |IOTupleDirectInputL4ComponentsOutputModule_TopLevel|Output_iTupleArray0_Item3_L2Array0_L2Flag             ; |IOTupleDirectInputL4ComponentsOutputModule_TopLevel|Output_iTupleArray0_Item3_L2Array0_L2Flag             ; padio            ;
; |IOTupleDirectInputL4ComponentsOutputModule_TopLevel|Output_iTupleArray0_Item3_L2Array0_L2Values0[0]       ; |IOTupleDirectInputL4ComponentsOutputModule_TopLevel|Output_iTupleArray0_Item3_L2Array0_L2Values0[0]       ; padio            ;
; |IOTupleDirectInputL4ComponentsOutputModule_TopLevel|Output_iTupleArray0_Item3_L2Array0_L2Values0[1]       ; |IOTupleDirectInputL4ComponentsOutputModule_TopLevel|Output_iTupleArray0_Item3_L2Array0_L2Values0[1]       ; padio            ;
; |IOTupleDirectInputL4ComponentsOutputModule_TopLevel|Output_iTupleArray0_Item3_L2Array0_L2Values0[2]       ; |IOTupleDirectInputL4ComponentsOutputModule_TopLevel|Output_iTupleArray0_Item3_L2Array0_L2Values0[2]       ; padio            ;
; |IOTupleDirectInputL4ComponentsOutputModule_TopLevel|Output_iTupleArray0_Item3_L2Array0_L2Values1[0]       ; |IOTupleDirectInputL4ComponentsOutputModule_TopLevel|Output_iTupleArray0_Item3_L2Array0_L2Values1[0]       ; padio            ;
; |IOTupleDirectInputL4ComponentsOutputModule_TopLevel|Output_iTupleArray0_Item3_L2Array0_L2Values1[1]       ; |IOTupleDirectInputL4ComponentsOutputModule_TopLevel|Output_iTupleArray0_Item3_L2Array0_L2Values1[1]       ; padio            ;
; |IOTupleDirectInputL4ComponentsOutputModule_TopLevel|Output_iTupleArray0_Item3_L2Array0_L2Values1[2]       ; |IOTupleDirectInputL4ComponentsOutputModule_TopLevel|Output_iTupleArray0_Item3_L2Array0_L2Values1[2]       ; padio            ;
; |IOTupleDirectInputL4ComponentsOutputModule_TopLevel|Output_iTupleArray0_Item3_L2Array1_L2Flag             ; |IOTupleDirectInputL4ComponentsOutputModule_TopLevel|Output_iTupleArray0_Item3_L2Array1_L2Flag             ; padio            ;
; |IOTupleDirectInputL4ComponentsOutputModule_TopLevel|Output_iTupleArray0_Item3_L2Array1_L2Values0[0]       ; |IOTupleDirectInputL4ComponentsOutputModule_TopLevel|Output_iTupleArray0_Item3_L2Array1_L2Values0[0]       ; padio            ;
; |IOTupleDirectInputL4ComponentsOutputModule_TopLevel|Output_iTupleArray0_Item3_L2Array1_L2Values0[1]       ; |IOTupleDirectInputL4ComponentsOutputModule_TopLevel|Output_iTupleArray0_Item3_L2Array1_L2Values0[1]       ; padio            ;
; |IOTupleDirectInputL4ComponentsOutputModule_TopLevel|Output_iTupleArray0_Item3_L2Array1_L2Values0[2]       ; |IOTupleDirectInputL4ComponentsOutputModule_TopLevel|Output_iTupleArray0_Item3_L2Array1_L2Values0[2]       ; padio            ;
; |IOTupleDirectInputL4ComponentsOutputModule_TopLevel|Output_iTupleArray0_Item3_L2Array1_L2Values1[0]       ; |IOTupleDirectInputL4ComponentsOutputModule_TopLevel|Output_iTupleArray0_Item3_L2Array1_L2Values1[0]       ; padio            ;
; |IOTupleDirectInputL4ComponentsOutputModule_TopLevel|Output_iTupleArray0_Item3_L2Array1_L2Values1[1]       ; |IOTupleDirectInputL4ComponentsOutputModule_TopLevel|Output_iTupleArray0_Item3_L2Array1_L2Values1[1]       ; padio            ;
; |IOTupleDirectInputL4ComponentsOutputModule_TopLevel|Output_iTupleArray0_Item3_L2Array1_L2Values1[2]       ; |IOTupleDirectInputL4ComponentsOutputModule_TopLevel|Output_iTupleArray0_Item3_L2Array1_L2Values1[2]       ; padio            ;
; |IOTupleDirectInputL4ComponentsOutputModule_TopLevel|Output_iTupleArray0_Item3_L2Tuple_Item1[0]            ; |IOTupleDirectInputL4ComponentsOutputModule_TopLevel|Output_iTupleArray0_Item3_L2Tuple_Item1[0]            ; padio            ;
; |IOTupleDirectInputL4ComponentsOutputModule_TopLevel|Output_iTupleArray0_Item3_L2Tuple_Item1[1]            ; |IOTupleDirectInputL4ComponentsOutputModule_TopLevel|Output_iTupleArray0_Item3_L2Tuple_Item1[1]            ; padio            ;
; |IOTupleDirectInputL4ComponentsOutputModule_TopLevel|Output_iTupleArray0_Item3_L2Tuple_Item1[2]            ; |IOTupleDirectInputL4ComponentsOutputModule_TopLevel|Output_iTupleArray0_Item3_L2Tuple_Item1[2]            ; padio            ;
; |IOTupleDirectInputL4ComponentsOutputModule_TopLevel|Output_iTupleArray0_Item3_L2Tuple_Item1[3]            ; |IOTupleDirectInputL4ComponentsOutputModule_TopLevel|Output_iTupleArray0_Item3_L2Tuple_Item1[3]            ; padio            ;
; |IOTupleDirectInputL4ComponentsOutputModule_TopLevel|Output_iTupleArray0_Item3_L2Tuple_Item1[4]            ; |IOTupleDirectInputL4ComponentsOutputModule_TopLevel|Output_iTupleArray0_Item3_L2Tuple_Item1[4]            ; padio            ;
; |IOTupleDirectInputL4ComponentsOutputModule_TopLevel|Output_iTupleArray0_Item3_L2Tuple_Item1[5]            ; |IOTupleDirectInputL4ComponentsOutputModule_TopLevel|Output_iTupleArray0_Item3_L2Tuple_Item1[5]            ; padio            ;
; |IOTupleDirectInputL4ComponentsOutputModule_TopLevel|Output_iTupleArray0_Item3_L2Tuple_Item1[6]            ; |IOTupleDirectInputL4ComponentsOutputModule_TopLevel|Output_iTupleArray0_Item3_L2Tuple_Item1[6]            ; padio            ;
; |IOTupleDirectInputL4ComponentsOutputModule_TopLevel|Output_iTupleArray0_Item3_L2Tuple_Item1[7]            ; |IOTupleDirectInputL4ComponentsOutputModule_TopLevel|Output_iTupleArray0_Item3_L2Tuple_Item1[7]            ; padio            ;
; |IOTupleDirectInputL4ComponentsOutputModule_TopLevel|Output_iTupleArray0_Item3_L2Tuple_Item2_L2Flag        ; |IOTupleDirectInputL4ComponentsOutputModule_TopLevel|Output_iTupleArray0_Item3_L2Tuple_Item2_L2Flag        ; padio            ;
; |IOTupleDirectInputL4ComponentsOutputModule_TopLevel|Output_iTupleArray0_Item3_L2Tuple_Item2_L2Values0     ; |IOTupleDirectInputL4ComponentsOutputModule_TopLevel|Output_iTupleArray0_Item3_L2Tuple_Item2_L2Values0     ; padio            ;
; |IOTupleDirectInputL4ComponentsOutputModule_TopLevel|Output_iTupleArray0_Item3_L2Tuple_Item2_L2Values1     ; |IOTupleDirectInputL4ComponentsOutputModule_TopLevel|Output_iTupleArray0_Item3_L2Tuple_Item2_L2Values1     ; padio            ;
; |IOTupleDirectInputL4ComponentsOutputModule_TopLevel|Output_iTupleArray0_Item3_L2Tuple_Item30_L2Flag       ; |IOTupleDirectInputL4ComponentsOutputModule_TopLevel|Output_iTupleArray0_Item3_L2Tuple_Item30_L2Flag       ; padio            ;
; |IOTupleDirectInputL4ComponentsOutputModule_TopLevel|Output_iTupleArray0_Item3_L2Tuple_Item30_L2Values0[0] ; |IOTupleDirectInputL4ComponentsOutputModule_TopLevel|Output_iTupleArray0_Item3_L2Tuple_Item30_L2Values0[0] ; padio            ;
; |IOTupleDirectInputL4ComponentsOutputModule_TopLevel|Output_iTupleArray0_Item3_L2Tuple_Item30_L2Values0[1] ; |IOTupleDirectInputL4ComponentsOutputModule_TopLevel|Output_iTupleArray0_Item3_L2Tuple_Item30_L2Values0[1] ; padio            ;
; |IOTupleDirectInputL4ComponentsOutputModule_TopLevel|Output_iTupleArray0_Item3_L2Tuple_Item30_L2Values0[2] ; |IOTupleDirectInputL4ComponentsOutputModule_TopLevel|Output_iTupleArray0_Item3_L2Tuple_Item30_L2Values0[2] ; padio            ;
; |IOTupleDirectInputL4ComponentsOutputModule_TopLevel|Output_iTupleArray0_Item3_L2Tuple_Item30_L2Values1[0] ; |IOTupleDirectInputL4ComponentsOutputModule_TopLevel|Output_iTupleArray0_Item3_L2Tuple_Item30_L2Values1[0] ; padio            ;
; |IOTupleDirectInputL4ComponentsOutputModule_TopLevel|Output_iTupleArray0_Item3_L2Tuple_Item30_L2Values1[1] ; |IOTupleDirectInputL4ComponentsOutputModule_TopLevel|Output_iTupleArray0_Item3_L2Tuple_Item30_L2Values1[1] ; padio            ;
; |IOTupleDirectInputL4ComponentsOutputModule_TopLevel|Output_iTupleArray0_Item3_L2Tuple_Item30_L2Values1[2] ; |IOTupleDirectInputL4ComponentsOutputModule_TopLevel|Output_iTupleArray0_Item3_L2Tuple_Item30_L2Values1[2] ; padio            ;
; |IOTupleDirectInputL4ComponentsOutputModule_TopLevel|Output_iTupleArray0_Item3_L2Tuple_Item31_L2Flag       ; |IOTupleDirectInputL4ComponentsOutputModule_TopLevel|Output_iTupleArray0_Item3_L2Tuple_Item31_L2Flag       ; padio            ;
; |IOTupleDirectInputL4ComponentsOutputModule_TopLevel|Output_iTupleArray0_Item3_L2Tuple_Item31_L2Values0[0] ; |IOTupleDirectInputL4ComponentsOutputModule_TopLevel|Output_iTupleArray0_Item3_L2Tuple_Item31_L2Values0[0] ; padio            ;
; |IOTupleDirectInputL4ComponentsOutputModule_TopLevel|Output_iTupleArray0_Item3_L2Tuple_Item31_L2Values0[1] ; |IOTupleDirectInputL4ComponentsOutputModule_TopLevel|Output_iTupleArray0_Item3_L2Tuple_Item31_L2Values0[1] ; padio            ;
; |IOTupleDirectInputL4ComponentsOutputModule_TopLevel|Output_iTupleArray0_Item3_L2Tuple_Item31_L2Values0[2] ; |IOTupleDirectInputL4ComponentsOutputModule_TopLevel|Output_iTupleArray0_Item3_L2Tuple_Item31_L2Values0[2] ; padio            ;
; |IOTupleDirectInputL4ComponentsOutputModule_TopLevel|Output_iTupleArray0_Item3_L2Tuple_Item31_L2Values1[0] ; |IOTupleDirectInputL4ComponentsOutputModule_TopLevel|Output_iTupleArray0_Item3_L2Tuple_Item31_L2Values1[0] ; padio            ;
; |IOTupleDirectInputL4ComponentsOutputModule_TopLevel|Output_iTupleArray0_Item3_L2Tuple_Item31_L2Values1[1] ; |IOTupleDirectInputL4ComponentsOutputModule_TopLevel|Output_iTupleArray0_Item3_L2Tuple_Item31_L2Values1[1] ; padio            ;
; |IOTupleDirectInputL4ComponentsOutputModule_TopLevel|Output_iTupleArray0_Item3_L2Tuple_Item31_L2Values1[2] ; |IOTupleDirectInputL4ComponentsOutputModule_TopLevel|Output_iTupleArray0_Item3_L2Tuple_Item31_L2Values1[2] ; padio            ;
; |IOTupleDirectInputL4ComponentsOutputModule_TopLevel|Output_iTupleArray0_Item40_L2Flag                     ; |IOTupleDirectInputL4ComponentsOutputModule_TopLevel|Output_iTupleArray0_Item40_L2Flag                     ; padio            ;
; |IOTupleDirectInputL4ComponentsOutputModule_TopLevel|Output_iTupleArray0_Item40_L2Values0                  ; |IOTupleDirectInputL4ComponentsOutputModule_TopLevel|Output_iTupleArray0_Item40_L2Values0                  ; padio            ;
; |IOTupleDirectInputL4ComponentsOutputModule_TopLevel|Output_iTupleArray0_Item40_L2Values1                  ; |IOTupleDirectInputL4ComponentsOutputModule_TopLevel|Output_iTupleArray0_Item40_L2Values1                  ; padio            ;
; |IOTupleDirectInputL4ComponentsOutputModule_TopLevel|Output_iTupleArray0_Item41_L2Flag                     ; |IOTupleDirectInputL4ComponentsOutputModule_TopLevel|Output_iTupleArray0_Item41_L2Flag                     ; padio            ;
; |IOTupleDirectInputL4ComponentsOutputModule_TopLevel|Output_iTupleArray0_Item41_L2Values0                  ; |IOTupleDirectInputL4ComponentsOutputModule_TopLevel|Output_iTupleArray0_Item41_L2Values0                  ; padio            ;
; |IOTupleDirectInputL4ComponentsOutputModule_TopLevel|Output_iTupleArray0_Item41_L2Values1                  ; |IOTupleDirectInputL4ComponentsOutputModule_TopLevel|Output_iTupleArray0_Item41_L2Values1                  ; padio            ;
; |IOTupleDirectInputL4ComponentsOutputModule_TopLevel|Output_iTupleArray1_Item1                             ; |IOTupleDirectInputL4ComponentsOutputModule_TopLevel|Output_iTupleArray1_Item1                             ; padio            ;
; |IOTupleDirectInputL4ComponentsOutputModule_TopLevel|Output_iTupleArray1_Item2[0]                          ; |IOTupleDirectInputL4ComponentsOutputModule_TopLevel|Output_iTupleArray1_Item2[0]                          ; padio            ;
; |IOTupleDirectInputL4ComponentsOutputModule_TopLevel|Output_iTupleArray1_Item2[1]                          ; |IOTupleDirectInputL4ComponentsOutputModule_TopLevel|Output_iTupleArray1_Item2[1]                          ; padio            ;
; |IOTupleDirectInputL4ComponentsOutputModule_TopLevel|Output_iTupleArray1_Item2[2]                          ; |IOTupleDirectInputL4ComponentsOutputModule_TopLevel|Output_iTupleArray1_Item2[2]                          ; padio            ;
; |IOTupleDirectInputL4ComponentsOutputModule_TopLevel|Output_iTupleArray1_Item2[3]                          ; |IOTupleDirectInputL4ComponentsOutputModule_TopLevel|Output_iTupleArray1_Item2[3]                          ; padio            ;
; |IOTupleDirectInputL4ComponentsOutputModule_TopLevel|Output_iTupleArray1_Item3_L1Flag                      ; |IOTupleDirectInputL4ComponentsOutputModule_TopLevel|Output_iTupleArray1_Item3_L1Flag                      ; padio            ;
; |IOTupleDirectInputL4ComponentsOutputModule_TopLevel|Output_iTupleArray1_Item3_L2_L2Flag                   ; |IOTupleDirectInputL4ComponentsOutputModule_TopLevel|Output_iTupleArray1_Item3_L2_L2Flag                   ; padio            ;
; |IOTupleDirectInputL4ComponentsOutputModule_TopLevel|Output_iTupleArray1_Item3_L2_L2Values0                ; |IOTupleDirectInputL4ComponentsOutputModule_TopLevel|Output_iTupleArray1_Item3_L2_L2Values0                ; padio            ;
; |IOTupleDirectInputL4ComponentsOutputModule_TopLevel|Output_iTupleArray1_Item3_L2_L2Values1                ; |IOTupleDirectInputL4ComponentsOutputModule_TopLevel|Output_iTupleArray1_Item3_L2_L2Values1                ; padio            ;
; |IOTupleDirectInputL4ComponentsOutputModule_TopLevel|Output_iTupleArray1_Item3_L2Array0_L2Flag             ; |IOTupleDirectInputL4ComponentsOutputModule_TopLevel|Output_iTupleArray1_Item3_L2Array0_L2Flag             ; padio            ;
; |IOTupleDirectInputL4ComponentsOutputModule_TopLevel|Output_iTupleArray1_Item3_L2Array0_L2Values0[0]       ; |IOTupleDirectInputL4ComponentsOutputModule_TopLevel|Output_iTupleArray1_Item3_L2Array0_L2Values0[0]       ; padio            ;
; |IOTupleDirectInputL4ComponentsOutputModule_TopLevel|Output_iTupleArray1_Item3_L2Array0_L2Values0[1]       ; |IOTupleDirectInputL4ComponentsOutputModule_TopLevel|Output_iTupleArray1_Item3_L2Array0_L2Values0[1]       ; padio            ;
; |IOTupleDirectInputL4ComponentsOutputModule_TopLevel|Output_iTupleArray1_Item3_L2Array0_L2Values0[2]       ; |IOTupleDirectInputL4ComponentsOutputModule_TopLevel|Output_iTupleArray1_Item3_L2Array0_L2Values0[2]       ; padio            ;
; |IOTupleDirectInputL4ComponentsOutputModule_TopLevel|Output_iTupleArray1_Item3_L2Array0_L2Values1[0]       ; |IOTupleDirectInputL4ComponentsOutputModule_TopLevel|Output_iTupleArray1_Item3_L2Array0_L2Values1[0]       ; padio            ;
; |IOTupleDirectInputL4ComponentsOutputModule_TopLevel|Output_iTupleArray1_Item3_L2Array0_L2Values1[1]       ; |IOTupleDirectInputL4ComponentsOutputModule_TopLevel|Output_iTupleArray1_Item3_L2Array0_L2Values1[1]       ; padio            ;
; |IOTupleDirectInputL4ComponentsOutputModule_TopLevel|Output_iTupleArray1_Item3_L2Array0_L2Values1[2]       ; |IOTupleDirectInputL4ComponentsOutputModule_TopLevel|Output_iTupleArray1_Item3_L2Array0_L2Values1[2]       ; padio            ;
; |IOTupleDirectInputL4ComponentsOutputModule_TopLevel|Output_iTupleArray1_Item3_L2Array1_L2Flag             ; |IOTupleDirectInputL4ComponentsOutputModule_TopLevel|Output_iTupleArray1_Item3_L2Array1_L2Flag             ; padio            ;
; |IOTupleDirectInputL4ComponentsOutputModule_TopLevel|Output_iTupleArray1_Item3_L2Array1_L2Values0[0]       ; |IOTupleDirectInputL4ComponentsOutputModule_TopLevel|Output_iTupleArray1_Item3_L2Array1_L2Values0[0]       ; padio            ;
; |IOTupleDirectInputL4ComponentsOutputModule_TopLevel|Output_iTupleArray1_Item3_L2Array1_L2Values0[1]       ; |IOTupleDirectInputL4ComponentsOutputModule_TopLevel|Output_iTupleArray1_Item3_L2Array1_L2Values0[1]       ; padio            ;
; |IOTupleDirectInputL4ComponentsOutputModule_TopLevel|Output_iTupleArray1_Item3_L2Array1_L2Values0[2]       ; |IOTupleDirectInputL4ComponentsOutputModule_TopLevel|Output_iTupleArray1_Item3_L2Array1_L2Values0[2]       ; padio            ;
; |IOTupleDirectInputL4ComponentsOutputModule_TopLevel|Output_iTupleArray1_Item3_L2Array1_L2Values1[0]       ; |IOTupleDirectInputL4ComponentsOutputModule_TopLevel|Output_iTupleArray1_Item3_L2Array1_L2Values1[0]       ; padio            ;
; |IOTupleDirectInputL4ComponentsOutputModule_TopLevel|Output_iTupleArray1_Item3_L2Array1_L2Values1[1]       ; |IOTupleDirectInputL4ComponentsOutputModule_TopLevel|Output_iTupleArray1_Item3_L2Array1_L2Values1[1]       ; padio            ;
; |IOTupleDirectInputL4ComponentsOutputModule_TopLevel|Output_iTupleArray1_Item3_L2Array1_L2Values1[2]       ; |IOTupleDirectInputL4ComponentsOutputModule_TopLevel|Output_iTupleArray1_Item3_L2Array1_L2Values1[2]       ; padio            ;
; |IOTupleDirectInputL4ComponentsOutputModule_TopLevel|Output_iTupleArray1_Item3_L2Tuple_Item1[0]            ; |IOTupleDirectInputL4ComponentsOutputModule_TopLevel|Output_iTupleArray1_Item3_L2Tuple_Item1[0]            ; padio            ;
; |IOTupleDirectInputL4ComponentsOutputModule_TopLevel|Output_iTupleArray1_Item3_L2Tuple_Item1[1]            ; |IOTupleDirectInputL4ComponentsOutputModule_TopLevel|Output_iTupleArray1_Item3_L2Tuple_Item1[1]            ; padio            ;
; |IOTupleDirectInputL4ComponentsOutputModule_TopLevel|Output_iTupleArray1_Item3_L2Tuple_Item1[2]            ; |IOTupleDirectInputL4ComponentsOutputModule_TopLevel|Output_iTupleArray1_Item3_L2Tuple_Item1[2]            ; padio            ;
; |IOTupleDirectInputL4ComponentsOutputModule_TopLevel|Output_iTupleArray1_Item3_L2Tuple_Item1[3]            ; |IOTupleDirectInputL4ComponentsOutputModule_TopLevel|Output_iTupleArray1_Item3_L2Tuple_Item1[3]            ; padio            ;
; |IOTupleDirectInputL4ComponentsOutputModule_TopLevel|Output_iTupleArray1_Item3_L2Tuple_Item1[4]            ; |IOTupleDirectInputL4ComponentsOutputModule_TopLevel|Output_iTupleArray1_Item3_L2Tuple_Item1[4]            ; padio            ;
; |IOTupleDirectInputL4ComponentsOutputModule_TopLevel|Output_iTupleArray1_Item3_L2Tuple_Item1[5]            ; |IOTupleDirectInputL4ComponentsOutputModule_TopLevel|Output_iTupleArray1_Item3_L2Tuple_Item1[5]            ; padio            ;
; |IOTupleDirectInputL4ComponentsOutputModule_TopLevel|Output_iTupleArray1_Item3_L2Tuple_Item1[6]            ; |IOTupleDirectInputL4ComponentsOutputModule_TopLevel|Output_iTupleArray1_Item3_L2Tuple_Item1[6]            ; padio            ;
; |IOTupleDirectInputL4ComponentsOutputModule_TopLevel|Output_iTupleArray1_Item3_L2Tuple_Item1[7]            ; |IOTupleDirectInputL4ComponentsOutputModule_TopLevel|Output_iTupleArray1_Item3_L2Tuple_Item1[7]            ; padio            ;
; |IOTupleDirectInputL4ComponentsOutputModule_TopLevel|Output_iTupleArray1_Item3_L2Tuple_Item2_L2Flag        ; |IOTupleDirectInputL4ComponentsOutputModule_TopLevel|Output_iTupleArray1_Item3_L2Tuple_Item2_L2Flag        ; padio            ;
; |IOTupleDirectInputL4ComponentsOutputModule_TopLevel|Output_iTupleArray1_Item3_L2Tuple_Item2_L2Values0     ; |IOTupleDirectInputL4ComponentsOutputModule_TopLevel|Output_iTupleArray1_Item3_L2Tuple_Item2_L2Values0     ; padio            ;
; |IOTupleDirectInputL4ComponentsOutputModule_TopLevel|Output_iTupleArray1_Item3_L2Tuple_Item2_L2Values1     ; |IOTupleDirectInputL4ComponentsOutputModule_TopLevel|Output_iTupleArray1_Item3_L2Tuple_Item2_L2Values1     ; padio            ;
; |IOTupleDirectInputL4ComponentsOutputModule_TopLevel|Output_iTupleArray1_Item3_L2Tuple_Item30_L2Flag       ; |IOTupleDirectInputL4ComponentsOutputModule_TopLevel|Output_iTupleArray1_Item3_L2Tuple_Item30_L2Flag       ; padio            ;
; |IOTupleDirectInputL4ComponentsOutputModule_TopLevel|Output_iTupleArray1_Item3_L2Tuple_Item30_L2Values0[0] ; |IOTupleDirectInputL4ComponentsOutputModule_TopLevel|Output_iTupleArray1_Item3_L2Tuple_Item30_L2Values0[0] ; padio            ;
; |IOTupleDirectInputL4ComponentsOutputModule_TopLevel|Output_iTupleArray1_Item3_L2Tuple_Item30_L2Values0[1] ; |IOTupleDirectInputL4ComponentsOutputModule_TopLevel|Output_iTupleArray1_Item3_L2Tuple_Item30_L2Values0[1] ; padio            ;
; |IOTupleDirectInputL4ComponentsOutputModule_TopLevel|Output_iTupleArray1_Item3_L2Tuple_Item30_L2Values0[2] ; |IOTupleDirectInputL4ComponentsOutputModule_TopLevel|Output_iTupleArray1_Item3_L2Tuple_Item30_L2Values0[2] ; padio            ;
; |IOTupleDirectInputL4ComponentsOutputModule_TopLevel|Output_iTupleArray1_Item3_L2Tuple_Item30_L2Values1[0] ; |IOTupleDirectInputL4ComponentsOutputModule_TopLevel|Output_iTupleArray1_Item3_L2Tuple_Item30_L2Values1[0] ; padio            ;
; |IOTupleDirectInputL4ComponentsOutputModule_TopLevel|Output_iTupleArray1_Item3_L2Tuple_Item30_L2Values1[1] ; |IOTupleDirectInputL4ComponentsOutputModule_TopLevel|Output_iTupleArray1_Item3_L2Tuple_Item30_L2Values1[1] ; padio            ;
; |IOTupleDirectInputL4ComponentsOutputModule_TopLevel|Output_iTupleArray1_Item3_L2Tuple_Item30_L2Values1[2] ; |IOTupleDirectInputL4ComponentsOutputModule_TopLevel|Output_iTupleArray1_Item3_L2Tuple_Item30_L2Values1[2] ; padio            ;
; |IOTupleDirectInputL4ComponentsOutputModule_TopLevel|Output_iTupleArray1_Item3_L2Tuple_Item31_L2Flag       ; |IOTupleDirectInputL4ComponentsOutputModule_TopLevel|Output_iTupleArray1_Item3_L2Tuple_Item31_L2Flag       ; padio            ;
; |IOTupleDirectInputL4ComponentsOutputModule_TopLevel|Output_iTupleArray1_Item3_L2Tuple_Item31_L2Values0[0] ; |IOTupleDirectInputL4ComponentsOutputModule_TopLevel|Output_iTupleArray1_Item3_L2Tuple_Item31_L2Values0[0] ; padio            ;
; |IOTupleDirectInputL4ComponentsOutputModule_TopLevel|Output_iTupleArray1_Item3_L2Tuple_Item31_L2Values0[1] ; |IOTupleDirectInputL4ComponentsOutputModule_TopLevel|Output_iTupleArray1_Item3_L2Tuple_Item31_L2Values0[1] ; padio            ;
; |IOTupleDirectInputL4ComponentsOutputModule_TopLevel|Output_iTupleArray1_Item3_L2Tuple_Item31_L2Values0[2] ; |IOTupleDirectInputL4ComponentsOutputModule_TopLevel|Output_iTupleArray1_Item3_L2Tuple_Item31_L2Values0[2] ; padio            ;
; |IOTupleDirectInputL4ComponentsOutputModule_TopLevel|Output_iTupleArray1_Item3_L2Tuple_Item31_L2Values1[0] ; |IOTupleDirectInputL4ComponentsOutputModule_TopLevel|Output_iTupleArray1_Item3_L2Tuple_Item31_L2Values1[0] ; padio            ;
; |IOTupleDirectInputL4ComponentsOutputModule_TopLevel|Output_iTupleArray1_Item3_L2Tuple_Item31_L2Values1[1] ; |IOTupleDirectInputL4ComponentsOutputModule_TopLevel|Output_iTupleArray1_Item3_L2Tuple_Item31_L2Values1[1] ; padio            ;
; |IOTupleDirectInputL4ComponentsOutputModule_TopLevel|Output_iTupleArray1_Item3_L2Tuple_Item31_L2Values1[2] ; |IOTupleDirectInputL4ComponentsOutputModule_TopLevel|Output_iTupleArray1_Item3_L2Tuple_Item31_L2Values1[2] ; padio            ;
; |IOTupleDirectInputL4ComponentsOutputModule_TopLevel|Output_iTupleArray1_Item40_L2Flag                     ; |IOTupleDirectInputL4ComponentsOutputModule_TopLevel|Output_iTupleArray1_Item40_L2Flag                     ; padio            ;
; |IOTupleDirectInputL4ComponentsOutputModule_TopLevel|Output_iTupleArray1_Item40_L2Values0                  ; |IOTupleDirectInputL4ComponentsOutputModule_TopLevel|Output_iTupleArray1_Item40_L2Values0                  ; padio            ;
; |IOTupleDirectInputL4ComponentsOutputModule_TopLevel|Output_iTupleArray1_Item40_L2Values1                  ; |IOTupleDirectInputL4ComponentsOutputModule_TopLevel|Output_iTupleArray1_Item40_L2Values1                  ; padio            ;
; |IOTupleDirectInputL4ComponentsOutputModule_TopLevel|Output_iTupleArray1_Item41_L2Flag                     ; |IOTupleDirectInputL4ComponentsOutputModule_TopLevel|Output_iTupleArray1_Item41_L2Flag                     ; padio            ;
; |IOTupleDirectInputL4ComponentsOutputModule_TopLevel|Output_iTupleArray1_Item41_L2Values0                  ; |IOTupleDirectInputL4ComponentsOutputModule_TopLevel|Output_iTupleArray1_Item41_L2Values0                  ; padio            ;
; |IOTupleDirectInputL4ComponentsOutputModule_TopLevel|Output_iTupleArray1_Item41_L2Values1                  ; |IOTupleDirectInputL4ComponentsOutputModule_TopLevel|Output_iTupleArray1_Item41_L2Values1                  ; padio            ;
; |IOTupleDirectInputL4ComponentsOutputModule_TopLevel|iTuple_Item1                                          ; |IOTupleDirectInputL4ComponentsOutputModule_TopLevel|iTuple_Item1~corein                                   ; combout          ;
; |IOTupleDirectInputL4ComponentsOutputModule_TopLevel|iTuple_Item2[0]                                       ; |IOTupleDirectInputL4ComponentsOutputModule_TopLevel|iTuple_Item2[0]~corein                                ; combout          ;
; |IOTupleDirectInputL4ComponentsOutputModule_TopLevel|iTuple_Item2[1]                                       ; |IOTupleDirectInputL4ComponentsOutputModule_TopLevel|iTuple_Item2[1]~corein                                ; combout          ;
; |IOTupleDirectInputL4ComponentsOutputModule_TopLevel|iTuple_Item2[2]                                       ; |IOTupleDirectInputL4ComponentsOutputModule_TopLevel|iTuple_Item2[2]~corein                                ; combout          ;
; |IOTupleDirectInputL4ComponentsOutputModule_TopLevel|iTuple_Item2[3]                                       ; |IOTupleDirectInputL4ComponentsOutputModule_TopLevel|iTuple_Item2[3]~corein                                ; combout          ;
; |IOTupleDirectInputL4ComponentsOutputModule_TopLevel|iTuple_Item2[4]                                       ; |IOTupleDirectInputL4ComponentsOutputModule_TopLevel|iTuple_Item2[4]~corein                                ; combout          ;
; |IOTupleDirectInputL4ComponentsOutputModule_TopLevel|iTuple_Item2[5]                                       ; |IOTupleDirectInputL4ComponentsOutputModule_TopLevel|iTuple_Item2[5]~corein                                ; combout          ;
; |IOTupleDirectInputL4ComponentsOutputModule_TopLevel|iTuple_Item2[6]                                       ; |IOTupleDirectInputL4ComponentsOutputModule_TopLevel|iTuple_Item2[6]~corein                                ; combout          ;
; |IOTupleDirectInputL4ComponentsOutputModule_TopLevel|iTuple_Item2[7]                                       ; |IOTupleDirectInputL4ComponentsOutputModule_TopLevel|iTuple_Item2[7]~corein                                ; combout          ;
; |IOTupleDirectInputL4ComponentsOutputModule_TopLevel|iTuple_Item30[0]                                      ; |IOTupleDirectInputL4ComponentsOutputModule_TopLevel|iTuple_Item30[0]~corein                               ; combout          ;
; |IOTupleDirectInputL4ComponentsOutputModule_TopLevel|iTuple_Item30[1]                                      ; |IOTupleDirectInputL4ComponentsOutputModule_TopLevel|iTuple_Item30[1]~corein                               ; combout          ;
; |IOTupleDirectInputL4ComponentsOutputModule_TopLevel|iTuple_Item30[2]                                      ; |IOTupleDirectInputL4ComponentsOutputModule_TopLevel|iTuple_Item30[2]~corein                               ; combout          ;
; |IOTupleDirectInputL4ComponentsOutputModule_TopLevel|iTuple_Item30[3]                                      ; |IOTupleDirectInputL4ComponentsOutputModule_TopLevel|iTuple_Item30[3]~corein                               ; combout          ;
; |IOTupleDirectInputL4ComponentsOutputModule_TopLevel|iTuple_Item31[0]                                      ; |IOTupleDirectInputL4ComponentsOutputModule_TopLevel|iTuple_Item31[0]~corein                               ; combout          ;
; |IOTupleDirectInputL4ComponentsOutputModule_TopLevel|iTuple_Item31[1]                                      ; |IOTupleDirectInputL4ComponentsOutputModule_TopLevel|iTuple_Item31[1]~corein                               ; combout          ;
; |IOTupleDirectInputL4ComponentsOutputModule_TopLevel|iTuple_Item31[2]                                      ; |IOTupleDirectInputL4ComponentsOutputModule_TopLevel|iTuple_Item31[2]~corein                               ; combout          ;
; |IOTupleDirectInputL4ComponentsOutputModule_TopLevel|iTuple_Item31[3]                                      ; |IOTupleDirectInputL4ComponentsOutputModule_TopLevel|iTuple_Item31[3]~corein                               ; combout          ;
; |IOTupleDirectInputL4ComponentsOutputModule_TopLevel|iTuple_Item4_L1Flag                                   ; |IOTupleDirectInputL4ComponentsOutputModule_TopLevel|iTuple_Item4_L1Flag~corein                            ; combout          ;
; |IOTupleDirectInputL4ComponentsOutputModule_TopLevel|iTuple_Item4_L2_L2Flag                                ; |IOTupleDirectInputL4ComponentsOutputModule_TopLevel|iTuple_Item4_L2_L2Flag~corein                         ; combout          ;
; |IOTupleDirectInputL4ComponentsOutputModule_TopLevel|iTuple_Item4_L2_L2Values0                             ; |IOTupleDirectInputL4ComponentsOutputModule_TopLevel|iTuple_Item4_L2_L2Values0~corein                      ; combout          ;
; |IOTupleDirectInputL4ComponentsOutputModule_TopLevel|iTuple_Item4_L2_L2Values1                             ; |IOTupleDirectInputL4ComponentsOutputModule_TopLevel|iTuple_Item4_L2_L2Values1~corein                      ; combout          ;
; |IOTupleDirectInputL4ComponentsOutputModule_TopLevel|iTuple_Item4_L2Array0_L2Flag                          ; |IOTupleDirectInputL4ComponentsOutputModule_TopLevel|iTuple_Item4_L2Array0_L2Flag~corein                   ; combout          ;
; |IOTupleDirectInputL4ComponentsOutputModule_TopLevel|iTuple_Item4_L2Array0_L2Values0[0]                    ; |IOTupleDirectInputL4ComponentsOutputModule_TopLevel|iTuple_Item4_L2Array0_L2Values0[0]~corein             ; combout          ;
; |IOTupleDirectInputL4ComponentsOutputModule_TopLevel|iTuple_Item4_L2Array0_L2Values0[1]                    ; |IOTupleDirectInputL4ComponentsOutputModule_TopLevel|iTuple_Item4_L2Array0_L2Values0[1]~corein             ; combout          ;
; |IOTupleDirectInputL4ComponentsOutputModule_TopLevel|iTuple_Item4_L2Array0_L2Values0[2]                    ; |IOTupleDirectInputL4ComponentsOutputModule_TopLevel|iTuple_Item4_L2Array0_L2Values0[2]~corein             ; combout          ;
; |IOTupleDirectInputL4ComponentsOutputModule_TopLevel|iTuple_Item4_L2Array0_L2Values1[0]                    ; |IOTupleDirectInputL4ComponentsOutputModule_TopLevel|iTuple_Item4_L2Array0_L2Values1[0]~corein             ; combout          ;
; |IOTupleDirectInputL4ComponentsOutputModule_TopLevel|iTuple_Item4_L2Array0_L2Values1[1]                    ; |IOTupleDirectInputL4ComponentsOutputModule_TopLevel|iTuple_Item4_L2Array0_L2Values1[1]~corein             ; combout          ;
; |IOTupleDirectInputL4ComponentsOutputModule_TopLevel|iTuple_Item4_L2Array0_L2Values1[2]                    ; |IOTupleDirectInputL4ComponentsOutputModule_TopLevel|iTuple_Item4_L2Array0_L2Values1[2]~corein             ; combout          ;
; |IOTupleDirectInputL4ComponentsOutputModule_TopLevel|iTuple_Item4_L2Array1_L2Flag                          ; |IOTupleDirectInputL4ComponentsOutputModule_TopLevel|iTuple_Item4_L2Array1_L2Flag~corein                   ; combout          ;
; |IOTupleDirectInputL4ComponentsOutputModule_TopLevel|iTuple_Item4_L2Array1_L2Values0[0]                    ; |IOTupleDirectInputL4ComponentsOutputModule_TopLevel|iTuple_Item4_L2Array1_L2Values0[0]~corein             ; combout          ;
; |IOTupleDirectInputL4ComponentsOutputModule_TopLevel|iTuple_Item4_L2Array1_L2Values0[1]                    ; |IOTupleDirectInputL4ComponentsOutputModule_TopLevel|iTuple_Item4_L2Array1_L2Values0[1]~corein             ; combout          ;
; |IOTupleDirectInputL4ComponentsOutputModule_TopLevel|iTuple_Item4_L2Array1_L2Values0[2]                    ; |IOTupleDirectInputL4ComponentsOutputModule_TopLevel|iTuple_Item4_L2Array1_L2Values0[2]~corein             ; combout          ;
; |IOTupleDirectInputL4ComponentsOutputModule_TopLevel|iTuple_Item4_L2Array1_L2Values1[0]                    ; |IOTupleDirectInputL4ComponentsOutputModule_TopLevel|iTuple_Item4_L2Array1_L2Values1[0]~corein             ; combout          ;
; |IOTupleDirectInputL4ComponentsOutputModule_TopLevel|iTuple_Item4_L2Array1_L2Values1[1]                    ; |IOTupleDirectInputL4ComponentsOutputModule_TopLevel|iTuple_Item4_L2Array1_L2Values1[1]~corein             ; combout          ;
; |IOTupleDirectInputL4ComponentsOutputModule_TopLevel|iTuple_Item4_L2Array1_L2Values1[2]                    ; |IOTupleDirectInputL4ComponentsOutputModule_TopLevel|iTuple_Item4_L2Array1_L2Values1[2]~corein             ; combout          ;
; |IOTupleDirectInputL4ComponentsOutputModule_TopLevel|iTuple_Item4_L2Tuple_Item1[0]                         ; |IOTupleDirectInputL4ComponentsOutputModule_TopLevel|iTuple_Item4_L2Tuple_Item1[0]~corein                  ; combout          ;
; |IOTupleDirectInputL4ComponentsOutputModule_TopLevel|iTuple_Item4_L2Tuple_Item1[1]                         ; |IOTupleDirectInputL4ComponentsOutputModule_TopLevel|iTuple_Item4_L2Tuple_Item1[1]~corein                  ; combout          ;
; |IOTupleDirectInputL4ComponentsOutputModule_TopLevel|iTuple_Item4_L2Tuple_Item1[2]                         ; |IOTupleDirectInputL4ComponentsOutputModule_TopLevel|iTuple_Item4_L2Tuple_Item1[2]~corein                  ; combout          ;
; |IOTupleDirectInputL4ComponentsOutputModule_TopLevel|iTuple_Item4_L2Tuple_Item1[3]                         ; |IOTupleDirectInputL4ComponentsOutputModule_TopLevel|iTuple_Item4_L2Tuple_Item1[3]~corein                  ; combout          ;
; |IOTupleDirectInputL4ComponentsOutputModule_TopLevel|iTuple_Item4_L2Tuple_Item1[4]                         ; |IOTupleDirectInputL4ComponentsOutputModule_TopLevel|iTuple_Item4_L2Tuple_Item1[4]~corein                  ; combout          ;
; |IOTupleDirectInputL4ComponentsOutputModule_TopLevel|iTuple_Item4_L2Tuple_Item1[5]                         ; |IOTupleDirectInputL4ComponentsOutputModule_TopLevel|iTuple_Item4_L2Tuple_Item1[5]~corein                  ; combout          ;
; |IOTupleDirectInputL4ComponentsOutputModule_TopLevel|iTuple_Item4_L2Tuple_Item1[6]                         ; |IOTupleDirectInputL4ComponentsOutputModule_TopLevel|iTuple_Item4_L2Tuple_Item1[6]~corein                  ; combout          ;
; |IOTupleDirectInputL4ComponentsOutputModule_TopLevel|iTuple_Item4_L2Tuple_Item1[7]                         ; |IOTupleDirectInputL4ComponentsOutputModule_TopLevel|iTuple_Item4_L2Tuple_Item1[7]~corein                  ; combout          ;
; |IOTupleDirectInputL4ComponentsOutputModule_TopLevel|iTuple_Item4_L2Tuple_Item2_L2Flag                     ; |IOTupleDirectInputL4ComponentsOutputModule_TopLevel|iTuple_Item4_L2Tuple_Item2_L2Flag~corein              ; combout          ;
; |IOTupleDirectInputL4ComponentsOutputModule_TopLevel|iTuple_Item4_L2Tuple_Item2_L2Values0                  ; |IOTupleDirectInputL4ComponentsOutputModule_TopLevel|iTuple_Item4_L2Tuple_Item2_L2Values0~corein           ; combout          ;
; |IOTupleDirectInputL4ComponentsOutputModule_TopLevel|iTuple_Item4_L2Tuple_Item2_L2Values1                  ; |IOTupleDirectInputL4ComponentsOutputModule_TopLevel|iTuple_Item4_L2Tuple_Item2_L2Values1~corein           ; combout          ;
; |IOTupleDirectInputL4ComponentsOutputModule_TopLevel|iTuple_Item4_L2Tuple_Item30_L2Flag                    ; |IOTupleDirectInputL4ComponentsOutputModule_TopLevel|iTuple_Item4_L2Tuple_Item30_L2Flag~corein             ; combout          ;
; |IOTupleDirectInputL4ComponentsOutputModule_TopLevel|iTuple_Item4_L2Tuple_Item30_L2Values0[0]              ; |IOTupleDirectInputL4ComponentsOutputModule_TopLevel|iTuple_Item4_L2Tuple_Item30_L2Values0[0]~corein       ; combout          ;
; |IOTupleDirectInputL4ComponentsOutputModule_TopLevel|iTuple_Item4_L2Tuple_Item30_L2Values0[1]              ; |IOTupleDirectInputL4ComponentsOutputModule_TopLevel|iTuple_Item4_L2Tuple_Item30_L2Values0[1]~corein       ; combout          ;
; |IOTupleDirectInputL4ComponentsOutputModule_TopLevel|iTuple_Item4_L2Tuple_Item30_L2Values0[2]              ; |IOTupleDirectInputL4ComponentsOutputModule_TopLevel|iTuple_Item4_L2Tuple_Item30_L2Values0[2]~corein       ; combout          ;
; |IOTupleDirectInputL4ComponentsOutputModule_TopLevel|iTuple_Item4_L2Tuple_Item30_L2Values1[0]              ; |IOTupleDirectInputL4ComponentsOutputModule_TopLevel|iTuple_Item4_L2Tuple_Item30_L2Values1[0]~corein       ; combout          ;
; |IOTupleDirectInputL4ComponentsOutputModule_TopLevel|iTuple_Item4_L2Tuple_Item30_L2Values1[1]              ; |IOTupleDirectInputL4ComponentsOutputModule_TopLevel|iTuple_Item4_L2Tuple_Item30_L2Values1[1]~corein       ; combout          ;
; |IOTupleDirectInputL4ComponentsOutputModule_TopLevel|iTuple_Item4_L2Tuple_Item30_L2Values1[2]              ; |IOTupleDirectInputL4ComponentsOutputModule_TopLevel|iTuple_Item4_L2Tuple_Item30_L2Values1[2]~corein       ; combout          ;
; |IOTupleDirectInputL4ComponentsOutputModule_TopLevel|iTuple_Item4_L2Tuple_Item31_L2Flag                    ; |IOTupleDirectInputL4ComponentsOutputModule_TopLevel|iTuple_Item4_L2Tuple_Item31_L2Flag~corein             ; combout          ;
; |IOTupleDirectInputL4ComponentsOutputModule_TopLevel|iTuple_Item4_L2Tuple_Item31_L2Values0[0]              ; |IOTupleDirectInputL4ComponentsOutputModule_TopLevel|iTuple_Item4_L2Tuple_Item31_L2Values0[0]~corein       ; combout          ;
; |IOTupleDirectInputL4ComponentsOutputModule_TopLevel|iTuple_Item4_L2Tuple_Item31_L2Values0[1]              ; |IOTupleDirectInputL4ComponentsOutputModule_TopLevel|iTuple_Item4_L2Tuple_Item31_L2Values0[1]~corein       ; combout          ;
; |IOTupleDirectInputL4ComponentsOutputModule_TopLevel|iTuple_Item4_L2Tuple_Item31_L2Values0[2]              ; |IOTupleDirectInputL4ComponentsOutputModule_TopLevel|iTuple_Item4_L2Tuple_Item31_L2Values0[2]~corein       ; combout          ;
; |IOTupleDirectInputL4ComponentsOutputModule_TopLevel|iTuple_Item4_L2Tuple_Item31_L2Values1[0]              ; |IOTupleDirectInputL4ComponentsOutputModule_TopLevel|iTuple_Item4_L2Tuple_Item31_L2Values1[0]~corein       ; combout          ;
; |IOTupleDirectInputL4ComponentsOutputModule_TopLevel|iTuple_Item4_L2Tuple_Item31_L2Values1[1]              ; |IOTupleDirectInputL4ComponentsOutputModule_TopLevel|iTuple_Item4_L2Tuple_Item31_L2Values1[1]~corein       ; combout          ;
; |IOTupleDirectInputL4ComponentsOutputModule_TopLevel|iTuple_Item4_L2Tuple_Item31_L2Values1[2]              ; |IOTupleDirectInputL4ComponentsOutputModule_TopLevel|iTuple_Item4_L2Tuple_Item31_L2Values1[2]~corein       ; combout          ;
; |IOTupleDirectInputL4ComponentsOutputModule_TopLevel|iTupleArray0_Item1                                    ; |IOTupleDirectInputL4ComponentsOutputModule_TopLevel|iTupleArray0_Item1~corein                             ; combout          ;
; |IOTupleDirectInputL4ComponentsOutputModule_TopLevel|iTupleArray0_Item2[0]                                 ; |IOTupleDirectInputL4ComponentsOutputModule_TopLevel|iTupleArray0_Item2[0]~corein                          ; combout          ;
; |IOTupleDirectInputL4ComponentsOutputModule_TopLevel|iTupleArray0_Item2[1]                                 ; |IOTupleDirectInputL4ComponentsOutputModule_TopLevel|iTupleArray0_Item2[1]~corein                          ; combout          ;
; |IOTupleDirectInputL4ComponentsOutputModule_TopLevel|iTupleArray0_Item2[2]                                 ; |IOTupleDirectInputL4ComponentsOutputModule_TopLevel|iTupleArray0_Item2[2]~corein                          ; combout          ;
; |IOTupleDirectInputL4ComponentsOutputModule_TopLevel|iTupleArray0_Item2[3]                                 ; |IOTupleDirectInputL4ComponentsOutputModule_TopLevel|iTupleArray0_Item2[3]~corein                          ; combout          ;
; |IOTupleDirectInputL4ComponentsOutputModule_TopLevel|iTupleArray0_Item3_L1Flag                             ; |IOTupleDirectInputL4ComponentsOutputModule_TopLevel|iTupleArray0_Item3_L1Flag~corein                      ; combout          ;
; |IOTupleDirectInputL4ComponentsOutputModule_TopLevel|iTupleArray0_Item3_L2_L2Flag                          ; |IOTupleDirectInputL4ComponentsOutputModule_TopLevel|iTupleArray0_Item3_L2_L2Flag~corein                   ; combout          ;
; |IOTupleDirectInputL4ComponentsOutputModule_TopLevel|iTupleArray0_Item3_L2_L2Values0                       ; |IOTupleDirectInputL4ComponentsOutputModule_TopLevel|iTupleArray0_Item3_L2_L2Values0~corein                ; combout          ;
; |IOTupleDirectInputL4ComponentsOutputModule_TopLevel|iTupleArray0_Item3_L2_L2Values1                       ; |IOTupleDirectInputL4ComponentsOutputModule_TopLevel|iTupleArray0_Item3_L2_L2Values1~corein                ; combout          ;
; |IOTupleDirectInputL4ComponentsOutputModule_TopLevel|iTupleArray0_Item3_L2Array0_L2Flag                    ; |IOTupleDirectInputL4ComponentsOutputModule_TopLevel|iTupleArray0_Item3_L2Array0_L2Flag~corein             ; combout          ;
; |IOTupleDirectInputL4ComponentsOutputModule_TopLevel|iTupleArray0_Item3_L2Array0_L2Values0[0]              ; |IOTupleDirectInputL4ComponentsOutputModule_TopLevel|iTupleArray0_Item3_L2Array0_L2Values0[0]~corein       ; combout          ;
; |IOTupleDirectInputL4ComponentsOutputModule_TopLevel|iTupleArray0_Item3_L2Array0_L2Values0[1]              ; |IOTupleDirectInputL4ComponentsOutputModule_TopLevel|iTupleArray0_Item3_L2Array0_L2Values0[1]~corein       ; combout          ;
; |IOTupleDirectInputL4ComponentsOutputModule_TopLevel|iTupleArray0_Item3_L2Array0_L2Values0[2]              ; |IOTupleDirectInputL4ComponentsOutputModule_TopLevel|iTupleArray0_Item3_L2Array0_L2Values0[2]~corein       ; combout          ;
; |IOTupleDirectInputL4ComponentsOutputModule_TopLevel|iTupleArray0_Item3_L2Array0_L2Values1[0]              ; |IOTupleDirectInputL4ComponentsOutputModule_TopLevel|iTupleArray0_Item3_L2Array0_L2Values1[0]~corein       ; combout          ;
; |IOTupleDirectInputL4ComponentsOutputModule_TopLevel|iTupleArray0_Item3_L2Array0_L2Values1[1]              ; |IOTupleDirectInputL4ComponentsOutputModule_TopLevel|iTupleArray0_Item3_L2Array0_L2Values1[1]~corein       ; combout          ;
; |IOTupleDirectInputL4ComponentsOutputModule_TopLevel|iTupleArray0_Item3_L2Array0_L2Values1[2]              ; |IOTupleDirectInputL4ComponentsOutputModule_TopLevel|iTupleArray0_Item3_L2Array0_L2Values1[2]~corein       ; combout          ;
; |IOTupleDirectInputL4ComponentsOutputModule_TopLevel|iTupleArray0_Item3_L2Array1_L2Flag                    ; |IOTupleDirectInputL4ComponentsOutputModule_TopLevel|iTupleArray0_Item3_L2Array1_L2Flag~corein             ; combout          ;
; |IOTupleDirectInputL4ComponentsOutputModule_TopLevel|iTupleArray0_Item3_L2Array1_L2Values0[0]              ; |IOTupleDirectInputL4ComponentsOutputModule_TopLevel|iTupleArray0_Item3_L2Array1_L2Values0[0]~corein       ; combout          ;
; |IOTupleDirectInputL4ComponentsOutputModule_TopLevel|iTupleArray0_Item3_L2Array1_L2Values0[1]              ; |IOTupleDirectInputL4ComponentsOutputModule_TopLevel|iTupleArray0_Item3_L2Array1_L2Values0[1]~corein       ; combout          ;
; |IOTupleDirectInputL4ComponentsOutputModule_TopLevel|iTupleArray0_Item3_L2Array1_L2Values0[2]              ; |IOTupleDirectInputL4ComponentsOutputModule_TopLevel|iTupleArray0_Item3_L2Array1_L2Values0[2]~corein       ; combout          ;
; |IOTupleDirectInputL4ComponentsOutputModule_TopLevel|iTupleArray0_Item3_L2Array1_L2Values1[0]              ; |IOTupleDirectInputL4ComponentsOutputModule_TopLevel|iTupleArray0_Item3_L2Array1_L2Values1[0]~corein       ; combout          ;
; |IOTupleDirectInputL4ComponentsOutputModule_TopLevel|iTupleArray0_Item3_L2Array1_L2Values1[1]              ; |IOTupleDirectInputL4ComponentsOutputModule_TopLevel|iTupleArray0_Item3_L2Array1_L2Values1[1]~corein       ; combout          ;
; |IOTupleDirectInputL4ComponentsOutputModule_TopLevel|iTupleArray0_Item3_L2Array1_L2Values1[2]              ; |IOTupleDirectInputL4ComponentsOutputModule_TopLevel|iTupleArray0_Item3_L2Array1_L2Values1[2]~corein       ; combout          ;
; |IOTupleDirectInputL4ComponentsOutputModule_TopLevel|iTupleArray0_Item3_L2Tuple_Item1[0]                   ; |IOTupleDirectInputL4ComponentsOutputModule_TopLevel|iTupleArray0_Item3_L2Tuple_Item1[0]~corein            ; combout          ;
; |IOTupleDirectInputL4ComponentsOutputModule_TopLevel|iTupleArray0_Item3_L2Tuple_Item1[1]                   ; |IOTupleDirectInputL4ComponentsOutputModule_TopLevel|iTupleArray0_Item3_L2Tuple_Item1[1]~corein            ; combout          ;
; |IOTupleDirectInputL4ComponentsOutputModule_TopLevel|iTupleArray0_Item3_L2Tuple_Item1[2]                   ; |IOTupleDirectInputL4ComponentsOutputModule_TopLevel|iTupleArray0_Item3_L2Tuple_Item1[2]~corein            ; combout          ;
; |IOTupleDirectInputL4ComponentsOutputModule_TopLevel|iTupleArray0_Item3_L2Tuple_Item1[3]                   ; |IOTupleDirectInputL4ComponentsOutputModule_TopLevel|iTupleArray0_Item3_L2Tuple_Item1[3]~corein            ; combout          ;
; |IOTupleDirectInputL4ComponentsOutputModule_TopLevel|iTupleArray0_Item3_L2Tuple_Item1[4]                   ; |IOTupleDirectInputL4ComponentsOutputModule_TopLevel|iTupleArray0_Item3_L2Tuple_Item1[4]~corein            ; combout          ;
; |IOTupleDirectInputL4ComponentsOutputModule_TopLevel|iTupleArray0_Item3_L2Tuple_Item1[5]                   ; |IOTupleDirectInputL4ComponentsOutputModule_TopLevel|iTupleArray0_Item3_L2Tuple_Item1[5]~corein            ; combout          ;
; |IOTupleDirectInputL4ComponentsOutputModule_TopLevel|iTupleArray0_Item3_L2Tuple_Item1[6]                   ; |IOTupleDirectInputL4ComponentsOutputModule_TopLevel|iTupleArray0_Item3_L2Tuple_Item1[6]~corein            ; combout          ;
; |IOTupleDirectInputL4ComponentsOutputModule_TopLevel|iTupleArray0_Item3_L2Tuple_Item1[7]                   ; |IOTupleDirectInputL4ComponentsOutputModule_TopLevel|iTupleArray0_Item3_L2Tuple_Item1[7]~corein            ; combout          ;
; |IOTupleDirectInputL4ComponentsOutputModule_TopLevel|iTupleArray0_Item3_L2Tuple_Item2_L2Flag               ; |IOTupleDirectInputL4ComponentsOutputModule_TopLevel|iTupleArray0_Item3_L2Tuple_Item2_L2Flag~corein        ; combout          ;
; |IOTupleDirectInputL4ComponentsOutputModule_TopLevel|iTupleArray0_Item3_L2Tuple_Item2_L2Values0            ; |IOTupleDirectInputL4ComponentsOutputModule_TopLevel|iTupleArray0_Item3_L2Tuple_Item2_L2Values0~corein     ; combout          ;
; |IOTupleDirectInputL4ComponentsOutputModule_TopLevel|iTupleArray0_Item3_L2Tuple_Item2_L2Values1            ; |IOTupleDirectInputL4ComponentsOutputModule_TopLevel|iTupleArray0_Item3_L2Tuple_Item2_L2Values1~corein     ; combout          ;
; |IOTupleDirectInputL4ComponentsOutputModule_TopLevel|iTupleArray0_Item3_L2Tuple_Item30_L2Flag              ; |IOTupleDirectInputL4ComponentsOutputModule_TopLevel|iTupleArray0_Item3_L2Tuple_Item30_L2Flag~corein       ; combout          ;
; |IOTupleDirectInputL4ComponentsOutputModule_TopLevel|iTupleArray0_Item3_L2Tuple_Item30_L2Values0[0]        ; |IOTupleDirectInputL4ComponentsOutputModule_TopLevel|iTupleArray0_Item3_L2Tuple_Item30_L2Values0[0]~corein ; combout          ;
; |IOTupleDirectInputL4ComponentsOutputModule_TopLevel|iTupleArray0_Item3_L2Tuple_Item30_L2Values0[1]        ; |IOTupleDirectInputL4ComponentsOutputModule_TopLevel|iTupleArray0_Item3_L2Tuple_Item30_L2Values0[1]~corein ; combout          ;
; |IOTupleDirectInputL4ComponentsOutputModule_TopLevel|iTupleArray0_Item3_L2Tuple_Item30_L2Values0[2]        ; |IOTupleDirectInputL4ComponentsOutputModule_TopLevel|iTupleArray0_Item3_L2Tuple_Item30_L2Values0[2]~corein ; combout          ;
; |IOTupleDirectInputL4ComponentsOutputModule_TopLevel|iTupleArray0_Item3_L2Tuple_Item30_L2Values1[0]        ; |IOTupleDirectInputL4ComponentsOutputModule_TopLevel|iTupleArray0_Item3_L2Tuple_Item30_L2Values1[0]~corein ; combout          ;
; |IOTupleDirectInputL4ComponentsOutputModule_TopLevel|iTupleArray0_Item3_L2Tuple_Item30_L2Values1[1]        ; |IOTupleDirectInputL4ComponentsOutputModule_TopLevel|iTupleArray0_Item3_L2Tuple_Item30_L2Values1[1]~corein ; combout          ;
; |IOTupleDirectInputL4ComponentsOutputModule_TopLevel|iTupleArray0_Item3_L2Tuple_Item30_L2Values1[2]        ; |IOTupleDirectInputL4ComponentsOutputModule_TopLevel|iTupleArray0_Item3_L2Tuple_Item30_L2Values1[2]~corein ; combout          ;
; |IOTupleDirectInputL4ComponentsOutputModule_TopLevel|iTupleArray0_Item3_L2Tuple_Item31_L2Flag              ; |IOTupleDirectInputL4ComponentsOutputModule_TopLevel|iTupleArray0_Item3_L2Tuple_Item31_L2Flag~corein       ; combout          ;
; |IOTupleDirectInputL4ComponentsOutputModule_TopLevel|iTupleArray0_Item3_L2Tuple_Item31_L2Values0[0]        ; |IOTupleDirectInputL4ComponentsOutputModule_TopLevel|iTupleArray0_Item3_L2Tuple_Item31_L2Values0[0]~corein ; combout          ;
; |IOTupleDirectInputL4ComponentsOutputModule_TopLevel|iTupleArray0_Item3_L2Tuple_Item31_L2Values0[1]        ; |IOTupleDirectInputL4ComponentsOutputModule_TopLevel|iTupleArray0_Item3_L2Tuple_Item31_L2Values0[1]~corein ; combout          ;
; |IOTupleDirectInputL4ComponentsOutputModule_TopLevel|iTupleArray0_Item3_L2Tuple_Item31_L2Values0[2]        ; |IOTupleDirectInputL4ComponentsOutputModule_TopLevel|iTupleArray0_Item3_L2Tuple_Item31_L2Values0[2]~corein ; combout          ;
; |IOTupleDirectInputL4ComponentsOutputModule_TopLevel|iTupleArray0_Item3_L2Tuple_Item31_L2Values1[0]        ; |IOTupleDirectInputL4ComponentsOutputModule_TopLevel|iTupleArray0_Item3_L2Tuple_Item31_L2Values1[0]~corein ; combout          ;
; |IOTupleDirectInputL4ComponentsOutputModule_TopLevel|iTupleArray0_Item3_L2Tuple_Item31_L2Values1[1]        ; |IOTupleDirectInputL4ComponentsOutputModule_TopLevel|iTupleArray0_Item3_L2Tuple_Item31_L2Values1[1]~corein ; combout          ;
; |IOTupleDirectInputL4ComponentsOutputModule_TopLevel|iTupleArray0_Item3_L2Tuple_Item31_L2Values1[2]        ; |IOTupleDirectInputL4ComponentsOutputModule_TopLevel|iTupleArray0_Item3_L2Tuple_Item31_L2Values1[2]~corein ; combout          ;
; |IOTupleDirectInputL4ComponentsOutputModule_TopLevel|iTupleArray0_Item40_L2Flag                            ; |IOTupleDirectInputL4ComponentsOutputModule_TopLevel|iTupleArray0_Item40_L2Flag~corein                     ; combout          ;
; |IOTupleDirectInputL4ComponentsOutputModule_TopLevel|iTupleArray0_Item40_L2Values0                         ; |IOTupleDirectInputL4ComponentsOutputModule_TopLevel|iTupleArray0_Item40_L2Values0~corein                  ; combout          ;
; |IOTupleDirectInputL4ComponentsOutputModule_TopLevel|iTupleArray0_Item40_L2Values1                         ; |IOTupleDirectInputL4ComponentsOutputModule_TopLevel|iTupleArray0_Item40_L2Values1~corein                  ; combout          ;
; |IOTupleDirectInputL4ComponentsOutputModule_TopLevel|iTupleArray0_Item41_L2Flag                            ; |IOTupleDirectInputL4ComponentsOutputModule_TopLevel|iTupleArray0_Item41_L2Flag~corein                     ; combout          ;
; |IOTupleDirectInputL4ComponentsOutputModule_TopLevel|iTupleArray0_Item41_L2Values0                         ; |IOTupleDirectInputL4ComponentsOutputModule_TopLevel|iTupleArray0_Item41_L2Values0~corein                  ; combout          ;
; |IOTupleDirectInputL4ComponentsOutputModule_TopLevel|iTupleArray0_Item41_L2Values1                         ; |IOTupleDirectInputL4ComponentsOutputModule_TopLevel|iTupleArray0_Item41_L2Values1~corein                  ; combout          ;
; |IOTupleDirectInputL4ComponentsOutputModule_TopLevel|iTupleArray1_Item1                                    ; |IOTupleDirectInputL4ComponentsOutputModule_TopLevel|iTupleArray1_Item1~corein                             ; combout          ;
; |IOTupleDirectInputL4ComponentsOutputModule_TopLevel|iTupleArray1_Item2[0]                                 ; |IOTupleDirectInputL4ComponentsOutputModule_TopLevel|iTupleArray1_Item2[0]~corein                          ; combout          ;
; |IOTupleDirectInputL4ComponentsOutputModule_TopLevel|iTupleArray1_Item2[1]                                 ; |IOTupleDirectInputL4ComponentsOutputModule_TopLevel|iTupleArray1_Item2[1]~corein                          ; combout          ;
; |IOTupleDirectInputL4ComponentsOutputModule_TopLevel|iTupleArray1_Item2[2]                                 ; |IOTupleDirectInputL4ComponentsOutputModule_TopLevel|iTupleArray1_Item2[2]~corein                          ; combout          ;
; |IOTupleDirectInputL4ComponentsOutputModule_TopLevel|iTupleArray1_Item2[3]                                 ; |IOTupleDirectInputL4ComponentsOutputModule_TopLevel|iTupleArray1_Item2[3]~corein                          ; combout          ;
; |IOTupleDirectInputL4ComponentsOutputModule_TopLevel|iTupleArray1_Item3_L1Flag                             ; |IOTupleDirectInputL4ComponentsOutputModule_TopLevel|iTupleArray1_Item3_L1Flag~corein                      ; combout          ;
; |IOTupleDirectInputL4ComponentsOutputModule_TopLevel|iTupleArray1_Item3_L2_L2Flag                          ; |IOTupleDirectInputL4ComponentsOutputModule_TopLevel|iTupleArray1_Item3_L2_L2Flag~corein                   ; combout          ;
; |IOTupleDirectInputL4ComponentsOutputModule_TopLevel|iTupleArray1_Item3_L2_L2Values0                       ; |IOTupleDirectInputL4ComponentsOutputModule_TopLevel|iTupleArray1_Item3_L2_L2Values0~corein                ; combout          ;
; |IOTupleDirectInputL4ComponentsOutputModule_TopLevel|iTupleArray1_Item3_L2_L2Values1                       ; |IOTupleDirectInputL4ComponentsOutputModule_TopLevel|iTupleArray1_Item3_L2_L2Values1~corein                ; combout          ;
; |IOTupleDirectInputL4ComponentsOutputModule_TopLevel|iTupleArray1_Item3_L2Array0_L2Flag                    ; |IOTupleDirectInputL4ComponentsOutputModule_TopLevel|iTupleArray1_Item3_L2Array0_L2Flag~corein             ; combout          ;
; |IOTupleDirectInputL4ComponentsOutputModule_TopLevel|iTupleArray1_Item3_L2Array0_L2Values0[0]              ; |IOTupleDirectInputL4ComponentsOutputModule_TopLevel|iTupleArray1_Item3_L2Array0_L2Values0[0]~corein       ; combout          ;
; |IOTupleDirectInputL4ComponentsOutputModule_TopLevel|iTupleArray1_Item3_L2Array0_L2Values0[1]              ; |IOTupleDirectInputL4ComponentsOutputModule_TopLevel|iTupleArray1_Item3_L2Array0_L2Values0[1]~corein       ; combout          ;
; |IOTupleDirectInputL4ComponentsOutputModule_TopLevel|iTupleArray1_Item3_L2Array0_L2Values0[2]              ; |IOTupleDirectInputL4ComponentsOutputModule_TopLevel|iTupleArray1_Item3_L2Array0_L2Values0[2]~corein       ; combout          ;
; |IOTupleDirectInputL4ComponentsOutputModule_TopLevel|iTupleArray1_Item3_L2Array0_L2Values1[0]              ; |IOTupleDirectInputL4ComponentsOutputModule_TopLevel|iTupleArray1_Item3_L2Array0_L2Values1[0]~corein       ; combout          ;
; |IOTupleDirectInputL4ComponentsOutputModule_TopLevel|iTupleArray1_Item3_L2Array0_L2Values1[1]              ; |IOTupleDirectInputL4ComponentsOutputModule_TopLevel|iTupleArray1_Item3_L2Array0_L2Values1[1]~corein       ; combout          ;
; |IOTupleDirectInputL4ComponentsOutputModule_TopLevel|iTupleArray1_Item3_L2Array0_L2Values1[2]              ; |IOTupleDirectInputL4ComponentsOutputModule_TopLevel|iTupleArray1_Item3_L2Array0_L2Values1[2]~corein       ; combout          ;
; |IOTupleDirectInputL4ComponentsOutputModule_TopLevel|iTupleArray1_Item3_L2Array1_L2Flag                    ; |IOTupleDirectInputL4ComponentsOutputModule_TopLevel|iTupleArray1_Item3_L2Array1_L2Flag~corein             ; combout          ;
; |IOTupleDirectInputL4ComponentsOutputModule_TopLevel|iTupleArray1_Item3_L2Array1_L2Values0[0]              ; |IOTupleDirectInputL4ComponentsOutputModule_TopLevel|iTupleArray1_Item3_L2Array1_L2Values0[0]~corein       ; combout          ;
; |IOTupleDirectInputL4ComponentsOutputModule_TopLevel|iTupleArray1_Item3_L2Array1_L2Values0[1]              ; |IOTupleDirectInputL4ComponentsOutputModule_TopLevel|iTupleArray1_Item3_L2Array1_L2Values0[1]~corein       ; combout          ;
; |IOTupleDirectInputL4ComponentsOutputModule_TopLevel|iTupleArray1_Item3_L2Array1_L2Values0[2]              ; |IOTupleDirectInputL4ComponentsOutputModule_TopLevel|iTupleArray1_Item3_L2Array1_L2Values0[2]~corein       ; combout          ;
; |IOTupleDirectInputL4ComponentsOutputModule_TopLevel|iTupleArray1_Item3_L2Array1_L2Values1[0]              ; |IOTupleDirectInputL4ComponentsOutputModule_TopLevel|iTupleArray1_Item3_L2Array1_L2Values1[0]~corein       ; combout          ;
; |IOTupleDirectInputL4ComponentsOutputModule_TopLevel|iTupleArray1_Item3_L2Array1_L2Values1[1]              ; |IOTupleDirectInputL4ComponentsOutputModule_TopLevel|iTupleArray1_Item3_L2Array1_L2Values1[1]~corein       ; combout          ;
; |IOTupleDirectInputL4ComponentsOutputModule_TopLevel|iTupleArray1_Item3_L2Array1_L2Values1[2]              ; |IOTupleDirectInputL4ComponentsOutputModule_TopLevel|iTupleArray1_Item3_L2Array1_L2Values1[2]~corein       ; combout          ;
; |IOTupleDirectInputL4ComponentsOutputModule_TopLevel|iTupleArray1_Item3_L2Tuple_Item1[0]                   ; |IOTupleDirectInputL4ComponentsOutputModule_TopLevel|iTupleArray1_Item3_L2Tuple_Item1[0]~corein            ; combout          ;
; |IOTupleDirectInputL4ComponentsOutputModule_TopLevel|iTupleArray1_Item3_L2Tuple_Item1[1]                   ; |IOTupleDirectInputL4ComponentsOutputModule_TopLevel|iTupleArray1_Item3_L2Tuple_Item1[1]~corein            ; combout          ;
; |IOTupleDirectInputL4ComponentsOutputModule_TopLevel|iTupleArray1_Item3_L2Tuple_Item1[2]                   ; |IOTupleDirectInputL4ComponentsOutputModule_TopLevel|iTupleArray1_Item3_L2Tuple_Item1[2]~corein            ; combout          ;
; |IOTupleDirectInputL4ComponentsOutputModule_TopLevel|iTupleArray1_Item3_L2Tuple_Item1[3]                   ; |IOTupleDirectInputL4ComponentsOutputModule_TopLevel|iTupleArray1_Item3_L2Tuple_Item1[3]~corein            ; combout          ;
; |IOTupleDirectInputL4ComponentsOutputModule_TopLevel|iTupleArray1_Item3_L2Tuple_Item1[4]                   ; |IOTupleDirectInputL4ComponentsOutputModule_TopLevel|iTupleArray1_Item3_L2Tuple_Item1[4]~corein            ; combout          ;
; |IOTupleDirectInputL4ComponentsOutputModule_TopLevel|iTupleArray1_Item3_L2Tuple_Item1[5]                   ; |IOTupleDirectInputL4ComponentsOutputModule_TopLevel|iTupleArray1_Item3_L2Tuple_Item1[5]~corein            ; combout          ;
; |IOTupleDirectInputL4ComponentsOutputModule_TopLevel|iTupleArray1_Item3_L2Tuple_Item1[6]                   ; |IOTupleDirectInputL4ComponentsOutputModule_TopLevel|iTupleArray1_Item3_L2Tuple_Item1[6]~corein            ; combout          ;
; |IOTupleDirectInputL4ComponentsOutputModule_TopLevel|iTupleArray1_Item3_L2Tuple_Item1[7]                   ; |IOTupleDirectInputL4ComponentsOutputModule_TopLevel|iTupleArray1_Item3_L2Tuple_Item1[7]~corein            ; combout          ;
; |IOTupleDirectInputL4ComponentsOutputModule_TopLevel|iTupleArray1_Item3_L2Tuple_Item2_L2Flag               ; |IOTupleDirectInputL4ComponentsOutputModule_TopLevel|iTupleArray1_Item3_L2Tuple_Item2_L2Flag~corein        ; combout          ;
; |IOTupleDirectInputL4ComponentsOutputModule_TopLevel|iTupleArray1_Item3_L2Tuple_Item2_L2Values0            ; |IOTupleDirectInputL4ComponentsOutputModule_TopLevel|iTupleArray1_Item3_L2Tuple_Item2_L2Values0~corein     ; combout          ;
; |IOTupleDirectInputL4ComponentsOutputModule_TopLevel|iTupleArray1_Item3_L2Tuple_Item2_L2Values1            ; |IOTupleDirectInputL4ComponentsOutputModule_TopLevel|iTupleArray1_Item3_L2Tuple_Item2_L2Values1~corein     ; combout          ;
; |IOTupleDirectInputL4ComponentsOutputModule_TopLevel|iTupleArray1_Item3_L2Tuple_Item30_L2Flag              ; |IOTupleDirectInputL4ComponentsOutputModule_TopLevel|iTupleArray1_Item3_L2Tuple_Item30_L2Flag~corein       ; combout          ;
; |IOTupleDirectInputL4ComponentsOutputModule_TopLevel|iTupleArray1_Item3_L2Tuple_Item30_L2Values0[0]        ; |IOTupleDirectInputL4ComponentsOutputModule_TopLevel|iTupleArray1_Item3_L2Tuple_Item30_L2Values0[0]~corein ; combout          ;
; |IOTupleDirectInputL4ComponentsOutputModule_TopLevel|iTupleArray1_Item3_L2Tuple_Item30_L2Values0[1]        ; |IOTupleDirectInputL4ComponentsOutputModule_TopLevel|iTupleArray1_Item3_L2Tuple_Item30_L2Values0[1]~corein ; combout          ;
; |IOTupleDirectInputL4ComponentsOutputModule_TopLevel|iTupleArray1_Item3_L2Tuple_Item30_L2Values0[2]        ; |IOTupleDirectInputL4ComponentsOutputModule_TopLevel|iTupleArray1_Item3_L2Tuple_Item30_L2Values0[2]~corein ; combout          ;
; |IOTupleDirectInputL4ComponentsOutputModule_TopLevel|iTupleArray1_Item3_L2Tuple_Item30_L2Values1[0]        ; |IOTupleDirectInputL4ComponentsOutputModule_TopLevel|iTupleArray1_Item3_L2Tuple_Item30_L2Values1[0]~corein ; combout          ;
; |IOTupleDirectInputL4ComponentsOutputModule_TopLevel|iTupleArray1_Item3_L2Tuple_Item30_L2Values1[1]        ; |IOTupleDirectInputL4ComponentsOutputModule_TopLevel|iTupleArray1_Item3_L2Tuple_Item30_L2Values1[1]~corein ; combout          ;
; |IOTupleDirectInputL4ComponentsOutputModule_TopLevel|iTupleArray1_Item3_L2Tuple_Item30_L2Values1[2]        ; |IOTupleDirectInputL4ComponentsOutputModule_TopLevel|iTupleArray1_Item3_L2Tuple_Item30_L2Values1[2]~corein ; combout          ;
; |IOTupleDirectInputL4ComponentsOutputModule_TopLevel|iTupleArray1_Item3_L2Tuple_Item31_L2Flag              ; |IOTupleDirectInputL4ComponentsOutputModule_TopLevel|iTupleArray1_Item3_L2Tuple_Item31_L2Flag~corein       ; combout          ;
; |IOTupleDirectInputL4ComponentsOutputModule_TopLevel|iTupleArray1_Item3_L2Tuple_Item31_L2Values0[0]        ; |IOTupleDirectInputL4ComponentsOutputModule_TopLevel|iTupleArray1_Item3_L2Tuple_Item31_L2Values0[0]~corein ; combout          ;
; |IOTupleDirectInputL4ComponentsOutputModule_TopLevel|iTupleArray1_Item3_L2Tuple_Item31_L2Values0[1]        ; |IOTupleDirectInputL4ComponentsOutputModule_TopLevel|iTupleArray1_Item3_L2Tuple_Item31_L2Values0[1]~corein ; combout          ;
; |IOTupleDirectInputL4ComponentsOutputModule_TopLevel|iTupleArray1_Item3_L2Tuple_Item31_L2Values0[2]        ; |IOTupleDirectInputL4ComponentsOutputModule_TopLevel|iTupleArray1_Item3_L2Tuple_Item31_L2Values0[2]~corein ; combout          ;
; |IOTupleDirectInputL4ComponentsOutputModule_TopLevel|iTupleArray1_Item3_L2Tuple_Item31_L2Values1[0]        ; |IOTupleDirectInputL4ComponentsOutputModule_TopLevel|iTupleArray1_Item3_L2Tuple_Item31_L2Values1[0]~corein ; combout          ;
; |IOTupleDirectInputL4ComponentsOutputModule_TopLevel|iTupleArray1_Item3_L2Tuple_Item31_L2Values1[1]        ; |IOTupleDirectInputL4ComponentsOutputModule_TopLevel|iTupleArray1_Item3_L2Tuple_Item31_L2Values1[1]~corein ; combout          ;
; |IOTupleDirectInputL4ComponentsOutputModule_TopLevel|iTupleArray1_Item3_L2Tuple_Item31_L2Values1[2]        ; |IOTupleDirectInputL4ComponentsOutputModule_TopLevel|iTupleArray1_Item3_L2Tuple_Item31_L2Values1[2]~corein ; combout          ;
; |IOTupleDirectInputL4ComponentsOutputModule_TopLevel|iTupleArray1_Item40_L2Flag                            ; |IOTupleDirectInputL4ComponentsOutputModule_TopLevel|iTupleArray1_Item40_L2Flag~corein                     ; combout          ;
; |IOTupleDirectInputL4ComponentsOutputModule_TopLevel|iTupleArray1_Item40_L2Values0                         ; |IOTupleDirectInputL4ComponentsOutputModule_TopLevel|iTupleArray1_Item40_L2Values0~corein                  ; combout          ;
; |IOTupleDirectInputL4ComponentsOutputModule_TopLevel|iTupleArray1_Item40_L2Values1                         ; |IOTupleDirectInputL4ComponentsOutputModule_TopLevel|iTupleArray1_Item40_L2Values1~corein                  ; combout          ;
; |IOTupleDirectInputL4ComponentsOutputModule_TopLevel|iTupleArray1_Item41_L2Flag                            ; |IOTupleDirectInputL4ComponentsOutputModule_TopLevel|iTupleArray1_Item41_L2Flag~corein                     ; combout          ;
; |IOTupleDirectInputL4ComponentsOutputModule_TopLevel|iTupleArray1_Item41_L2Values0                         ; |IOTupleDirectInputL4ComponentsOutputModule_TopLevel|iTupleArray1_Item41_L2Values0~corein                  ; combout          ;
; |IOTupleDirectInputL4ComponentsOutputModule_TopLevel|iTupleArray1_Item41_L2Values1                         ; |IOTupleDirectInputL4ComponentsOutputModule_TopLevel|iTupleArray1_Item41_L2Values1~corein                  ; combout          ;
+------------------------------------------------------------------------------------------------------------+------------------------------------------------------------------------------------------------------------+------------------+


The following table displays output ports that do not toggle to 1 during simulation.
+-------------------------------------------------+
; Missing 1-Value Coverage                        ;
+-----------+------------------+------------------+
; Node Name ; Output Port Name ; Output Port Type ;
+-----------+------------------+------------------+


The following table displays output ports that do not toggle to 0 during simulation.
+-------------------------------------------------+
; Missing 0-Value Coverage                        ;
+-----------+------------------+------------------+
; Node Name ; Output Port Name ; Output Port Type ;
+-----------+------------------+------------------+


+---------------------+
; Simulator INI Usage ;
+--------+------------+
; Option ; Usage      ;
+--------+------------+


+--------------------+
; Simulator Messages ;
+--------------------+
Info: *******************************************************************
Info: Running Quartus II Simulator
    Info: Version 9.1 Build 350 03/24/2010 Service Pack 2 SJ Web Edition
    Info: Copyright (C) 1991-2010 Altera Corporation. All rights reserved.
    Info: Your use of Altera Corporation's design tools, logic functions 
    Info: and other software and tools, and its AMPP partner logic 
    Info: functions, and any output files from any of the foregoing 
    Info: (including device programming or simulation files), and any 
    Info: associated documentation or information are expressly subject 
    Info: to the terms and conditions of the Altera Program License 
    Info: Subscription Agreement, Altera MegaCore Function License 
    Info: Agreement, or other applicable license agreement, including, 
    Info: without limitation, that your use is for the sole purpose of 
    Info: programming logic devices manufactured by Altera and sold by 
    Info: Altera or its authorized distributors.  Please refer to the 
    Info: applicable agreement for further details.
    Info: Processing started: Tue Apr 25 21:42:28 2023
Info: Command: quartus_sim C:\code\qusoc\rtl\rtl.hdl\VHDL.qpf --read_settings_files=on --write_settings_files=off -c VHDL
Info: Using vector source file "Waveforms/IOTupleSameClock.vwf"
Info: Overwriting simulation input file with simulation results
    Info: A backup of IOTupleSameClock.vwf called VHDL.sim_ori.vwf has been created in the db folder
Info: Option to preserve fewer signal transitions to reduce memory requirements is enabled
    Info: Simulation has been partitioned into sub-simulations according to the maximum transition count determined by the engine. Transitions from memory will be flushed out to disk at the end of each sub-simulation to reduce memory requirements.
Info: Simulation partitioned into 1 sub-simulations
Info: Simulation coverage is     100.00 %
Info: Number of transitions in simulation is 672
Info: Vector file IOTupleSameClock.vwf is saved in VWF text format. You can compress it into CVWF format in order to reduce file size. For more details please refer to the Quartus II Help.
Info: Quartus II Simulator was successful. 0 errors, 0 warnings
    Info: Peak virtual memory: 162 megabytes
    Info: Processing ended: Tue Apr 25 21:42:29 2023
    Info: Elapsed time: 00:00:01
    Info: Total CPU time (on all processors): 00:00:02


