
Memory Configuration

Name             Origin             Length             Attributes
RAM              0x0000000000000000 0x0000000000008000 xrw
*default*        0x0000000000000000 0xffffffffffffffff

Linker script and memory map


.text           0x0000000000000000       0xcc
                0x0000000000000000                . = ALIGN (0x4)
 *(.text)
 .text          0x0000000000000000        0xc /tmp/ccC2IFDE.o
 .text          0x000000000000000c       0x30 /tmp/ccVf0NHN.o
                0x000000000000000c                AXISoCQuadCore::CPU0::EntryPoint()
 .text          0x000000000000003c       0x28 /tmp/ccUlL4OW.o
                0x000000000000003c                main
 *(.text*)
 *(.rodata)
 *(.rodata*)
 *(.srodata)
 *(.srodata*)
 *(.eh_frame)
 .eh_frame      0x0000000000000064       0x30 /tmp/ccVf0NHN.o
 .eh_frame      0x0000000000000094       0x38 /tmp/ccUlL4OW.o
 *(.eh_frame*)
                0x00000000000000cc                . = ALIGN (0x4)
                0x00000000000000cc                _etext = .
                0x00000000000000cc                _sidata = _etext

.data           0x00000000000000cc        0x0
                0x00000000000000cc                . = ALIGN (0x4)
                0x00000000000000cc                _sdata = .
                0x00000000000000cc                _ram_start = .
 *(.data)
 .data          0x00000000000000cc        0x0 /tmp/ccC2IFDE.o
 .data          0x00000000000000cc        0x0 /tmp/ccVf0NHN.o
 .data          0x00000000000000cc        0x0 /tmp/ccUlL4OW.o
 *(.data*)
 *(.sdata)
 *(.sdata*)
 *(.init_array)
 *(.init_array*)
                0x00000000000000cc                . = ALIGN (0x4)
                0x00000000000000cc                _edata = .

.bss            0x00000000000000cc        0x0
                0x00000000000000cc                . = ALIGN (0x4)
                0x00000000000000cc                _sbss = .
 *(.bss)
 .bss           0x00000000000000cc        0x0 /tmp/ccC2IFDE.o
 .bss           0x00000000000000cc        0x0 /tmp/ccVf0NHN.o
 .bss           0x00000000000000cc        0x0 /tmp/ccUlL4OW.o
 *(.bss*)
 *(.sbss)
 *(.sbss*)
 *(COMMON)
                0x00000000000000cc                . = ALIGN (0x4)
                0x00000000000000cc                _ebss = .

.heap           0x00000000000000cc        0x0
                0x00000000000000cc                . = ALIGN (0x4)
                0x00000000000000cc                _heap_start = .
LOAD /tmp/ccC2IFDE.o
LOAD /tmp/ccVf0NHN.o
LOAD /tmp/ccUlL4OW.o
OUTPUT(firmware.elf elf32-littleriscv)

.comment        0x0000000000000000       0x11
 .comment       0x0000000000000000       0x11 /tmp/ccVf0NHN.o
                                         0x12 (size before relaxing)
 .comment       0x0000000000000011       0x12 /tmp/ccUlL4OW.o

Cross Reference Table

Symbol                                            File
AXISoCQuadCore::CPU0::EntryPoint()                /tmp/ccVf0NHN.o
                                                  /tmp/ccUlL4OW.o
main                                              /tmp/ccUlL4OW.o
                                                  /tmp/ccC2IFDE.o
