
Memory Configuration

Name             Origin             Length             Attributes
RAM              0x0000000000000000 0x0000000000008000 xrw
*default*        0x0000000000000000 0xffffffffffffffff

Linker script and memory map


.text           0x0000000000000000      0x104
                0x0000000000000000                . = ALIGN (0x4)
 *(.text)
 .text          0x0000000000000000        0xc /tmp/ccgtEfpo.o
 .text          0x000000000000000c       0x68 /tmp/ccVZzg1H.o
                0x000000000000000c                AXISoCQuadCore::CPU0::EntryPoint()
 .text          0x0000000000000074       0x28 /tmp/ccI6XVE1.o
                0x0000000000000074                main
 *(.text*)
 *(.rodata)
 *(.rodata*)
 *(.srodata)
 *(.srodata*)
 *(.eh_frame)
 .eh_frame      0x000000000000009c       0x30 /tmp/ccVZzg1H.o
 .eh_frame      0x00000000000000cc       0x38 /tmp/ccI6XVE1.o
 *(.eh_frame*)
                0x0000000000000104                . = ALIGN (0x4)
                0x0000000000000104                _etext = .
                0x0000000000000104                _sidata = _etext

.data           0x0000000000000104        0x0
                0x0000000000000104                . = ALIGN (0x4)
                0x0000000000000104                _sdata = .
                0x0000000000000104                _ram_start = .
 *(.data)
 .data          0x0000000000000104        0x0 /tmp/ccgtEfpo.o
 .data          0x0000000000000104        0x0 /tmp/ccVZzg1H.o
 .data          0x0000000000000104        0x0 /tmp/ccI6XVE1.o
 *(.data*)
 *(.sdata)
 *(.sdata*)
 *(.init_array)
 *(.init_array*)
                0x0000000000000104                . = ALIGN (0x4)
                0x0000000000000104                _edata = .

.bss            0x0000000000000104        0x0
                0x0000000000000104                . = ALIGN (0x4)
                0x0000000000000104                _sbss = .
 *(.bss)
 .bss           0x0000000000000104        0x0 /tmp/ccgtEfpo.o
 .bss           0x0000000000000104        0x0 /tmp/ccVZzg1H.o
 .bss           0x0000000000000104        0x0 /tmp/ccI6XVE1.o
 *(.bss*)
 *(.sbss)
 *(.sbss*)
 *(COMMON)
                0x0000000000000104                . = ALIGN (0x4)
                0x0000000000000104                _ebss = .

.heap           0x0000000000000104        0x0
                0x0000000000000104                . = ALIGN (0x4)
                0x0000000000000104                _heap_start = .
LOAD /tmp/ccgtEfpo.o
LOAD /tmp/ccVZzg1H.o
LOAD /tmp/ccI6XVE1.o
OUTPUT(firmware.elf elf32-littleriscv)

.comment        0x0000000000000000       0x11
 .comment       0x0000000000000000       0x11 /tmp/ccVZzg1H.o
                                         0x12 (size before relaxing)
 .comment       0x0000000000000011       0x12 /tmp/ccI6XVE1.o

Cross Reference Table

Symbol                                            File
AXISoCQuadCore::CPU0::EntryPoint()                /tmp/ccVZzg1H.o
                                                  /tmp/ccI6XVE1.o
main                                              /tmp/ccI6XVE1.o
                                                  /tmp/ccgtEfpo.o
